ABCDEFGHIJKLMNOPQRSTUVWXYZabcdefghijklmnopqrstuvwxyzªµºÀÁÂÃÄÅÆÇÈÉÊËÌÍÎÏÐÑÒÓÔÕÖ
ØÙÚÛÜÝÞßàáâãäåæçèéêëìíîïðñòóôõöøùúûüýþÿĀāĂăĄąĆćĈĉĊċČčĎďĐđĒēĔĕĖėĘęĚěĜĝĞğĠġĢģĤĥĦħ
ĨĩĪīĬĭĮįİıĲĳĴĵĶķĸĹĺĻļĽľĿŀŁłŃńŅņŇňŉŊŋŌōŎŏŐőŒœŔŕŖŗŘřŚśŜŝŞşŠšŢţŤťŦŧŨũŪūŬŭŮůŰűŲųŴŵŶ
ŷŸŹźŻżŽžſƀƁƂƃƄƅƆƇƈƉƊƋƌƍƎƏƐƑƒƓƔƕƖƗƘƙƚƛƜƝƞƟƠơƢƣƤƥƦƧƨƩƪƫƬƭƮƯưƱƲƳƴƵƶƷƸƹƺƻƼƽƾƿǀǁǂǃǄǅ
ǆǇǈǉǊǋǌǍǎǏǐǑǒǓǔǕǖǗǘǙǚǛǜǝǞǟǠǡǢǣǤǥǦǧǨǩǪǫǬǭǮǯǰǱǲǳǴǵǶǷǸǹǺǻǼǽǾǿȀȁȂȃȄȅȆȇȈȉȊȋȌȍȎȏȐȑȒȓȔ
ȕȖȗȘșȚțȜȝȞȟȠȡȢȣȤȥȦȧȨȩȪȫȬȭȮȯȰȱȲȳȴȵȶȷȸȹȺȻȼȽȾȿɀɁɂɃɄɅɆɇɈɉɊɋɌɍɎɏɐɑɒɓɔɕɖɗɘəɚɛɜɝɞɟɠɡɢɣ
ɤɥɦɧɨɩɪɫɬɭɮɯɰɱɲɳɴɵɶɷɸɹɺɻɼɽɾɿʀʁʂʃʄʅʆʇʈʉʊʋʌʍʎʏʐʑʒʓʔʕʖʗʘʙʚʛʜʝʞʟʠʡʢʣʤʥʦʧʨʩʪʫʬʭʮʯʰʱʲ
ʳʴʵʶʷʸʹʺʻʼʽʾʿˀˁˆˇˈˉˊˋˌˍˎˏːˑˠˡˢˣˤˬˮͰͱͲͳʹͶͷͺͻͼͽͿΆΈΉΊΌΎΏΐΑΒΓΔΕΖΗΘΙΚΛΜΝΞΟΠΡΣΤΥΦΧΨΩΪ
ΫάέήίΰαβγδεζηθικλμνξοπρςστυφχψωϊϋόύώϏϐϑϒϓϔϕϖϗϘϙϚϛϜϝϞϟϠϡϢϣϤϥϦϧϨϩϪϫϬϭϮϯϰϱϲϳϴϵϷϸϹϺ
ϻϼϽϾϿЀЁЂЃЄЅІЇЈЉЊЋЌЍЎЏАБВГДЕЖЗИЙКЛМНОПРСТУФХЦЧШЩЪЫЬЭЮЯабвгдежзийклмнопрстуфхцчшщ
ъыьэюяѐёђѓєѕіїјљњћќѝўџѠѡѢѣѤѥѦѧѨѩѪѫѬѭѮѯѰѱѲѳѴѵѶѷѸѹѺѻѼѽѾѿҀҁҊҋҌҍҎҏҐґҒғҔҕҖҗҘҙҚқҜҝҞҟҠ
ҡҢңҤҥҦҧҨҩҪҫҬҭҮүҰұҲҳҴҵҶҷҸҹҺһҼҽҾҿӀӁӂӃӄӅӆӇӈӉӊӋӌӍӎӏӐӑӒӓӔӕӖӗӘәӚӛӜӝӞӟӠӡӢӣӤӥӦӧӨөӪӫӬӭӮӯ
ӰӱӲӳӴӵӶӷӸӹӺӻӼӽӾӿԀԁԂԃԄԅԆԇԈԉԊԋԌԍԎԏԐԑԒԓԔԕԖԗԘԙԚԛԜԝԞԟԠԡԢԣԤԥԦԧԨԩԪԫԬԭԮԯԱԲԳԴԵԶԷԸԹԺԻԼԽԾԿ
ՀՁՂՃՄՅՆՇՈՉՊՋՌՍՎՏՐՑՒՓՔՕՖՙՠաբգդեզէըթժիլխծկհձղճմյնշոչպջռսվտրցւփքօֆևֈאבגדהוזחטיךכלם
מןנסעףפץצקרשתׯװױײؠءآأؤإئابةتثجحخدذرزسشصضطظعغػؼؽؾؿـفقكلمنهوىيٮٯٱٲٳٴٵٶٷٸٹٺٻټٽپٿڀځ
ڂڃڄڅچڇڈډڊڋڌڍڎڏڐڑڒړڔڕږڗژڙښڛڜڝڞڟڠڡڢڣڤڥڦڧڨکڪګڬڭڮگڰڱڲڳڴڵڶڷڸڹںڻڼڽھڿۀہۂۃۄۅۆۇۈۉۊۋیۍێۏې
ۑےۓەۥۦۮۯۺۻۼۿܐܒܓܔܕܖܗܘܙܚܛܜܝܞܟܠܡܢܣܤܥܦܧܨܩܪܫܬܭܮܯݍݎݏݐݑݒݓݔݕݖݗݘݙݚݛݜݝݞݟݠݡݢݣݤݥݦݧݨݩݪݫݬݭݮݯݰ
ݱݲݳݴݵݶݷݸݹݺݻݼݽݾݿހށނރބޅކއވމފދތލގޏސޑޒޓޔޕޖޗޘޙޚޛޜޝޞޟޠޡޢޣޤޥޱߊߋߌߍߎߏߐߑߒߓߔߕߖߗߘߙߚߛߜߝߞߟߠߡߢ
ߣߤߥߦߧߨߩߪߴߵߺࠀࠁࠂࠃࠄࠅࠆࠇࠈࠉࠊࠋࠌࠍࠎࠏࠐࠑࠒࠓࠔࠕࠚࠤࠨࡀࡁࡂࡃࡄࡅࡆࡇࡈࡉࡊࡋࡌࡍࡎࡏࡐࡑࡒࡓࡔࡕࡖࡗࡘࡠࡡࡢࡣࡤࡥࡦࡧࡨࡩࡪࢠࢡࢢࢣࢤࢥࢦ
ࢧࢨࢩࢪࢫࢬࢭࢮࢯࢰࢱࢲࢳࢴࢶࢷࢸࢹࢺࢻࢼࢽऄअआइईउऊऋऌऍऎएऐऑऒओऔकखगघङचछजझञटठडढणतथदधनऩपफबभमयरऱलळऴवशषसहऽॐक़
ख़ग़ज़ड़ढ़फ़य़ॠॡॱॲॳॴॵॶॷॸॹॺॻॼॽॾॿঀঅআইঈউঊঋঌএঐওঔকখগঘঙচছজঝঞটঠডঢণতথদধনপফবভমযরলশষসহঽৎড়ঢ়য়ৠৡৰৱৼ
ਅਆਇਈਉਊਏਐਓਔਕਖਗਘਙਚਛਜਝਞਟਠਡਢਣਤਥਦਧਨਪਫਬਭਮਯਰਲਲ਼ਵਸ਼ਸਹਖ਼ਗ਼ਜ਼ੜਫ਼ੲੳੴઅઆઇઈઉઊઋઌઍએઐઑઓઔકખગઘઙચછજઝઞટઠડઢ
ણતથદધનપફબભમયરલળવશષસહઽૐૠૡૹଅଆଇଈଉଊଋଌଏଐଓଔକଖଗଘଙଚଛଜଝଞଟଠଡଢଣତଥଦଧନପଫବଭମଯରଲଳଵଶଷସହଽଡ଼ଢ଼ୟୠୡୱஃ
அஆஇஈஉஊஎஏஐஒஓஔகஙசஜஞடணதநனபமயரறலளழவஶஷஸஹௐఅఆఇఈఉఊఋఌఎఏఐఒఓఔకఖగఘఙచఛజఝఞటఠడఢణతథదధనపఫబభమయరఱల
ళఴవశషసహఽౘౙౚౠౡಀಅಆಇಈಉಊಋಌಎಏಐಒಓಔಕಖಗಘಙಚಛಜಝಞಟಠಡಢಣತಥದಧನಪಫಬಭಮಯರಱಲಳವಶಷಸಹಽೞೠೡೱೲഅആഇഈഉഊഋഌഎഏ
ഐഒഓഔകഖഗഘങചഛജഝഞടഠഡഢണതഥദധനഩപഫബഭമയരറലളഴവശഷസഹഺഽൎൔൕൖൟൠൡൺൻർൽൾൿඅආඇඈඉඊඋඌඍඎඏඐඑඒඓඔඕඖකඛගඝඞ
ඟචඡජඣඤඥඦටඨඩඪණඬතථදධනඳපඵබභමඹයරලවශෂසහළෆกขฃคฅฆงจฉชซฌญฎฏฐฑฒณดตถทธนบปผฝพฟภมยรฤลฦวศษสห
ฬอฮฯะาำเแโใไๅๆກຂຄຆງຈຉຊຌຍຎຏຐຑຒຓດຕຖທຘນບປຜຝພຟຠມຢຣລວຨຩສຫຬອຮຯະາຳຽເແໂໃໄໆໜໝໞໟༀཀཁགགྷངཅཆཇ
ཉཊཋཌཌྷཎཏཐདདྷནཔཕབབྷམཙཚཛཛྷཝཞཟའཡརལཤཥསཧཨཀྵཪཫཬྈྉྊྋྌကခဂဃငစဆဇဈဉညဋဌဍဎဏတထဒဓနပဖဗဘမယရလဝသဟဠအဢဣဤဥ
ဦဧဨဩဪဿၐၑၒၓၔၕၚၛၜၝၡၥၦၮၯၰၵၶၷၸၹၺၻၼၽၾၿႀႁႎႠႡႢႣႤႥႦႧႨႩႪႫႬႭႮႯႰႱႲႳႴႵႶႷႸႹႺႻႼႽႾႿჀჁჂჃჄჅჇჍაბგ
დევზთიკლმნოპჟრსტუფქღყშჩცძწჭხჯჰჱჲჳჴჵჶჷჸჹჺჼჽჾჿᄀᄁᄂᄃᄄᄅᄆᄇᄈᄉᄊᄋᄌᄍᄎᄏᄐᄑᄒᄓᄔᄕᄖᄗᄘᄙᄚᄛᄜᄝᄞᄟᄠᄡᄢ
ᄣᄤᄥᄦᄧᄨᄩᄪᄫᄬᄭᄮᄯᄰᄱᄲᄳᄴᄵᄶᄷᄸᄹᄺᄻᄼᄽᄾᄿᅀᅁᅂᅃᅄᅅᅆᅇᅈᅉᅊᅋᅌᅍᅎᅏᅐᅑᅒᅓᅔᅕᅖᅗᅘᅙᅚᅛᅜᅝᅞᅟᅠᅡᅢᅣᅤᅥᅦᅧᅨᅩᅪᅫᅬᅭᅮᅯᅰᅱ
ᅲᅳᅴᅵᅶᅷᅸᅹᅺᅻᅼᅽᅾᅿᆀᆁᆂᆃᆄᆅᆆᆇᆈᆉᆊᆋᆌᆍᆎᆏᆐᆑᆒᆓᆔᆕᆖᆗᆘᆙᆚᆛᆜᆝᆞᆟᆠᆡᆢᆣᆤᆥᆦᆧᆨᆩᆪᆫᆬᆭᆮᆯᆰᆱᆲᆳᆴᆵᆶᆷᆸᆹᆺᆻᆼᆽᆾᆿᇀ
ᇁᇂᇃᇄᇅᇆᇇᇈᇉᇊᇋᇌᇍᇎᇏᇐᇑᇒᇓᇔᇕᇖᇗᇘᇙᇚᇛᇜᇝᇞᇟᇠᇡᇢᇣᇤᇥᇦᇧᇨᇩᇪᇫᇬᇭᇮᇯᇰᇱᇲᇳᇴᇵᇶᇷᇸᇹᇺᇻᇼᇽᇾᇿሀሁሂሃሄህሆሇለሉሊላሌልሎሏ
ሐሑሒሓሔሕሖሗመሙሚማሜምሞሟሠሡሢሣሤሥሦሧረሩሪራሬርሮሯሰሱሲሳሴስሶሷሸሹሺሻሼሽሾሿቀቁቂቃቄቅቆቇቈቊቋቌቍቐቑቒቓቔቕቖቘቚቛቜቝበቡቢባቤብ
ቦቧቨቩቪቫቬቭቮቯተቱቲታቴትቶቷቸቹቺቻቼችቾቿኀኁኂኃኄኅኆኇኈኊኋኌኍነኑኒናኔንኖኗኘኙኚኛኜኝኞኟአኡኢኣኤእኦኧከኩኪካኬክኮኯኰኲኳኴኵኸኹኺ
ኻኼኽኾዀዂዃዄዅወዉዊዋዌውዎዏዐዑዒዓዔዕዖዘዙዚዛዜዝዞዟዠዡዢዣዤዥዦዧየዩዪያዬይዮዯደዱዲዳዴድዶዷዸዹዺዻዼዽዾዿጀጁጂጃጄጅጆጇገጉጊጋጌግጎ
ጏጐጒጓጔጕጘጙጚጛጜጝጞጟጠጡጢጣጤጥጦጧጨጩጪጫጬጭጮጯጰጱጲጳጴጵጶጷጸጹጺጻጼጽጾጿፀፁፂፃፄፅፆፇፈፉፊፋፌፍፎፏፐፑፒፓፔፕፖፗፘፙፚᎀᎁᎂᎃᎄᎅ
ᎆᎇᎈᎉᎊᎋᎌᎍᎎᎏᎠᎡᎢᎣᎤᎥᎦᎧᎨᎩᎪᎫᎬᎭᎮᎯᎰᎱᎲᎳᎴᎵᎶᎷᎸᎹᎺᎻᎼᎽᎾᎿᏀᏁᏂᏃᏄᏅᏆᏇᏈᏉᏊᏋᏌᏍᏎᏏᏐᏑᏒᏓᏔᏕᏖᏗᏘᏙᏚᏛᏜᏝᏞᏟᏠᏡᏢᏣᏤ
ᏥᏦᏧᏨᏩᏪᏫᏬᏭᏮᏯᏰᏱᏲᏳᏴᏵᏸᏹᏺᏻᏼᏽᐁᐂᐃᐄᐅᐆᐇᐈᐉᐊᐋᐌᐍᐎᐏᐐᐑᐒᐓᐔᐕᐖᐗᐘᐙᐚᐛᐜᐝᐞᐟᐠᐡᐢᐣᐤᐥᐦᐧᐨᐩᐪᐫᐬᐭᐮᐯᐰᐱᐲᐳᐴᐵᐶᐷᐸ
ᐹᐺᐻᐼᐽᐾᐿᑀᑁᑂᑃᑄᑅᑆᑇᑈᑉᑊᑋᑌᑍᑎᑏᑐᑑᑒᑓᑔᑕᑖᑗᑘᑙᑚᑛᑜᑝᑞᑟᑠᑡᑢᑣᑤᑥᑦᑧᑨᑩᑪᑫᑬᑭᑮᑯᑰᑱᑲᑳᑴᑵᑶᑷᑸᑹᑺᑻᑼᑽᑾᑿᒀᒁᒂᒃᒄᒅᒆᒇ
ᒈᒉᒊᒋᒌᒍᒎᒏᒐᒑᒒᒓᒔᒕᒖᒗᒘᒙᒚᒛᒜᒝᒞᒟᒠᒡᒢᒣᒤᒥᒦᒧᒨᒩᒪᒫᒬᒭᒮᒯᒰᒱᒲᒳᒴᒵᒶᒷᒸᒹᒺᒻᒼᒽᒾᒿᓀᓁᓂᓃᓄᓅᓆᓇᓈᓉᓊᓋᓌᓍᓎᓏᓐᓑᓒᓓᓔᓕᓖ
ᓗᓘᓙᓚᓛᓜᓝᓞᓟᓠᓡᓢᓣᓤᓥᓦᓧᓨᓩᓪᓫᓬᓭᓮᓯᓰᓱᓲᓳᓴᓵᓶᓷᓸᓹᓺᓻᓼᓽᓾᓿᔀᔁᔂᔃᔄᔅᔆᔇᔈᔉᔊᔋᔌᔍᔎᔏᔐᔑᔒᔓᔔᔕᔖᔗᔘᔙᔚᔛᔜᔝᔞᔟᔠᔡᔢᔣᔤᔥ
ᔦᔧᔨᔩᔪᔫᔬᔭᔮᔯᔰᔱᔲᔳᔴᔵᔶᔷᔸᔹᔺᔻᔼᔽᔾᔿᕀᕁᕂᕃᕄᕅᕆᕇᕈᕉᕊᕋᕌᕍᕎᕏᕐᕑᕒᕓᕔᕕᕖᕗᕘᕙᕚᕛᕜᕝᕞᕟᕠᕡᕢᕣᕤᕥᕦᕧᕨᕩᕪᕫᕬᕭᕮᕯᕰᕱᕲᕳᕴ
ᕵᕶᕷᕸᕹᕺᕻᕼᕽᕾᕿᖀᖁᖂᖃᖄᖅᖆᖇᖈᖉᖊᖋᖌᖍᖎᖏᖐᖑᖒᖓᖔᖕᖖᖗᖘᖙᖚᖛᖜᖝᖞᖟᖠᖡᖢᖣᖤᖥᖦᖧᖨᖩᖪᖫᖬᖭᖮᖯᖰᖱᖲᖳᖴᖵᖶᖷᖸᖹᖺᖻᖼᖽᖾᖿᗀᗁᗂᗃ
ᗄᗅᗆᗇᗈᗉᗊᗋᗌᗍᗎᗏᗐᗑᗒᗓᗔᗕᗖᗗᗘᗙᗚᗛᗜᗝᗞᗟᗠᗡᗢᗣᗤᗥᗦᗧᗨᗩᗪᗫᗬᗭᗮᗯᗰᗱᗲᗳᗴᗵᗶᗷᗸᗹᗺᗻᗼᗽᗾᗿᘀᘁᘂᘃᘄᘅᘆᘇᘈᘉᘊᘋᘌᘍᘎᘏᘐᘑᘒ
ᘓᘔᘕᘖᘗᘘᘙᘚᘛᘜᘝᘞᘟᘠᘡᘢᘣᘤᘥᘦᘧᘨᘩᘪᘫᘬᘭᘮᘯᘰᘱᘲᘳᘴᘵᘶᘷᘸᘹᘺᘻᘼᘽᘾᘿᙀᙁᙂᙃᙄᙅᙆᙇᙈᙉᙊᙋᙌᙍᙎᙏᙐᙑᙒᙓᙔᙕᙖᙗᙘᙙᙚᙛᙜᙝᙞᙟᙠᙡ
ᙢᙣᙤᙥᙦᙧᙨᙩᙪᙫᙬᙯᙰᙱᙲᙳᙴᙵᙶᙷᙸᙹᙺᙻᙼᙽᙾᙿᚁᚂᚃᚄᚅᚆᚇᚈᚉᚊᚋᚌᚍᚎᚏᚐᚑᚒᚓᚔᚕᚖᚗᚘᚙᚚᚠᚡᚢᚣᚤᚥᚦᚧᚨᚩᚪᚫᚬᚭᚮᚯᚰᚱᚲᚳᚴᚵᚶᚷᚸ
ᚹᚺᚻᚼᚽᚾᚿᛀᛁᛂᛃᛄᛅᛆᛇᛈᛉᛊᛋᛌᛍᛎᛏᛐᛑᛒᛓᛔᛕᛖᛗᛘᛙᛚᛛᛜᛝᛞᛟᛠᛡᛢᛣᛤᛥᛦᛧᛨᛩᛪᛱᛲᛳᛴᛵᛶᛷᛸᜀᜁᜂᜃᜄᜅᜆᜇᜈᜉᜊᜋᜌᜎᜏᜐᜑᜠᜡᜢᜣ
ᜤᜥᜦᜧᜨᜩᜪᜫᜬᜭᜮᜯᜰᜱᝀᝁᝂᝃᝄᝅᝆᝇᝈᝉᝊᝋᝌᝍᝎᝏᝐᝑᝠᝡᝢᝣᝤᝥᝦᝧᝨᝩᝪᝫᝬᝮᝯᝰកខគឃងចឆជឈញដឋឌឍណតថទធនបផពភមយរលវឝឞ
សហឡអឣឤឥឦឧឨឩឪឫឬឭឮឯឰឱឲឳៗៜᠠᠡᠢᠣᠤᠥᠦᠧᠨᠩᠪᠫᠬᠭᠮᠯᠰᠱᠲᠳᠴᠵᠶᠷᠸᠹᠺᠻᠼᠽᠾᠿᡀᡁᡂᡃᡄᡅᡆᡇᡈᡉᡊᡋᡌᡍᡎᡏᡐᡑᡒᡓᡔᡕᡖᡗ
ᡘᡙᡚᡛᡜᡝᡞᡟᡠᡡᡢᡣᡤᡥᡦᡧᡨᡩᡪᡫᡬᡭᡮᡯᡰᡱᡲᡳᡴᡵᡶᡷᡸᢀᢁᢂᢃᢄᢇᢈᢉᢊᢋᢌᢍᢎᢏᢐᢑᢒᢓᢔᢕᢖᢗᢘᢙᢚᢛᢜᢝᢞᢟᢠᢡᢢᢣᢤᢥᢦᢧᢨᢪᢰᢱᢲᢳᢴᢵ
ᢶᢷᢸᢹᢺᢻᢼᢽᢾᢿᣀᣁᣂᣃᣄᣅᣆᣇᣈᣉᣊᣋᣌᣍᣎᣏᣐᣑᣒᣓᣔᣕᣖᣗᣘᣙᣚᣛᣜᣝᣞᣟᣠᣡᣢᣣᣤᣥᣦᣧᣨᣩᣪᣫᣬᣭᣮᣯᣰᣱᣲᣳᣴᣵᤀᤁᤂᤃᤄᤅᤆᤇᤈᤉᤊᤋᤌᤍᤎ
ᤏᤐᤑᤒᤓᤔᤕᤖᤗᤘᤙᤚᤛᤜᤝᤞᥐᥑᥒᥓᥔᥕᥖᥗᥘᥙᥚᥛᥜᥝᥞᥟᥠᥡᥢᥣᥤᥥᥦᥧᥨᥩᥪᥫᥬᥭᥰᥱᥲᥳᥴᦀᦁᦂᦃᦄᦅᦆᦇᦈᦉᦊᦋᦌᦍᦎᦏᦐᦑᦒᦓᦔᦕᦖᦗᦘᦙᦚᦛ
ᦜᦝᦞᦟᦠᦡᦢᦣᦤᦥᦦᦧᦨᦩᦪᦫᦰᦱᦲᦳᦴᦵᦶᦷᦸᦹᦺᦻᦼᦽᦾᦿᧀᧁᧂᧃᧄᧅᧆᧇᧈᧉᨀᨁᨂᨃᨄᨅᨆᨇᨈᨉᨊᨋᨌᨍᨎᨏᨐᨑᨒᨓᨔᨕᨖᨠᨡᨢᨣᨤᨥᨦᨧᨨᨩᨪᨫᨬᨭ
ᨮᨯᨰᨱᨲᨳᨴᨵᨶᨷᨸᨹᨺᨻᨼᨽᨾᨿᩀᩁᩂᩃᩄᩅᩆᩇᩈᩉᩊᩋᩌᩍᩎᩏᩐᩑᩒᩓᩔᪧᬅᬆᬇᬈᬉᬊᬋᬌᬍᬎᬏᬐᬑᬒᬓᬔᬕᬖᬗᬘᬙᬚᬛᬜᬝᬞᬟᬠᬡᬢᬣᬤᬥᬦᬧᬨᬩᬪᬫ
ᬬᬭᬮᬯᬰᬱᬲᬳᭅᭆᭇᭈᭉᭊᭋᮃᮄᮅᮆᮇᮈᮉᮊᮋᮌᮍᮎᮏᮐᮑᮒᮓᮔᮕᮖᮗᮘᮙᮚᮛᮜᮝᮞᮟᮠᮮᮯᮺᮻᮼᮽᮾᮿᯀᯁᯂᯃᯄᯅᯆᯇᯈᯉᯊᯋᯌᯍᯎᯏᯐᯑᯒᯓᯔᯕᯖᯗᯘᯙ
ᯚᯛᯜᯝᯞᯟᯠᯡᯢᯣᯤᯥᰀᰁᰂᰃᰄᰅᰆᰇᰈᰉᰊᰋᰌᰍᰎᰏᰐᰑᰒᰓᰔᰕᰖᰗᰘᰙᰚᰛᰜᰝᰞᰟᰠᰡᰢᰣᱍᱎᱏᱚᱛᱜᱝᱞᱟᱠᱡᱢᱣᱤᱥᱦᱧᱨᱩᱪᱫᱬᱭᱮᱯᱰᱱᱲᱳᱴᱵ
ᱶᱷᱸᱹᱺᱻᱼᱽᲀᲁᲂᲃᲄᲅᲆᲇᲈᲐᲑᲒᲓᲔᲕᲖᲗᲘᲙᲚᲛᲜᲝᲞᲟᲠᲡᲢᲣᲤᲥᲦᲧᲨᲩᲪᲫᲬᲭᲮᲯᲰᲱᲲᲳᲴᲵᲶᲷᲸᲹᲺᲽᲾᲿᳩᳪᳫᳬᳮᳯᳰᳱᳲᳳᳵᳶᳺᴀᴁᴂ
ᴃᴄᴅᴆᴇᴈᴉᴊᴋᴌᴍᴎᴏᴐᴑᴒᴓᴔᴕᴖᴗᴘᴙᴚᴛᴜᴝᴞᴟᴠᴡᴢᴣᴤᴥᴦᴧᴨᴩᴪᴫᴬᴭᴮᴯᴰᴱᴲᴳᴴᴵᴶᴷᴸᴹᴺᴻᴼᴽᴾᴿᵀᵁᵂᵃᵄᵅᵆᵇᵈᵉᵊᵋᵌᵍᵎᵏᵐᵑ
ᵒᵓᵔᵕᵖᵗᵘᵙᵚᵛᵜᵝᵞᵟᵠᵡᵢᵣᵤᵥᵦᵧᵨᵩᵪᵫᵬᵭᵮᵯᵰᵱᵲᵳᵴᵵᵶᵷᵸᵹᵺᵻᵼᵽᵾᵿᶀᶁᶂᶃᶄᶅᶆᶇᶈᶉᶊᶋᶌᶍᶎᶏᶐᶑᶒᶓᶔᶕᶖᶗᶘᶙᶚᶛᶜᶝᶞᶟᶠ
ᶡᶢᶣᶤᶥᶦᶧᶨᶩᶪᶫᶬᶭᶮᶯᶰᶱᶲᶳᶴᶵᶶᶷᶸᶹᶺᶻᶼᶽᶾᶿḀḁḂḃḄḅḆḇḈḉḊḋḌḍḎḏḐḑḒḓḔḕḖḗḘḙḚḛḜḝḞḟḠḡḢḣḤḥḦḧḨḩḪḫḬḭḮḯ
ḰḱḲḳḴḵḶḷḸḹḺḻḼḽḾḿṀṁṂṃṄṅṆṇṈṉṊṋṌṍṎṏṐṑṒṓṔṕṖṗṘṙṚṛṜṝṞṟṠṡṢṣṤṥṦṧṨṩṪṫṬṭṮṯṰṱṲṳṴṵṶṷṸṹṺṻṼṽṾ
ṿẀẁẂẃẄẅẆẇẈẉẊẋẌẍẎẏẐẑẒẓẔẕẖẗẘẙẚẛẜẝẞẟẠạẢảẤấẦầẨẩẪẫẬậẮắẰằẲẳẴẵẶặẸẹẺẻẼẽẾếỀềỂểỄễỆệỈỉỊịỌọ
ỎỏỐốỒồỔổỖỗỘộỚớỜờỞởỠỡỢợỤụỦủỨứỪừỬửỮữỰựỲỳỴỵỶỷỸỹỺỻỼỽỾỿἀἁἂἃἄἅἆἇἈἉἊἋἌἍἎἏἐἑἒἓἔἕἘἙἚἛἜἝἠ
ἡἢἣἤἥἦἧἨἩἪἫἬἭἮἯἰἱἲἳἴἵἶἷἸἹἺἻἼἽἾἿὀὁὂὃὄὅὈὉὊὋὌὍὐὑὒὓὔὕὖὗὙὛὝὟὠὡὢὣὤὥὦὧὨὩὪὫὬὭὮὯὰάὲέὴήὶί
ὸόὺύὼώᾀᾁᾂᾃᾄᾅᾆᾇᾈᾉᾊᾋᾌᾍᾎᾏᾐᾑᾒᾓᾔᾕᾖᾗᾘᾙᾚᾛᾜᾝᾞᾟᾠᾡᾢᾣᾤᾥᾦᾧᾨᾩᾪᾫᾬᾭᾮᾯᾰᾱᾲᾳᾴᾶᾷᾸᾹᾺΆᾼιῂῃῄῆῇῈΈῊΉῌῐῑ
ῒΐῖῗῘῙῚΊῠῡῢΰῤῥῦῧῨῩῪΎῬῲῳῴῶῷῸΌῺΏῼⁱⁿₐₑₒₓₔₕₖₗₘₙₚₛₜℂℇℊℋℌℍℎℏℐℑℒℓℕℙℚℛℜℝℤΩℨKÅℬℭℯℰℱℲℳℴℵℶ
ℷℸℹℼℽℾℿⅅⅆⅇⅈⅉⅎↃↄⰀⰁⰂⰃⰄⰅⰆⰇⰈⰉⰊⰋⰌⰍⰎⰏⰐⰑⰒⰓⰔⰕⰖⰗⰘⰙⰚⰛⰜⰝⰞⰟⰠⰡⰢⰣⰤⰥⰦⰧⰨⰩⰪⰫⰬⰭⰮⰰⰱⰲⰳⰴⰵⰶⰷⰸⰹⰺⰻⰼⰽⰾⰿⱀ
ⱁⱂⱃⱄⱅⱆⱇⱈⱉⱊⱋⱌⱍⱎⱏⱐⱑⱒⱓⱔⱕⱖⱗⱘⱙⱚⱛⱜⱝⱞⱠⱡⱢⱣⱤⱥⱦⱧⱨⱩⱪⱫⱬⱭⱮⱯⱰⱱⱲⱳⱴⱵⱶⱷⱸⱹⱺⱻⱼⱽⱾⱿⲀⲁⲂⲃⲄⲅⲆⲇⲈⲉⲊⲋⲌⲍⲎⲏⲐ
ⲑⲒⲓⲔⲕⲖⲗⲘⲙⲚⲛⲜⲝⲞⲟⲠⲡⲢⲣⲤⲥⲦⲧⲨⲩⲪⲫⲬⲭⲮⲯⲰⲱⲲⲳⲴⲵⲶⲷⲸⲹⲺⲻⲼⲽⲾⲿⳀⳁⳂⳃⳄⳅⳆⳇⳈⳉⳊⳋⳌⳍⳎⳏⳐⳑⳒⳓⳔⳕⳖⳗⳘⳙⳚⳛⳜⳝⳞⳟ
ⳠⳡⳢⳣⳤⳫⳬⳭⳮⳲⳳⴀⴁⴂⴃⴄⴅⴆⴇⴈⴉⴊⴋⴌⴍⴎⴏⴐⴑⴒⴓⴔⴕⴖⴗⴘⴙⴚⴛⴜⴝⴞⴟⴠⴡⴢⴣⴤⴥⴧⴭⴰⴱⴲⴳⴴⴵⴶⴷⴸⴹⴺⴻⴼⴽⴾⴿⵀⵁⵂⵃⵄⵅⵆⵇⵈⵉⵊⵋ
ⵌⵍⵎⵏⵐⵑⵒⵓⵔⵕⵖⵗⵘⵙⵚⵛⵜⵝⵞⵟⵠⵡⵢⵣⵤⵥⵦⵧⵯⶀⶁⶂⶃⶄⶅⶆⶇⶈⶉⶊⶋⶌⶍⶎⶏⶐⶑⶒⶓⶔⶕⶖⶠⶡⶢⶣⶤⶥⶦⶨⶩⶪⶫⶬⶭⶮⶰⶱⶲⶳⶴⶵⶶⶸⶹⶺⶻⶼⶽ
ⶾⷀⷁⷂⷃⷄⷅⷆⷈⷉⷊⷋⷌⷍⷎⷐⷑⷒⷓⷔⷕⷖⷘⷙⷚⷛⷜⷝⷞⸯ々〆〱〲〳〴〵〻〼ぁあぃいぅうぇえぉおかがきぎくぐけげこごさざしじすずせぜそぞただちぢっつづてでと
どなにぬねのはばぱひびぴふぶぷへべぺほぼぽまみむめもゃやゅゆょよらりるれろゎわゐゑをんゔゕゖゝゞゟァアィイゥウェエォオカガキギクグケゲコゴサザシジスズセゼソゾ
タダチヂッツヅテデトドナニヌネノハバパヒビピフブプヘベペホボポマミムメモャヤュユョヨラリルレロヮワヰヱヲンヴヵヶヷヸヹヺーヽヾヿㄅㄆㄇㄈㄉㄊㄋㄌㄍㄎㄏㄐㄑㄒㄓ
ㄔㄕㄖㄗㄘㄙㄚㄛㄜㄝㄞㄟㄠㄡㄢㄣㄤㄥㄦㄧㄨㄩㄪㄫㄬㄭㄮㄯㄱㄲㄳㄴㄵㄶㄷㄸㄹㄺㄻㄼㄽㄾㄿㅀㅁㅂㅃㅄㅅㅆㅇㅈㅉㅊㅋㅌㅍㅎㅏㅐㅑㅒㅓㅔㅕㅖㅗㅘㅙㅚㅛㅜㅝㅞㅟㅠㅡㅢㅣ
ㅤㅥㅦㅧㅨㅩㅪㅫㅬㅭㅮㅯㅰㅱㅲㅳㅴㅵㅶㅷㅸㅹㅺㅻㅼㅽㅾㅿㆀㆁㆂㆃㆄㆅㆆㆇㆈㆉㆊㆋㆌㆍㆎㆠㆡㆢㆣㆤㆥㆦㆧㆨㆩㆪㆫㆬㆭㆮㆯㆰㆱㆲㆳㆴㆵㆶㆷㆸㆹㆺㇰㇱㇲㇳㇴㇵㇶㇷㇸ
ㇹㇺㇻㇼㇽㇾㇿ㐀䶵一鿯ꀀꀁꀂꀃꀄꀅꀆꀇꀈꀉꀊꀋꀌꀍꀎꀏꀐꀑꀒꀓꀔꀕꀖꀗꀘꀙꀚꀛꀜꀝꀞꀟꀠꀡꀢꀣꀤꀥꀦꀧꀨꀩꀪꀫꀬꀭꀮꀯꀰꀱꀲꀳꀴꀵꀶꀷꀸꀹꀺꀻꀼꀽꀾꀿꁀꁁꁂꁃ
ꁄꁅꁆꁇꁈꁉꁊꁋꁌꁍꁎꁏꁐꁑꁒꁓꁔꁕꁖꁗꁘꁙꁚꁛꁜꁝꁞꁟꁠꁡꁢꁣꁤꁥꁦꁧꁨꁩꁪꁫꁬꁭꁮꁯꁰꁱꁲꁳꁴꁵꁶꁷꁸꁹꁺꁻꁼꁽꁾꁿꂀꂁꂂꂃꂄꂅꂆꂇꂈꂉꂊꂋꂌꂍꂎꂏꂐꂑꂒ
ꂓꂔꂕꂖꂗꂘꂙꂚꂛꂜꂝꂞꂟꂠꂡꂢꂣꂤꂥꂦꂧꂨꂩꂪꂫꂬꂭꂮꂯꂰꂱꂲꂳꂴꂵꂶꂷꂸꂹꂺꂻꂼꂽꂾꂿꃀꃁꃂꃃꃄꃅꃆꃇꃈꃉꃊꃋꃌꃍꃎꃏꃐꃑꃒꃓꃔꃕꃖꃗꃘꃙꃚꃛꃜꃝꃞꃟꃠꃡ
ꃢꃣꃤꃥꃦꃧꃨꃩꃪꃫꃬꃭꃮꃯꃰꃱꃲꃳꃴꃵꃶꃷꃸꃹꃺꃻꃼꃽꃾꃿꄀꄁꄂꄃꄄꄅꄆꄇꄈꄉꄊꄋꄌꄍꄎꄏꄐꄑꄒꄓꄔꄕꄖꄗꄘꄙꄚꄛꄜꄝꄞꄟꄠꄡꄢꄣꄤꄥꄦꄧꄨꄩꄪꄫꄬꄭꄮꄯꄰ
ꄱꄲꄳꄴꄵꄶꄷꄸꄹꄺꄻꄼꄽꄾꄿꅀꅁꅂꅃꅄꅅꅆꅇꅈꅉꅊꅋꅌꅍꅎꅏꅐꅑꅒꅓꅔꅕꅖꅗꅘꅙꅚꅛꅜꅝꅞꅟꅠꅡꅢꅣꅤꅥꅦꅧꅨꅩꅪꅫꅬꅭꅮꅯꅰꅱꅲꅳꅴꅵꅶꅷꅸꅹꅺꅻꅼꅽꅾꅿ
ꆀꆁꆂꆃꆄꆅꆆꆇꆈꆉꆊꆋꆌꆍꆎꆏꆐꆑꆒꆓꆔꆕꆖꆗꆘꆙꆚꆛꆜꆝꆞꆟꆠꆡꆢꆣꆤꆥꆦꆧꆨꆩꆪꆫꆬꆭꆮꆯꆰꆱꆲꆳꆴꆵꆶꆷꆸꆹꆺꆻꆼꆽꆾꆿꇀꇁꇂꇃꇄꇅꇆꇇꇈꇉꇊꇋꇌꇍꇎ
ꇏꇐꇑꇒꇓꇔꇕꇖꇗꇘꇙꇚꇛꇜꇝꇞꇟꇠꇡꇢꇣꇤꇥꇦꇧꇨꇩꇪꇫꇬꇭꇮꇯꇰꇱꇲꇳꇴꇵꇶꇷꇸꇹꇺꇻꇼꇽꇾꇿꈀꈁꈂꈃꈄꈅꈆꈇꈈꈉꈊꈋꈌꈍꈎꈏꈐꈑꈒꈓꈔꈕꈖꈗꈘꈙꈚꈛꈜꈝ
ꈞꈟꈠꈡꈢꈣꈤꈥꈦꈧꈨꈩꈪꈫꈬꈭꈮꈯꈰꈱꈲꈳꈴꈵꈶꈷꈸꈹꈺꈻꈼꈽꈾꈿꉀꉁꉂꉃꉄꉅꉆꉇꉈꉉꉊꉋꉌꉍꉎꉏꉐꉑꉒꉓꉔꉕꉖꉗꉘꉙꉚꉛꉜꉝꉞꉟꉠꉡꉢꉣꉤꉥꉦꉧꉨꉩꉪꉫꉬ
ꉭꉮꉯꉰꉱꉲꉳꉴꉵꉶꉷꉸꉹꉺꉻꉼꉽꉾꉿꊀꊁꊂꊃꊄꊅꊆꊇꊈꊉꊊꊋꊌꊍꊎꊏꊐꊑꊒꊓꊔꊕꊖꊗꊘꊙꊚꊛꊜꊝꊞꊟꊠꊡꊢꊣꊤꊥꊦꊧꊨꊩꊪꊫꊬꊭꊮꊯꊰꊱꊲꊳꊴꊵꊶꊷꊸꊹꊺꊻ
ꊼꊽꊾꊿꋀꋁꋂꋃꋄꋅꋆꋇꋈꋉꋊꋋꋌꋍꋎꋏꋐꋑꋒꋓꋔꋕꋖꋗꋘꋙꋚꋛꋜꋝꋞꋟꋠꋡꋢꋣꋤꋥꋦꋧꋨꋩꋪꋫꋬꋭꋮꋯꋰꋱꋲꋳꋴꋵꋶꋷꋸꋹꋺꋻꋼꋽꋾꋿꌀꌁꌂꌃꌄꌅꌆꌇꌈꌉꌊ
ꌋꌌꌍꌎꌏꌐꌑꌒꌓꌔꌕꌖꌗꌘꌙꌚꌛꌜꌝꌞꌟꌠꌡꌢꌣꌤꌥꌦꌧꌨꌩꌪꌫꌬꌭꌮꌯꌰꌱꌲꌳꌴꌵꌶꌷꌸꌹꌺꌻꌼꌽꌾꌿꍀꍁꍂꍃꍄꍅꍆꍇꍈꍉꍊꍋꍌꍍꍎꍏꍐꍑꍒꍓꍔꍕꍖꍗꍘꍙ
ꍚꍛꍜꍝꍞꍟꍠꍡꍢꍣꍤꍥꍦꍧꍨꍩꍪꍫꍬꍭꍮꍯꍰꍱꍲꍳꍴꍵꍶꍷꍸꍹꍺꍻꍼꍽꍾꍿꎀꎁꎂꎃꎄꎅꎆꎇꎈꎉꎊꎋꎌꎍꎎꎏꎐꎑꎒꎓꎔꎕꎖꎗꎘꎙꎚꎛꎜꎝꎞꎟꎠꎡꎢꎣꎤꎥꎦꎧꎨ
ꎩꎪꎫꎬꎭꎮꎯꎰꎱꎲꎳꎴꎵꎶꎷꎸꎹꎺꎻꎼꎽꎾꎿꏀꏁꏂꏃꏄꏅꏆꏇꏈꏉꏊꏋꏌꏍꏎꏏꏐꏑꏒꏓꏔꏕꏖꏗꏘꏙꏚꏛꏜꏝꏞꏟꏠꏡꏢꏣꏤꏥꏦꏧꏨꏩꏪꏫꏬꏭꏮꏯꏰꏱꏲꏳꏴꏵꏶꏷ
ꏸꏹꏺꏻꏼꏽꏾꏿꐀꐁꐂꐃꐄꐅꐆꐇꐈꐉꐊꐋꐌꐍꐎꐏꐐꐑꐒꐓꐔꐕꐖꐗꐘꐙꐚꐛꐜꐝꐞꐟꐠꐡꐢꐣꐤꐥꐦꐧꐨꐩꐪꐫꐬꐭꐮꐯꐰꐱꐲꐳꐴꐵꐶꐷꐸꐹꐺꐻꐼꐽꐾꐿꑀꑁꑂꑃꑄꑅꑆ
ꑇꑈꑉꑊꑋꑌꑍꑎꑏꑐꑑꑒꑓꑔꑕꑖꑗꑘꑙꑚꑛꑜꑝꑞꑟꑠꑡꑢꑣꑤꑥꑦꑧꑨꑩꑪꑫꑬꑭꑮꑯꑰꑱꑲꑳꑴꑵꑶꑷꑸꑹꑺꑻꑼꑽꑾꑿꒀꒁꒂꒃꒄꒅꒆꒇꒈꒉꒊꒋꒌꓐꓑꓒꓓꓔꓕꓖꓗꓘ
ꓙꓚꓛꓜꓝꓞꓟꓠꓡꓢꓣꓤꓥꓦꓧꓨꓩꓪꓫꓬꓭꓮꓯꓰꓱꓲꓳꓴꓵꓶꓷꓸꓹꓺꓻꓼꓽꔀꔁꔂꔃꔄꔅꔆꔇꔈꔉꔊꔋꔌꔍꔎꔏꔐꔑꔒꔓꔔꔕꔖꔗꔘꔙꔚꔛꔜꔝꔞꔟꔠꔡꔢꔣꔤꔥꔦꔧꔨꔩ
ꔪꔫꔬꔭꔮꔯꔰꔱꔲꔳꔴꔵꔶꔷꔸꔹꔺꔻꔼꔽꔾꔿꕀꕁꕂꕃꕄꕅꕆꕇꕈꕉꕊꕋꕌꕍꕎꕏꕐꕑꕒꕓꕔꕕꕖꕗꕘꕙꕚꕛꕜꕝꕞꕟꕠꕡꕢꕣꕤꕥꕦꕧꕨꕩꕪꕫꕬꕭꕮꕯꕰꕱꕲꕳꕴꕵꕶꕷꕸ
ꕹꕺꕻꕼꕽꕾꕿꖀꖁꖂꖃꖄꖅꖆꖇꖈꖉꖊꖋꖌꖍꖎꖏꖐꖑꖒꖓꖔꖕꖖꖗꖘꖙꖚꖛꖜꖝꖞꖟꖠꖡꖢꖣꖤꖥꖦꖧꖨꖩꖪꖫꖬꖭꖮꖯꖰꖱꖲꖳꖴꖵꖶꖷꖸꖹꖺꖻꖼꖽꖾꖿꗀꗁꗂꗃꗄꗅꗆꗇ
ꗈꗉꗊꗋꗌꗍꗎꗏꗐꗑꗒꗓꗔꗕꗖꗗꗘꗙꗚꗛꗜꗝꗞꗟꗠꗡꗢꗣꗤꗥꗦꗧꗨꗩꗪꗫꗬꗭꗮꗯꗰꗱꗲꗳꗴꗵꗶꗷꗸꗹꗺꗻꗼꗽꗾꗿꘀꘁꘂꘃꘄꘅꘆꘇꘈꘉꘊꘋꘌꘐꘑꘒꘓꘔꘕꘖꘗꘘꘙ
ꘚꘛꘜꘝꘞꘟꘪꘫꙀꙁꙂꙃꙄꙅꙆꙇꙈꙉꙊꙋꙌꙍꙎꙏꙐꙑꙒꙓꙔꙕꙖꙗꙘꙙꙚꙛꙜꙝꙞꙟꙠꙡꙢꙣꙤꙥꙦꙧꙨꙩꙪꙫꙬꙭꙮꙿꚀꚁꚂꚃꚄꚅꚆꚇꚈꚉꚊꚋꚌꚍꚎꚏꚐꚑꚒꚓꚔꚕꚖ
ꚗꚘꚙꚚꚛꚜꚝꚠꚡꚢꚣꚤꚥꚦꚧꚨꚩꚪꚫꚬꚭꚮꚯꚰꚱꚲꚳꚴꚵꚶꚷꚸꚹꚺꚻꚼꚽꚾꚿꛀꛁꛂꛃꛄꛅꛆꛇꛈꛉꛊꛋꛌꛍꛎꛏꛐꛑꛒꛓꛔꛕꛖꛗꛘꛙꛚꛛꛜꛝꛞꛟꛠꛡꛢꛣꛤꛥꜗꜘ
ꜙꜚꜛꜜꜝꜞꜟꜢꜣꜤꜥꜦꜧꜨꜩꜪꜫꜬꜭꜮꜯꜰꜱꜲꜳꜴꜵꜶꜷꜸꜹꜺꜻꜼꜽꜾꜿꝀꝁꝂꝃꝄꝅꝆꝇꝈꝉꝊꝋꝌꝍꝎꝏꝐꝑꝒꝓꝔꝕꝖꝗꝘꝙꝚꝛꝜꝝꝞꝟꝠꝡꝢꝣꝤꝥꝦꝧꝨꝩ
ꝪꝫꝬꝭꝮꝯꝰꝱꝲꝳꝴꝵꝶꝷꝸꝹꝺꝻꝼꝽꝾꝿꞀꞁꞂꞃꞄꞅꞆꞇꞈꞋꞌꞍꞎꞏꞐꞑꞒꞓꞔꞕꞖꞗꞘꞙꞚꞛꞜꞝꞞꞟꞠꞡꞢꞣꞤꞥꞦꞧꞨꞩꞪꞫꞬꞭꞮꞯꞰꞱꞲꞳꞴꞵꞶꞷꞸꞹꞺ
ꞻꞼꞽꞾꞿꟂꟃꟄꟅꟆꟷꟸꟹꟺꟻꟼꟽꟾꟿꠀꠁꠃꠄꠅꠇꠈꠉꠊꠌꠍꠎꠏꠐꠑꠒꠓꠔꠕꠖꠗꠘꠙꠚꠛꠜꠝꠞꠟꠠꠡꠢꡀꡁꡂꡃꡄꡅꡆꡇꡈꡉꡊꡋꡌꡍꡎꡏꡐꡑꡒꡓꡔꡕꡖꡗꡘꡙꡚꡛ
ꡜꡝꡞꡟꡠꡡꡢꡣꡤꡥꡦꡧꡨꡩꡪꡫꡬꡭꡮꡯꡰꡱꡲꡳꢂꢃꢄꢅꢆꢇꢈꢉꢊꢋꢌꢍꢎꢏꢐꢑꢒꢓꢔꢕꢖꢗꢘꢙꢚꢛꢜꢝꢞꢟꢠꢡꢢꢣꢤꢥꢦꢧꢨꢩꢪꢫꢬꢭꢮꢯꢰꢱꢲꢳꣲꣳꣴꣵꣶ
ꣷꣻꣽꣾꤊꤋꤌꤍꤎꤏꤐꤑꤒꤓꤔꤕꤖꤗꤘꤙꤚꤛꤜꤝꤞꤟꤠꤡꤢꤣꤤꤥꤰꤱꤲꤳꤴꤵꤶꤷꤸꤹꤺꤻꤼꤽꤾꤿꥀꥁꥂꥃꥄꥅꥆꥠꥡꥢꥣꥤꥥꥦꥧꥨꥩꥪꥫꥬꥭꥮꥯꥰꥱꥲꥳꥴꥵꥶꥷ
ꥸꥹꥺꥻꥼꦄꦅꦆꦇꦈꦉꦊꦋꦌꦍꦎꦏꦐꦑꦒꦓꦔꦕꦖꦗꦘꦙꦚꦛꦜꦝꦞꦟꦠꦡꦢꦣꦤꦥꦦꦧꦨꦩꦪꦫꦬꦭꦮꦯꦰꦱꦲꧏꧠꧡꧢꧣꧤꧦꧧꧨꧩꧪꧫꧬꧭꧮꧯꧺꧻꧼꧽꧾꨀꨁꨂꨃꨄꨅ
ꨆꨇꨈꨉꨊꨋꨌꨍꨎꨏꨐꨑꨒꨓꨔꨕꨖꨗꨘꨙꨚꨛꨜꨝꨞꨟꨠꨡꨢꨣꨤꨥꨦꨧꨨꩀꩁꩂꩄꩅꩆꩇꩈꩉꩊꩋꩠꩡꩢꩣꩤꩥꩦꩧꩨꩩꩪꩫꩬꩭꩮꩯꩰꩱꩲꩳꩴꩵꩶꩺꩾꩿꪀꪁꪂꪃꪄꪅꪆ
ꪇꪈꪉꪊꪋꪌꪍꪎꪏꪐꪑꪒꪓꪔꪕꪖꪗꪘꪙꪚꪛꪜꪝꪞꪟꪠꪡꪢꪣꪤꪥꪦꪧꪨꪩꪪꪫꪬꪭꪮꪯꪱꪵꪶꪹꪺꪻꪼꪽꫀꫂꫛꫜꫝꫠꫡꫢꫣꫤꫥꫦꫧꫨꫩꫪꫲꫳꫴꬁꬂꬃꬄꬅꬆꬉꬊꬋꬌꬍ
ꬎꬑꬒꬓꬔꬕꬖꬠꬡꬢꬣꬤꬥꬦꬨꬩꬪꬫꬬꬭꬮꬰꬱꬲꬳꬴꬵꬶꬷꬸꬹꬺꬻꬼꬽꬾꬿꭀꭁꭂꭃꭄꭅꭆꭇꭈꭉꭊꭋꭌꭍꭎꭏꭐꭑꭒꭓꭔꭕꭖꭗꭘꭙꭚꭜꭝꭞꭟꭠꭡꭢꭣꭤꭥꭦꭧꭰꭱꭲ
ꭳꭴꭵꭶꭷꭸꭹꭺꭻꭼꭽꭾꭿꮀꮁꮂꮃꮄꮅꮆꮇꮈꮉꮊꮋꮌꮍꮎꮏꮐꮑꮒꮓꮔꮕꮖꮗꮘꮙꮚꮛꮜꮝꮞꮟꮠꮡꮢꮣꮤꮥꮦꮧꮨꮩꮪꮫꮬꮭꮮꮯꮰꮱꮲꮳꮴꮵꮶꮷꮸꮹꮺꮻꮼꮽꮾꮿꯀꯁ
ꯂꯃꯄꯅꯆꯇꯈꯉꯊꯋꯌꯍꯎꯏꯐꯑꯒꯓꯔꯕꯖꯗꯘꯙꯚꯛꯜꯝꯞꯟꯠꯡꯢ가힣ힰힱힲힳힴힵힶힷힸힹힺힻힼힽힾힿퟀퟁퟂퟃퟄퟅퟆퟋퟌퟍퟎퟏퟐퟑퟒퟓퟔퟕퟖퟗퟘퟙퟚퟛퟜퟝퟞퟟ
ퟠퟡퟢퟣퟤퟥퟦퟧퟨퟩퟪퟫퟬퟭퟮퟯퟰퟱퟲퟳퟴퟵퟶퟷퟸퟹퟺퟻ豈更車賈滑串句龜龜契金喇奈懶癩羅蘿螺裸邏樂洛烙珞落酪駱亂卵欄爛蘭鸞嵐濫藍襤拉臘蠟廊朗浪狼郎來冷勞擄櫓爐
盧老蘆虜路露魯鷺碌祿綠菉錄鹿論壟弄籠聾牢磊賂雷壘屢樓淚漏累縷陋勒肋凜凌稜綾菱陵讀拏樂諾丹寧怒率異北磻便復不泌數索參塞省葉說殺辰沈拾若掠略亮兩凉梁糧良諒量勵呂女
廬旅濾礪閭驪麗黎力曆歷轢年憐戀撚漣煉璉秊練聯輦蓮連鍊列劣咽烈裂說廉念捻殮簾獵令囹寧嶺怜玲瑩羚聆鈴零靈領例禮醴隸惡了僚寮尿料樂燎療蓼遼龍暈阮劉杻柳流溜琉留硫紐類
六戮陸倫崙淪輪律慄栗率隆利吏履易李梨泥理痢罹裏裡里離匿溺吝燐璘藺隣鱗麟林淋臨立笠粒狀炙識什茶刺切度拓糖宅洞暴輻行降見廓兀嗀﨎﨏塚﨑晴﨓﨔凞猪益礼神祥福靖精羽﨟
蘒﨡諸﨣﨤逸都﨧﨨﨩飯飼館鶴郞隷侮僧免勉勤卑喝嘆器塀墨層屮悔慨憎懲敏既暑梅海渚漢煮爫琢碑社祉祈祐祖祝禍禎穀突節練縉繁署者臭艹艹著褐視謁謹賓贈辶逸難響頻恵𤋮舘並
况全侀充冀勇勺喝啕喙嗢塚墳奄奔婢嬨廒廙彩徭惘慎愈憎慠懲戴揄搜摒敖晴朗望杖歹殺流滛滋漢瀞煮瞧爵犯猪瑱甆画瘝瘟益盛直睊着磌窱節类絛練缾者荒華蝹襁覆視調諸請謁諾諭謹
變贈輸遲醙鉶陼難靖韛響頋頻鬒龜𢡊𢡄𣏕㮝䀘䀹𥉉𥳐𧻓齃龎ﬀﬁﬂﬃﬄﬅﬆﬓﬔﬕﬖﬗיִײַﬠﬡﬢﬣﬤﬥﬦﬧﬨשׁשׂשּׁשּׂאַאָאּבּגּדּהּוּזּטּיּךּכּלּמּנּסּףּפּצּקּרּשּתּוֹבֿ
כֿפֿﭏﭐﭑﭒﭓﭔﭕﭖﭗﭘﭙﭚﭛﭜﭝﭞﭟﭠﭡﭢﭣﭤﭥﭦﭧﭨﭩﭪﭫﭬﭭﭮﭯﭰﭱﭲﭳﭴﭵﭶﭷﭸﭹﭺﭻﭼﭽﭾﭿﮀﮁﮂﮃﮄﮅﮆﮇﮈﮉﮊﮋﮌﮍﮎﮏﮐﮑﮒﮓﮔﮕﮖﮗﮘﮙﮚﮛ
ﮜﮝﮞﮟﮠﮡﮢﮣﮤﮥﮦﮧﮨﮩﮪﮫﮬﮭﮮﮯﮰﮱﯓﯔﯕﯖﯗﯘﯙﯚﯛﯜﯝﯞﯟﯠﯡﯢﯣﯤﯥﯦﯧﯨﯩﯪﯫﯬﯭﯮﯯﯰﯱﯲﯳﯴﯵﯶﯷﯸﯹﯺﯻﯼﯽﯾﯿﰀﰁﰂﰃﰄﰅﰆﰇﰈﰉﰊﰋ
ﰌﰍﰎﰏﰐﰑﰒﰓﰔﰕﰖﰗﰘﰙﰚﰛﰜﰝﰞﰟﰠﰡﰢﰣﰤﰥﰦﰧﰨﰩﰪﰫﰬﰭﰮﰯﰰﰱﰲﰳﰴﰵﰶﰷﰸﰹﰺﰻﰼﰽﰾﰿﱀﱁﱂﱃﱄﱅﱆﱇﱈﱉﱊﱋﱌﱍﱎﱏﱐﱑﱒﱓﱔﱕﱖﱗﱘﱙﱚ
ﱛﱜﱝﱞﱟﱠﱡﱢﱣﱤﱥﱦﱧﱨﱩﱪﱫﱬﱭﱮﱯﱰﱱﱲﱳﱴﱵﱶﱷﱸﱹﱺﱻﱼﱽﱾﱿﲀﲁﲂﲃﲄﲅﲆﲇﲈﲉﲊﲋﲌﲍﲎﲏﲐﲑﲒﲓﲔﲕﲖﲗﲘﲙﲚﲛﲜﲝﲞﲟﲠﲡﲢﲣﲤﲥﲦﲧﲨﲩ
ﲪﲫﲬﲭﲮﲯﲰﲱﲲﲳﲴﲵﲶﲷﲸﲹﲺﲻﲼﲽﲾﲿﳀﳁﳂﳃﳄﳅﳆﳇﳈﳉﳊﳋﳌﳍﳎﳏﳐﳑﳒﳓﳔﳕﳖﳗﳘﳙﳚﳛﳜﳝﳞﳟﳠﳡﳢﳣﳤﳥﳦﳧﳨﳩﳪﳫﳬﳭﳮﳯﳰﳱﳲﳳﳴﳵﳶﳷﳸ
ﳹﳺﳻﳼﳽﳾﳿﴀﴁﴂﴃﴄﴅﴆﴇﴈﴉﴊﴋﴌﴍﴎﴏﴐﴑﴒﴓﴔﴕﴖﴗﴘﴙﴚﴛﴜﴝﴞﴟﴠﴡﴢﴣﴤﴥﴦﴧﴨﴩﴪﴫﴬﴭﴮﴯﴰﴱﴲﴳﴴﴵﴶﴷﴸﴹﴺﴻﴼﴽﵐﵑﵒﵓﵔﵕﵖﵗﵘﵙ
ﵚﵛﵜﵝﵞﵟﵠﵡﵢﵣﵤﵥﵦﵧﵨﵩﵪﵫﵬﵭﵮﵯﵰﵱﵲﵳﵴﵵﵶﵷﵸﵹﵺﵻﵼﵽﵾﵿﶀﶁﶂﶃﶄﶅﶆﶇﶈﶉﶊﶋﶌﶍﶎﶏﶒﶓﶔﶕﶖﶗﶘﶙﶚﶛﶜﶝﶞﶟﶠﶡﶢﶣﶤﶥﶦﶧﶨﶩﶪ
ﶫﶬﶭﶮﶯﶰﶱﶲﶳﶴﶵﶶﶷﶸﶹﶺﶻﶼﶽﶾﶿﷀﷁﷂﷃﷄﷅﷆﷇﷰﷱﷲﷳﷴﷵﷶﷷﷸﷹﷺﷻﹰﹱﹲﹳﹴﹶﹷﹸﹹﹺﹻﹼﹽﹾﹿﺀﺁﺂﺃﺄﺅﺆﺇﺈﺉﺊﺋﺌﺍﺎﺏﺐﺑﺒﺓﺔﺕﺖ
ﺗﺘﺙﺚﺛﺜﺝﺞﺟﺠﺡﺢﺣﺤﺥﺦﺧﺨﺩﺪﺫﺬﺭﺮﺯﺰﺱﺲﺳﺴﺵﺶﺷﺸﺹﺺﺻﺼﺽﺾﺿﻀﻁﻂﻃﻄﻅﻆﻇﻈﻉﻊﻋﻌﻍﻎﻏﻐﻑﻒﻓﻔﻕﻖﻗﻘﻙﻚﻛﻜﻝﻞﻟﻠﻡﻢﻣﻤﻥ
ﻦﻧﻨﻩﻪﻫﻬﻭﻮﻯﻰﻱﻲﻳﻴﻵﻶﻷﻸﻹﻺﻻﻼＡＢＣＤＥＦＧＨＩＪＫＬＭＮＯＰＱＲＳＴＵＶＷＸＹＺａｂｃｄｅｆｇｈｉｊｋｌｍｎｏｐｑｒｓｔｕｖｗｘｙｚｦｧｨｩ
ｪｫｬｭｮｯｰｱｲｳｴｵｶｷｸｹｺｻｼｽｾｿﾀﾁﾂﾃﾄﾅﾆﾇﾈﾉﾊﾋﾌﾍﾎﾏﾐﾑﾒﾓﾔﾕﾖﾗﾘﾙﾚﾛﾜﾝﾞﾟﾠﾡﾢﾣﾤﾥﾦﾧﾨﾩﾪﾫﾬﾭﾮﾯﾰﾱﾲﾳﾴﾵﾶﾷﾸ
ﾹﾺﾻﾼﾽﾾￂￃￄￅￆￇￊￋￌￍￎￏￒￓￔￕￖￗￚￛￜ𐀀𐀁𐀂𐀃𐀄𐀅𐀆𐀇𐀈𐀉𐀊𐀋𐀍𐀎𐀏𐀐𐀑𐀒𐀓𐀔𐀕𐀖𐀗𐀘𐀙𐀚𐀛𐀜𐀝𐀞𐀟𐀠𐀡𐀢𐀣𐀤𐀥𐀦𐀨𐀩𐀪𐀫𐀬𐀭𐀮𐀯𐀰𐀱𐀲𐀳𐀴𐀵
𐀶𐀷𐀸𐀹𐀺𐀼𐀽𐀿𐁀𐁁𐁂𐁃𐁄𐁅𐁆𐁇𐁈𐁉𐁊𐁋𐁌𐁍𐁐𐁑𐁒𐁓𐁔𐁕𐁖𐁗𐁘𐁙𐁚𐁛𐁜𐁝𐂀𐂁𐂂𐂃𐂄𐂅𐂆𐂇𐂈𐂉𐂊𐂋𐂌𐂍𐂎𐂏𐂐𐂑𐂒𐂓𐂔𐂕𐂖𐂗𐂘𐂙𐂚𐂛𐂜𐂝𐂞𐂟𐂠𐂡𐂢𐂣𐂤𐂥𐂦𐂧𐂨𐂩𐂪
𐂫𐂬𐂭𐂮𐂯𐂰𐂱𐂲𐂳𐂴𐂵𐂶𐂷𐂸𐂹𐂺𐂻𐂼𐂽𐂾𐂿𐃀𐃁𐃂𐃃𐃄𐃅𐃆𐃇𐃈𐃉𐃊𐃋𐃌𐃍𐃎𐃏𐃐𐃑𐃒𐃓𐃔𐃕𐃖𐃗𐃘𐃙𐃚𐃛𐃜𐃝𐃞𐃟𐃠𐃡𐃢𐃣𐃤𐃥𐃦𐃧𐃨𐃩𐃪𐃫𐃬𐃭𐃮𐃯𐃰𐃱𐃲𐃳𐃴𐃵𐃶𐃷𐃸𐃹
𐃺𐊀𐊁𐊂𐊃𐊄𐊅𐊆𐊇𐊈𐊉𐊊𐊋𐊌𐊍𐊎𐊏𐊐𐊑𐊒𐊓𐊔𐊕𐊖𐊗𐊘𐊙𐊚𐊛𐊜𐊠𐊡𐊢𐊣𐊤𐊥𐊦𐊧𐊨𐊩𐊪𐊫𐊬𐊭𐊮𐊯𐊰𐊱𐊲𐊳𐊴𐊵𐊶𐊷𐊸𐊹𐊺𐊻𐊼𐊽𐊾𐊿𐋀𐋁𐋂𐋃𐋄𐋅𐋆𐋇𐋈𐋉𐋊𐋋𐋌𐋍𐋎𐋏𐋐
𐌀𐌁𐌂𐌃𐌄𐌅𐌆𐌇𐌈𐌉𐌊𐌋𐌌𐌍𐌎𐌏𐌐𐌑𐌒𐌓𐌔𐌕𐌖𐌗𐌘𐌙𐌚𐌛𐌜𐌝𐌞𐌟𐌭𐌮𐌯𐌰𐌱𐌲𐌳𐌴𐌵𐌶𐌷𐌸𐌹𐌺𐌻𐌼𐌽𐌾𐌿𐍀𐍂𐍃𐍄𐍅𐍆𐍇𐍈𐍉𐍐𐍑𐍒𐍓𐍔𐍕𐍖𐍗𐍘𐍙𐍚𐍛𐍜𐍝𐍞𐍟𐍠𐍡𐍢
𐍣𐍤𐍥𐍦𐍧𐍨𐍩𐍪𐍫𐍬𐍭𐍮𐍯𐍰𐍱𐍲𐍳𐍴𐍵𐎀𐎁𐎂𐎃𐎄𐎅𐎆𐎇𐎈𐎉𐎊𐎋𐎌𐎍𐎎𐎏𐎐𐎑𐎒𐎓𐎔𐎕𐎖𐎗𐎘𐎙𐎚𐎛𐎜𐎝𐎠𐎡𐎢𐎣𐎤𐎥𐎦𐎧𐎨𐎩𐎪𐎫𐎬𐎭𐎮𐎯𐎰𐎱𐎲𐎳𐎴𐎵𐎶𐎷𐎸𐎹𐎺𐎻𐎼𐎽
𐎾𐎿𐏀𐏁𐏂𐏃𐏈𐏉𐏊𐏋𐏌𐏍𐏎𐏏𐐀𐐁𐐂𐐃𐐄𐐅𐐆𐐇𐐈𐐉𐐊𐐋𐐌𐐍𐐎𐐏𐐐𐐑𐐒𐐓𐐔𐐕𐐖𐐗𐐘𐐙𐐚𐐛𐐜𐐝𐐞𐐟𐐠𐐡𐐢𐐣𐐤𐐥𐐦𐐧𐐨𐐩𐐪𐐫𐐬𐐭𐐮𐐯𐐰𐐱𐐲𐐳𐐴𐐵𐐶𐐷𐐸𐐹𐐺𐐻𐐼𐐽𐐾𐐿𐑀
𐑁𐑂𐑃𐑄𐑅𐑆𐑇𐑈𐑉𐑊𐑋𐑌𐑍𐑎𐑏𐑐𐑑𐑒𐑓𐑔𐑕𐑖𐑗𐑘𐑙𐑚𐑛𐑜𐑝𐑞𐑟𐑠𐑡𐑢𐑣𐑤𐑥𐑦𐑧𐑨𐑩𐑪𐑫𐑬𐑭𐑮𐑯𐑰𐑱𐑲𐑳𐑴𐑵𐑶𐑷𐑸𐑹𐑺𐑻𐑼𐑽𐑾𐑿𐒀𐒁𐒂𐒃𐒄𐒅𐒆𐒇𐒈𐒉𐒊𐒋𐒌𐒍𐒎𐒏
𐒐𐒑𐒒𐒓𐒔𐒕𐒖𐒗𐒘𐒙𐒚𐒛𐒜𐒝𐒰𐒱𐒲𐒳𐒴𐒵𐒶𐒷𐒸𐒹𐒺𐒻𐒼𐒽𐒾𐒿𐓀𐓁𐓂𐓃𐓄𐓅𐓆𐓇𐓈𐓉𐓊𐓋𐓌𐓍𐓎𐓏𐓐𐓑𐓒𐓓𐓘𐓙𐓚𐓛𐓜𐓝𐓞𐓟𐓠𐓡𐓢𐓣𐓤𐓥𐓦𐓧𐓨𐓩𐓪𐓫𐓬𐓭𐓮𐓯𐓰𐓱𐓲𐓳𐓴
𐓵𐓶𐓷𐓸𐓹𐓺𐓻𐔀𐔁𐔂𐔃𐔄𐔅𐔆𐔇𐔈𐔉𐔊𐔋𐔌𐔍𐔎𐔏𐔐𐔑𐔒𐔓𐔔𐔕𐔖𐔗𐔘𐔙𐔚𐔛𐔜𐔝𐔞𐔟𐔠𐔡𐔢𐔣𐔤𐔥𐔦𐔧𐔰𐔱𐔲𐔳𐔴𐔵𐔶𐔷𐔸𐔹𐔺𐔻𐔼𐔽𐔾𐔿𐕀𐕁𐕂𐕃𐕄𐕅𐕆𐕇𐕈𐕉𐕊𐕋𐕌𐕍𐕎𐕏
𐕐𐕑𐕒𐕓𐕔𐕕𐕖𐕗𐕘𐕙𐕚𐕛𐕜𐕝𐕞𐕟𐕠𐕡𐕢𐕣𐘀𐘁𐘂𐘃𐘄𐘅𐘆𐘇𐘈𐘉𐘊𐘋𐘌𐘍𐘎𐘏𐘐𐘑𐘒𐘓𐘔𐘕𐘖𐘗𐘘𐘙𐘚𐘛𐘜𐘝𐘞𐘟𐘠𐘡𐘢𐘣𐘤𐘥𐘦𐘧𐘨𐘩𐘪𐘫𐘬𐘭𐘮𐘯𐘰𐘱𐘲𐘳𐘴𐘵𐘶𐘷𐘸𐘹𐘺
𐘻𐘼𐘽𐘾𐘿𐙀𐙁𐙂𐙃𐙄𐙅𐙆𐙇𐙈𐙉𐙊𐙋𐙌𐙍𐙎𐙏𐙐𐙑𐙒𐙓𐙔𐙕𐙖𐙗𐙘𐙙𐙚𐙛𐙜𐙝𐙞𐙟𐙠𐙡𐙢𐙣𐙤𐙥𐙦𐙧𐙨𐙩𐙪𐙫𐙬𐙭𐙮𐙯𐙰𐙱𐙲𐙳𐙴𐙵𐙶𐙷𐙸𐙹𐙺𐙻𐙼𐙽𐙾𐙿𐚀𐚁𐚂𐚃𐚄𐚅𐚆𐚇𐚈𐚉
𐚊𐚋𐚌𐚍𐚎𐚏𐚐𐚑𐚒𐚓𐚔𐚕𐚖𐚗𐚘𐚙𐚚𐚛𐚜𐚝𐚞𐚟𐚠𐚡𐚢𐚣𐚤𐚥𐚦𐚧𐚨𐚩𐚪𐚫𐚬𐚭𐚮𐚯𐚰𐚱𐚲𐚳𐚴𐚵𐚶𐚷𐚸𐚹𐚺𐚻𐚼𐚽𐚾𐚿𐛀𐛁𐛂𐛃𐛄𐛅𐛆𐛇𐛈𐛉𐛊𐛋𐛌𐛍𐛎𐛏𐛐𐛑𐛒𐛓𐛔𐛕𐛖𐛗𐛘
𐛙𐛚𐛛𐛜𐛝𐛞𐛟𐛠𐛡𐛢𐛣𐛤𐛥𐛦𐛧𐛨𐛩𐛪𐛫𐛬𐛭𐛮𐛯𐛰𐛱𐛲𐛳𐛴𐛵𐛶𐛷𐛸𐛹𐛺𐛻𐛼𐛽𐛾𐛿𐜀𐜁𐜂𐜃𐜄𐜅𐜆𐜇𐜈𐜉𐜊𐜋𐜌𐜍𐜎𐜏𐜐𐜑𐜒𐜓𐜔𐜕𐜖𐜗𐜘𐜙𐜚𐜛𐜜𐜝𐜞𐜟𐜠𐜡𐜢𐜣𐜤𐜥𐜦𐜧
𐜨𐜩𐜪𐜫𐜬𐜭𐜮𐜯𐜰𐜱𐜲𐜳𐜴𐜵𐜶𐝀𐝁𐝂𐝃𐝄𐝅𐝆𐝇𐝈𐝉𐝊𐝋𐝌𐝍𐝎𐝏𐝐𐝑𐝒𐝓𐝔𐝕𐝠𐝡𐝢𐝣𐝤𐝥𐝦𐝧𐠀𐠁𐠂𐠃𐠄𐠅𐠈𐠊𐠋𐠌𐠍𐠎𐠏𐠐𐠑𐠒𐠓𐠔𐠕𐠖𐠗𐠘𐠙𐠚𐠛𐠜𐠝𐠞𐠟𐠠𐠡𐠢𐠣𐠤
𐠥𐠦𐠧𐠨𐠩𐠪𐠫𐠬𐠭𐠮𐠯𐠰𐠱𐠲𐠳𐠴𐠵𐠷𐠸𐠼𐠿𐡀𐡁𐡂𐡃𐡄𐡅𐡆𐡇𐡈𐡉𐡊𐡋𐡌𐡍𐡎𐡏𐡐𐡑𐡒𐡓𐡔𐡕𐡠𐡡𐡢𐡣𐡤𐡥𐡦𐡧𐡨𐡩𐡪𐡫𐡬𐡭𐡮𐡯𐡰𐡱𐡲𐡳𐡴𐡵𐡶𐢀𐢁𐢂𐢃𐢄𐢅𐢆𐢇𐢈𐢉𐢊𐢋𐢌
𐢍𐢎𐢏𐢐𐢑𐢒𐢓𐢔𐢕𐢖𐢗𐢘𐢙𐢚𐢛𐢜𐢝𐢞𐣠𐣡𐣢𐣣𐣤𐣥𐣦𐣧𐣨𐣩𐣪𐣫𐣬𐣭𐣮𐣯𐣰𐣱𐣲𐣴𐣵𐤀𐤁𐤂𐤃𐤄𐤅𐤆𐤇𐤈𐤉𐤊𐤋𐤌𐤍𐤎𐤏𐤐𐤑𐤒𐤓𐤔𐤕𐤠𐤡𐤢𐤣𐤤𐤥𐤦𐤧𐤨𐤩𐤪𐤫𐤬𐤭𐤮𐤯𐤰𐤱
𐤲𐤳𐤴𐤵𐤶𐤷𐤸𐤹𐦀𐦁𐦂𐦃𐦄𐦅𐦆𐦇𐦈𐦉𐦊𐦋𐦌𐦍𐦎𐦏𐦐𐦑𐦒𐦓𐦔𐦕𐦖𐦗𐦘𐦙𐦚𐦛𐦜𐦝𐦞𐦟𐦠𐦡𐦢𐦣𐦤𐦥𐦦𐦧𐦨𐦩𐦪𐦫𐦬𐦭𐦮𐦯𐦰𐦱𐦲𐦳𐦴𐦵𐦶𐦷𐦾𐦿𐨀𐨐𐨑𐨒𐨓𐨕𐨖𐨗𐨙𐨚𐨛𐨜𐨝
𐨞𐨟𐨠𐨡𐨢𐨣𐨤𐨥𐨦𐨧𐨨𐨩𐨪𐨫𐨬𐨭𐨮𐨯𐨰𐨱𐨲𐨳𐨴𐨵𐩠𐩡𐩢𐩣𐩤𐩥𐩦𐩧𐩨𐩩𐩪𐩫𐩬𐩭𐩮𐩯𐩰𐩱𐩲𐩳𐩴𐩵𐩶𐩷𐩸𐩹𐩺𐩻𐩼𐪀𐪁𐪂𐪃𐪄𐪅𐪆𐪇𐪈𐪉𐪊𐪋𐪌𐪍𐪎𐪏𐪐𐪑𐪒𐪓𐪔𐪕𐪖𐪗𐪘𐪙
𐪚𐪛𐪜𐫀𐫁𐫂𐫃𐫄𐫅𐫆𐫇𐫉𐫊𐫋𐫌𐫍𐫎𐫏𐫐𐫑𐫒𐫓𐫔𐫕𐫖𐫗𐫘𐫙𐫚𐫛𐫜𐫝𐫞𐫟𐫠𐫡𐫢𐫣𐫤𐬀𐬁𐬂𐬃𐬄𐬅𐬆𐬇𐬈𐬉𐬊𐬋𐬌𐬍𐬎𐬏𐬐𐬑𐬒𐬓𐬔𐬕𐬖𐬗𐬘𐬙𐬚𐬛𐬜𐬝𐬞𐬟𐬠𐬡𐬢𐬣𐬤𐬥𐬦𐬧
𐬨𐬩𐬪𐬫𐬬𐬭𐬮𐬯𐬰𐬱𐬲𐬳𐬴𐬵𐭀𐭁𐭂𐭃𐭄𐭅𐭆𐭇𐭈𐭉𐭊𐭋𐭌𐭍𐭎𐭏𐭐𐭑𐭒𐭓𐭔𐭕𐭠𐭡𐭢𐭣𐭤𐭥𐭦𐭧𐭨𐭩𐭪𐭫𐭬𐭭𐭮𐭯𐭰𐭱𐭲𐮀𐮁𐮂𐮃𐮄𐮅𐮆𐮇𐮈𐮉𐮊𐮋𐮌𐮍𐮎𐮏𐮐𐮑𐰀𐰁𐰂𐰃𐰄𐰅
𐰆𐰇𐰈𐰉𐰊𐰋𐰌𐰍𐰎𐰏𐰐𐰑𐰒𐰓𐰔𐰕𐰖𐰗𐰘𐰙𐰚𐰛𐰜𐰝𐰞𐰟𐰠𐰡𐰢𐰣𐰤𐰥𐰦𐰧𐰨𐰩𐰪𐰫𐰬𐰭𐰮𐰯𐰰𐰱𐰲𐰳𐰴𐰵𐰶𐰷𐰸𐰹𐰺𐰻𐰼𐰽𐰾𐰿𐱀𐱁𐱂𐱃𐱄𐱅𐱆𐱇𐱈𐲀𐲁𐲂𐲃𐲄𐲅𐲆𐲇𐲈𐲉𐲊𐲋
𐲌𐲍𐲎𐲏𐲐𐲑𐲒𐲓𐲔𐲕𐲖𐲗𐲘𐲙𐲚𐲛𐲜𐲝𐲞𐲟𐲠𐲡𐲢𐲣𐲤𐲥𐲦𐲧𐲨𐲩𐲪𐲫𐲬𐲭𐲮𐲯𐲰𐲱𐲲𐳀𐳁𐳂𐳃𐳄𐳅𐳆𐳇𐳈𐳉𐳊𐳋𐳌𐳍𐳎𐳏𐳐𐳑𐳒𐳓𐳔𐳕𐳖𐳗𐳘𐳙𐳚𐳛𐳜𐳝𐳞𐳟𐳠𐳡𐳢𐳣𐳤𐳥𐳦𐳧
𐳨𐳩𐳪𐳫𐳬𐳭𐳮𐳯𐳰𐳱𐳲𐴀𐴁𐴂𐴃𐴄𐴅𐴆𐴇𐴈𐴉𐴊𐴋𐴌𐴍𐴎𐴏𐴐𐴑𐴒𐴓𐴔𐴕𐴖𐴗𐴘𐴙𐴚𐴛𐴜𐴝𐴞𐴟𐴠𐴡𐴢𐴣𐼀𐼁𐼂𐼃𐼄𐼅𐼆𐼇𐼈𐼉𐼊𐼋𐼌𐼍𐼎𐼏𐼐𐼑𐼒𐼓𐼔𐼕𐼖𐼗𐼘𐼙𐼚𐼛𐼜𐼧𐼰𐼱
𐼲𐼳𐼴𐼵𐼶𐼷𐼸𐼹𐼺𐼻𐼼𐼽𐼾𐼿𐽀𐽁𐽂𐽃𐽄𐽅𐿠𐿡𐿢𐿣𐿤𐿥𐿦𐿧𐿨𐿩𐿪𐿫𐿬𐿭𐿮𐿯𐿰𐿱𐿲𐿳𐿴𐿵𐿶𑀃𑀄𑀅𑀆𑀇𑀈𑀉𑀊𑀋𑀌𑀍𑀎𑀏𑀐𑀑𑀒𑀓𑀔𑀕𑀖𑀗𑀘𑀙𑀚𑀛𑀜𑀝𑀞𑀟𑀠𑀡𑀢𑀣𑀤𑀥𑀦
𑀧𑀨𑀩𑀪𑀫𑀬𑀭𑀮𑀯𑀰𑀱𑀲𑀳𑀴𑀵𑀶𑀷𑂃𑂄𑂅𑂆𑂇𑂈𑂉𑂊𑂋𑂌𑂍𑂎𑂏𑂐𑂑𑂒𑂓𑂔𑂕𑂖𑂗𑂘𑂙𑂚𑂛𑂜𑂝𑂞𑂟𑂠𑂡𑂢𑂣𑂤𑂥𑂦𑂧𑂨𑂩𑂪𑂫𑂬𑂭𑂮𑂯𑃐𑃑𑃒𑃓𑃔𑃕𑃖𑃗𑃘𑃙𑃚𑃛𑃜𑃝𑃞𑃟𑃠
𑃡𑃢𑃣𑃤𑃥𑃦𑃧𑃨𑄃𑄄𑄅𑄆𑄇𑄈𑄉𑄊𑄋𑄌𑄍𑄎𑄏𑄐𑄑𑄒𑄓𑄔𑄕𑄖𑄗𑄘𑄙𑄚𑄛𑄜𑄝𑄞𑄟𑄠𑄡𑄢𑄣𑄤𑄥𑄦𑅄𑅐𑅑𑅒𑅓𑅔𑅕𑅖𑅗𑅘𑅙𑅚𑅛𑅜𑅝𑅞𑅟𑅠𑅡𑅢𑅣𑅤𑅥𑅦𑅧𑅨𑅩𑅪𑅫𑅬𑅭𑅮𑅯𑅰𑅱
𑅲𑅶𑆃𑆄𑆅𑆆𑆇𑆈𑆉𑆊𑆋𑆌𑆍𑆎𑆏𑆐𑆑𑆒𑆓𑆔𑆕𑆖𑆗𑆘𑆙𑆚𑆛𑆜𑆝𑆞𑆟𑆠𑆡𑆢𑆣𑆤𑆥𑆦𑆧𑆨𑆩𑆪𑆫𑆬𑆭𑆮𑆯𑆰𑆱𑆲𑇁𑇂𑇃𑇄𑇚𑇜𑈀𑈁𑈂𑈃𑈄𑈅𑈆𑈇𑈈𑈉𑈊𑈋𑈌𑈍𑈎𑈏𑈐𑈑𑈓𑈔𑈕𑈖𑈗
𑈘𑈙𑈚𑈛𑈜𑈝𑈞𑈟𑈠𑈡𑈢𑈣𑈤𑈥𑈦𑈧𑈨𑈩𑈪𑈫𑊀𑊁𑊂𑊃𑊄𑊅𑊆𑊈𑊊𑊋𑊌𑊍𑊏𑊐𑊑𑊒𑊓𑊔𑊕𑊖𑊗𑊘𑊙𑊚𑊛𑊜𑊝𑊟𑊠𑊡𑊢𑊣𑊤𑊥𑊦𑊧𑊨𑊰𑊱𑊲𑊳𑊴𑊵𑊶𑊷𑊸𑊹𑊺𑊻𑊼𑊽𑊾𑊿𑋀𑋁𑋂𑋃𑋄𑋅
𑋆𑋇𑋈𑋉𑋊𑋋𑋌𑋍𑋎𑋏𑋐𑋑𑋒𑋓𑋔𑋕𑋖𑋗𑋘𑋙𑋚𑋛𑋜𑋝𑋞𑌅𑌆𑌇𑌈𑌉𑌊𑌋𑌌𑌏𑌐𑌓𑌔𑌕𑌖𑌗𑌘𑌙𑌚𑌛𑌜𑌝𑌞𑌟𑌠𑌡𑌢𑌣𑌤𑌥𑌦𑌧𑌨𑌪𑌫𑌬𑌭𑌮𑌯𑌰𑌲𑌳𑌵𑌶𑌷𑌸𑌹𑌽𑍐𑍝𑍞𑍟𑍠𑍡𑐀
𑐁𑐂𑐃𑐄𑐅𑐆𑐇𑐈𑐉𑐊𑐋𑐌𑐍𑐎𑐏𑐐𑐑𑐒𑐓𑐔𑐕𑐖𑐗𑐘𑐙𑐚𑐛𑐜𑐝𑐞𑐟𑐠𑐡𑐢𑐣𑐤𑐥𑐦𑐧𑐨𑐩𑐪𑐫𑐬𑐭𑐮𑐯𑐰𑐱𑐲𑐳𑐴𑑇𑑈𑑉𑑊𑑟𑒀𑒁𑒂𑒃𑒄𑒅𑒆𑒇𑒈𑒉𑒊𑒋𑒌𑒍𑒎𑒏𑒐𑒑𑒒𑒓𑒔𑒕
𑒖𑒗𑒘𑒙𑒚𑒛𑒜𑒝𑒞𑒟𑒠𑒡𑒢𑒣𑒤𑒥𑒦𑒧𑒨𑒩𑒪𑒫𑒬𑒭𑒮𑒯𑓄𑓅𑓇𑖀𑖁𑖂𑖃𑖄𑖅𑖆𑖇𑖈𑖉𑖊𑖋𑖌𑖍𑖎𑖏𑖐𑖑𑖒𑖓𑖔𑖕𑖖𑖗𑖘𑖙𑖚𑖛𑖜𑖝𑖞𑖟𑖠𑖡𑖢𑖣𑖤𑖥𑖦𑖧𑖨𑖩𑖪𑖫𑖬𑖭𑖮𑗘𑗙𑗚
𑗛𑘀𑘁𑘂𑘃𑘄𑘅𑘆𑘇𑘈𑘉𑘊𑘋𑘌𑘍𑘎𑘏𑘐𑘑𑘒𑘓𑘔𑘕𑘖𑘗𑘘𑘙𑘚𑘛𑘜𑘝𑘞𑘟𑘠𑘡𑘢𑘣𑘤𑘥𑘦𑘧𑘨𑘩𑘪𑘫𑘬𑘭𑘮𑘯𑙄𑚀𑚁𑚂𑚃𑚄𑚅𑚆𑚇𑚈𑚉𑚊𑚋𑚌𑚍𑚎𑚏𑚐𑚑𑚒𑚓𑚔𑚕𑚖𑚗𑚘𑚙𑚚𑚛𑚜
𑚝𑚞𑚟𑚠𑚡𑚢𑚣𑚤𑚥𑚦𑚧𑚨𑚩𑚪𑚸𑜀𑜁𑜂𑜃𑜄𑜅𑜆𑜇𑜈𑜉𑜊𑜋𑜌𑜍𑜎𑜏𑜐𑜑𑜒𑜓𑜔𑜕𑜖𑜗𑜘𑜙𑜚𑠀𑠁𑠂𑠃𑠄𑠅𑠆𑠇𑠈𑠉𑠊𑠋𑠌𑠍𑠎𑠏𑠐𑠑𑠒𑠓𑠔𑠕𑠖𑠗𑠘𑠙𑠚𑠛𑠜𑠝𑠞𑠟𑠠𑠡𑠢𑠣𑠤
𑠥𑠦𑠧𑠨𑠩𑠪𑠫𑢠𑢡𑢢𑢣𑢤𑢥𑢦𑢧𑢨𑢩𑢪𑢫𑢬𑢭𑢮𑢯𑢰𑢱𑢲𑢳𑢴𑢵𑢶𑢷𑢸𑢹𑢺𑢻𑢼𑢽𑢾𑢿𑣀𑣁𑣂𑣃𑣄𑣅𑣆𑣇𑣈𑣉𑣊𑣋𑣌𑣍𑣎𑣏𑣐𑣑𑣒𑣓𑣔𑣕𑣖𑣗𑣘𑣙𑣚𑣛𑣜𑣝𑣞𑣟𑣿𑦠𑦡𑦢𑦣𑦤𑦥𑦦
𑦧𑦪𑦫𑦬𑦭𑦮𑦯𑦰𑦱𑦲𑦳𑦴𑦵𑦶𑦷𑦸𑦹𑦺𑦻𑦼𑦽𑦾𑦿𑧀𑧁𑧂𑧃𑧄𑧅𑧆𑧇𑧈𑧉𑧊𑧋𑧌𑧍𑧎𑧏𑧐𑧡𑧣𑨀𑨋𑨌𑨍𑨎𑨏𑨐𑨑𑨒𑨓𑨔𑨕𑨖𑨗𑨘𑨙𑨚𑨛𑨜𑨝𑨞𑨟𑨠𑨡𑨢𑨣𑨤𑨥𑨦𑨧𑨨𑨩𑨪𑨫𑨬𑨭𑨮
𑨯𑨰𑨱𑨲𑨺𑩐𑩜𑩝𑩞𑩟𑩠𑩡𑩢𑩣𑩤𑩥𑩦𑩧𑩨𑩩𑩪𑩫𑩬𑩭𑩮𑩯𑩰𑩱𑩲𑩳𑩴𑩵𑩶𑩷𑩸𑩹𑩺𑩻𑩼𑩽𑩾𑩿𑪀𑪁𑪂𑪃𑪄𑪅𑪆𑪇𑪈𑪉𑪝𑫀𑫁𑫂𑫃𑫄𑫅𑫆𑫇𑫈𑫉𑫊𑫋𑫌𑫍𑫎𑫏𑫐𑫑𑫒𑫓𑫔𑫕𑫖𑫗𑫘𑫙
𑫚𑫛𑫜𑫝𑫞𑫟𑫠𑫡𑫢𑫣𑫤𑫥𑫦𑫧𑫨𑫩𑫪𑫫𑫬𑫭𑫮𑫯𑫰𑫱𑫲𑫳𑫴𑫵𑫶𑫷𑫸𑰀𑰁𑰂𑰃𑰄𑰅𑰆𑰇𑰈𑰊𑰋𑰌𑰍𑰎𑰏𑰐𑰑𑰒𑰓𑰔𑰕𑰖𑰗𑰘𑰙𑰚𑰛𑰜𑰝𑰞𑰟𑰠𑰡𑰢𑰣𑰤𑰥𑰦𑰧𑰨𑰩𑰪𑰫𑰬𑰭𑰮𑱀𑱲
𑱳𑱴𑱵𑱶𑱷𑱸𑱹𑱺𑱻𑱼𑱽𑱾𑱿𑲀𑲁𑲂𑲃𑲄𑲅𑲆𑲇𑲈𑲉𑲊𑲋𑲌𑲍𑲎𑲏𑴀𑴁𑴂𑴃𑴄𑴅𑴆𑴈𑴉𑴋𑴌𑴍𑴎𑴏𑴐𑴑𑴒𑴓𑴔𑴕𑴖𑴗𑴘𑴙𑴚𑴛𑴜𑴝𑴞𑴟𑴠𑴡𑴢𑴣𑴤𑴥𑴦𑴧𑴨𑴩𑴪𑴫𑴬𑴭𑴮𑴯𑴰𑵆𑵠𑵡
𑵢𑵣𑵤𑵥𑵧𑵨𑵪𑵫𑵬𑵭𑵮𑵯𑵰𑵱𑵲𑵳𑵴𑵵𑵶𑵷𑵸𑵹𑵺𑵻𑵼𑵽𑵾𑵿𑶀𑶁𑶂𑶃𑶄𑶅𑶆𑶇𑶈𑶉𑶘𑻠𑻡𑻢𑻣𑻤𑻥𑻦𑻧𑻨𑻩𑻪𑻫𑻬𑻭𑻮𑻯𑻰𑻱𑻲𒀀𒀁𒀂𒀃𒀄𒀅𒀆𒀇𒀈𒀉𒀊𒀋𒀌𒀍𒀎𒀏𒀐𒀑𒀒𒀓𒀔
𒀕𒀖𒀗𒀘𒀙𒀚𒀛𒀜𒀝𒀞𒀟𒀠𒀡𒀢𒀣𒀤𒀥𒀦𒀧𒀨𒀩𒀪𒀫𒀬𒀭𒀮𒀯𒀰𒀱𒀲𒀳𒀴𒀵𒀶𒀷𒀸𒀹𒀺𒀻𒀼𒀽𒀾𒀿𒁀𒁁𒁂𒁃𒁄𒁅𒁆𒁇𒁈𒁉𒁊𒁋𒁌𒁍𒁎𒁏𒁐𒁑𒁒𒁓𒁔𒁕𒁖𒁗𒁘𒁙𒁚𒁛𒁜𒁝𒁞𒁟𒁠𒁡𒁢𒁣
𒁤𒁥𒁦𒁧𒁨𒁩𒁪𒁫𒁬𒁭𒁮𒁯𒁰𒁱𒁲𒁳𒁴𒁵𒁶𒁷𒁸𒁹𒁺𒁻𒁼𒁽𒁾𒁿𒂀𒂁𒂂𒂃𒂄𒂅𒂆𒂇𒂈𒂉𒂊𒂋𒂌𒂍𒂎𒂏𒂐𒂑𒂒𒂓𒂔𒂕𒂖𒂗𒂘𒂙𒂚𒂛𒂜𒂝𒂞𒂟𒂠𒂡𒂢𒂣𒂤𒂥𒂦𒂧𒂨𒂩𒂪𒂫𒂬𒂭𒂮𒂯𒂰𒂱𒂲
𒂳𒂴𒂵𒂶𒂷𒂸𒂹𒂺𒂻𒂼𒂽𒂾𒂿𒃀𒃁𒃂𒃃𒃄𒃅𒃆𒃇𒃈𒃉𒃊𒃋𒃌𒃍𒃎𒃏𒃐𒃑𒃒𒃓𒃔𒃕𒃖𒃗𒃘𒃙𒃚𒃛𒃜𒃝𒃞𒃟𒃠𒃡𒃢𒃣𒃤𒃥𒃦𒃧𒃨𒃩𒃪𒃫𒃬𒃭𒃮𒃯𒃰𒃱𒃲𒃳𒃴𒃵𒃶𒃷𒃸𒃹𒃺𒃻𒃼𒃽𒃾𒃿𒄀𒄁
𒄂𒄃𒄄𒄅𒄆𒄇𒄈𒄉𒄊𒄋𒄌𒄍𒄎𒄏𒄐𒄑𒄒𒄓𒄔𒄕𒄖𒄗𒄘𒄙𒄚𒄛𒄜𒄝𒄞𒄟𒄠𒄡𒄢𒄣𒄤𒄥𒄦𒄧𒄨𒄩𒄪𒄫𒄬𒄭𒄮𒄯𒄰𒄱𒄲𒄳𒄴𒄵𒄶𒄷𒄸𒄹𒄺𒄻𒄼𒄽𒄾𒄿𒅀𒅁𒅂𒅃𒅄𒅅𒅆𒅇𒅈𒅉𒅊𒅋𒅌𒅍𒅎𒅏𒅐
𒅑𒅒𒅓𒅔𒅕𒅖𒅗𒅘𒅙𒅚𒅛𒅜𒅝𒅞𒅟𒅠𒅡𒅢𒅣𒅤𒅥𒅦𒅧𒅨𒅩𒅪𒅫𒅬𒅭𒅮𒅯𒅰𒅱𒅲𒅳𒅴𒅵𒅶𒅷𒅸𒅹𒅺𒅻𒅼𒅽𒅾𒅿𒆀𒆁𒆂𒆃𒆄𒆅𒆆𒆇𒆈𒆉𒆊𒆋𒆌𒆍𒆎𒆏𒆐𒆑𒆒𒆓𒆔𒆕𒆖𒆗𒆘𒆙𒆚𒆛𒆜𒆝𒆞𒆟
𒆠𒆡𒆢𒆣𒆤𒆥𒆦𒆧𒆨𒆩𒆪𒆫𒆬𒆭𒆮𒆯𒆰𒆱𒆲𒆳𒆴𒆵𒆶𒆷𒆸𒆹𒆺𒆻𒆼𒆽𒆾𒆿𒇀𒇁𒇂𒇃𒇄𒇅𒇆𒇇𒇈𒇉𒇊𒇋𒇌𒇍𒇎𒇏𒇐𒇑𒇒𒇓𒇔𒇕𒇖𒇗𒇘𒇙𒇚𒇛𒇜𒇝𒇞𒇟𒇠𒇡𒇢𒇣𒇤𒇥𒇦𒇧𒇨𒇩𒇪𒇫𒇬𒇭𒇮
𒇯𒇰𒇱𒇲𒇳𒇴𒇵𒇶𒇷𒇸𒇹𒇺𒇻𒇼𒇽𒇾𒇿𒈀𒈁𒈂𒈃𒈄𒈅𒈆𒈇𒈈𒈉𒈊𒈋𒈌𒈍𒈎𒈏𒈐𒈑𒈒𒈓𒈔𒈕𒈖𒈗𒈘𒈙𒈚𒈛𒈜𒈝𒈞𒈟𒈠𒈡𒈢𒈣𒈤𒈥𒈦𒈧𒈨𒈩𒈪𒈫𒈬𒈭𒈮𒈯𒈰𒈱𒈲𒈳𒈴𒈵𒈶𒈷𒈸𒈹𒈺𒈻𒈼𒈽
𒈾𒈿𒉀𒉁𒉂𒉃𒉄𒉅𒉆𒉇𒉈𒉉𒉊𒉋𒉌𒉍𒉎𒉏𒉐𒉑𒉒𒉓𒉔𒉕𒉖𒉗𒉘𒉙𒉚𒉛𒉜𒉝𒉞𒉟𒉠𒉡𒉢𒉣𒉤𒉥𒉦𒉧𒉨𒉩𒉪𒉫𒉬𒉭𒉮𒉯𒉰𒉱𒉲𒉳𒉴𒉵𒉶𒉷𒉸𒉹𒉺𒉻𒉼𒉽𒉾𒉿𒊀𒊁𒊂𒊃𒊄𒊅𒊆𒊇𒊈𒊉𒊊𒊋𒊌
𒊍𒊎𒊏𒊐𒊑𒊒𒊓𒊔𒊕𒊖𒊗𒊘𒊙𒊚𒊛𒊜𒊝𒊞𒊟𒊠𒊡𒊢𒊣𒊤𒊥𒊦𒊧𒊨𒊩𒊪𒊫𒊬𒊭𒊮𒊯𒊰𒊱𒊲𒊳𒊴𒊵𒊶𒊷𒊸𒊹𒊺𒊻𒊼𒊽𒊾𒊿𒋀𒋁𒋂𒋃𒋄𒋅𒋆𒋇𒋈𒋉𒋊𒋋𒋌𒋍𒋎𒋏𒋐𒋑𒋒𒋓𒋔𒋕𒋖𒋗𒋘𒋙𒋚𒋛
𒋜𒋝𒋞𒋟𒋠𒋡𒋢𒋣𒋤𒋥𒋦𒋧𒋨𒋩𒋪𒋫𒋬𒋭𒋮𒋯𒋰𒋱𒋲𒋳𒋴𒋵𒋶𒋷𒋸𒋹𒋺𒋻𒋼𒋽𒋾𒋿𒌀𒌁𒌂𒌃𒌄𒌅𒌆𒌇𒌈𒌉𒌊𒌋𒌌𒌍𒌎𒌏𒌐𒌑𒌒𒌓𒌔𒌕𒌖𒌗𒌘𒌙𒌚𒌛𒌜𒌝𒌞𒌟𒌠𒌡𒌢𒌣𒌤𒌥𒌦𒌧𒌨𒌩𒌪
𒌫𒌬𒌭𒌮𒌯𒌰𒌱𒌲𒌳𒌴𒌵𒌶𒌷𒌸𒌹𒌺𒌻𒌼𒌽𒌾𒌿𒍀𒍁𒍂𒍃𒍄𒍅𒍆𒍇𒍈𒍉𒍊𒍋𒍌𒍍𒍎𒍏𒍐𒍑𒍒𒍓𒍔𒍕𒍖𒍗𒍘𒍙𒍚𒍛𒍜𒍝𒍞𒍟𒍠𒍡𒍢𒍣𒍤𒍥𒍦𒍧𒍨𒍩𒍪𒍫𒍬𒍭𒍮𒍯𒍰𒍱𒍲𒍳𒍴𒍵𒍶𒍷𒍸𒍹
𒍺𒍻𒍼𒍽𒍾𒍿𒎀𒎁𒎂𒎃𒎄𒎅𒎆𒎇𒎈𒎉𒎊𒎋𒎌𒎍𒎎𒎏𒎐𒎑𒎒𒎓𒎔𒎕𒎖𒎗𒎘𒎙𒒀𒒁𒒂𒒃𒒄𒒅𒒆𒒇𒒈𒒉𒒊𒒋𒒌𒒍𒒎𒒏𒒐𒒑𒒒𒒓𒒔𒒕𒒖𒒗𒒘𒒙𒒚𒒛𒒜𒒝𒒞𒒟𒒠𒒡𒒢𒒣𒒤𒒥𒒦𒒧𒒨𒒩𒒪𒒫𒒬𒒭𒒮
𒒯𒒰𒒱𒒲𒒳𒒴𒒵𒒶𒒷𒒸𒒹𒒺𒒻𒒼𒒽𒒾𒒿𒓀𒓁𒓂𒓃𒓄𒓅𒓆𒓇𒓈𒓉𒓊𒓋𒓌𒓍𒓎𒓏𒓐𒓑𒓒𒓓𒓔𒓕𒓖𒓗𒓘𒓙𒓚𒓛𒓜𒓝𒓞𒓟𒓠𒓡𒓢𒓣𒓤𒓥𒓦𒓧𒓨𒓩𒓪𒓫𒓬𒓭𒓮𒓯𒓰𒓱𒓲𒓳𒓴𒓵𒓶𒓷𒓸𒓹𒓺𒓻𒓼𒓽
𒓾𒓿𒔀𒔁𒔂𒔃𒔄𒔅𒔆𒔇𒔈𒔉𒔊𒔋𒔌𒔍𒔎𒔏𒔐𒔑𒔒𒔓𒔔𒔕𒔖𒔗𒔘𒔙𒔚𒔛𒔜𒔝𒔞𒔟𒔠𒔡𒔢𒔣𒔤𒔥𒔦𒔧𒔨𒔩𒔪𒔫𒔬𒔭𒔮𒔯𒔰𒔱𒔲𒔳𒔴𒔵𒔶𒔷𒔸𒔹𒔺𒔻𒔼𒔽𒔾𒔿𒕀𒕁𒕂𒕃𓀀𓀁𓀂𓀃𓀄𓀅𓀆𓀇𓀈
𓀉𓀊𓀋𓀌𓀍𓀎𓀏𓀐𓀑𓀒𓀓𓀔𓀕𓀖𓀗𓀘𓀙𓀚𓀛𓀜𓀝𓀞𓀟𓀠𓀡𓀢𓀣𓀤𓀥𓀦𓀧𓀨𓀩𓀪𓀫𓀬𓀭𓀮𓀯𓀰𓀱𓀲𓀳𓀴𓀵𓀶𓀷𓀸𓀹𓀺𓀻𓀼𓀽𓀾𓀿𓁀𓁁𓁂𓁃𓁄𓁅𓁆𓁇𓁈𓁉𓁊𓁋𓁌𓁍𓁎𓁏𓁐𓁑𓁒𓁓𓁔𓁕𓁖𓁗
𓁘𓁙𓁚𓁛𓁜𓁝𓁞𓁟𓁠𓁡𓁢𓁣𓁤𓁥𓁦𓁧𓁨𓁩𓁪𓁫𓁬𓁭𓁮𓁯𓁰𓁱𓁲𓁳𓁴𓁵𓁶𓁷𓁸𓁹𓁺𓁻𓁼𓁽𓁾𓁿𓂀𓂁𓂂𓂃𓂄𓂅𓂆𓂇𓂈𓂉𓂊𓂋𓂌𓂍𓂎𓂏𓂐𓂑𓂒𓂓𓂔𓂕𓂖𓂗𓂘𓂙𓂚𓂛𓂜𓂝𓂞𓂟𓂠𓂡𓂢𓂣𓂤𓂥𓂦
𓂧𓂨𓂩𓂪𓂫𓂬𓂭𓂮𓂯𓂰𓂱𓂲𓂳𓂴𓂵𓂶𓂷𓂸𓂹𓂺𓂻𓂼𓂽𓂾𓂿𓃀𓃁𓃂𓃃𓃄𓃅𓃆𓃇𓃈𓃉𓃊𓃋𓃌𓃍𓃎𓃏𓃐𓃑𓃒𓃓𓃔𓃕𓃖𓃗𓃘𓃙𓃚𓃛𓃜𓃝𓃞𓃟𓃠𓃡𓃢𓃣𓃤𓃥𓃦𓃧𓃨𓃩𓃪𓃫𓃬𓃭𓃮𓃯𓃰𓃱𓃲𓃳𓃴𓃵
𓃶𓃷𓃸𓃹𓃺𓃻𓃼𓃽𓃾𓃿𓄀𓄁𓄂𓄃𓄄𓄅𓄆𓄇𓄈𓄉𓄊𓄋𓄌𓄍𓄎𓄏𓄐𓄑𓄒𓄓𓄔𓄕𓄖𓄗𓄘𓄙𓄚𓄛𓄜𓄝𓄞𓄟𓄠𓄡𓄢𓄣𓄤𓄥𓄦𓄧𓄨𓄩𓄪𓄫𓄬𓄭𓄮𓄯𓄰𓄱𓄲𓄳𓄴𓄵𓄶𓄷𓄸𓄹𓄺𓄻𓄼𓄽𓄾𓄿𓅀𓅁𓅂𓅃𓅄
𓅅𓅆𓅇𓅈𓅉𓅊𓅋𓅌𓅍𓅎𓅏𓅐𓅑𓅒𓅓𓅔𓅕𓅖𓅗𓅘𓅙𓅚𓅛𓅜𓅝𓅞𓅟𓅠𓅡𓅢𓅣𓅤𓅥𓅦𓅧𓅨𓅩𓅪𓅫𓅬𓅭𓅮𓅯𓅰𓅱𓅲𓅳𓅴𓅵𓅶𓅷𓅸𓅹𓅺𓅻𓅼𓅽𓅾𓅿𓆀𓆁𓆂𓆃𓆄𓆅𓆆𓆇𓆈𓆉𓆊𓆋𓆌𓆍𓆎𓆏𓆐𓆑𓆒𓆓
𓆔𓆕𓆖𓆗𓆘𓆙𓆚𓆛𓆜𓆝𓆞𓆟𓆠𓆡𓆢𓆣𓆤𓆥𓆦𓆧𓆨𓆩𓆪𓆫𓆬𓆭𓆮𓆯𓆰𓆱𓆲𓆳𓆴𓆵𓆶𓆷𓆸𓆹𓆺𓆻𓆼𓆽𓆾𓆿𓇀𓇁𓇂𓇃𓇄𓇅𓇆𓇇𓇈𓇉𓇊𓇋𓇌𓇍𓇎𓇏𓇐𓇑𓇒𓇓𓇔𓇕𓇖𓇗𓇘𓇙𓇚𓇛𓇜𓇝𓇞𓇟𓇠𓇡𓇢
𓇣𓇤𓇥𓇦𓇧𓇨𓇩𓇪𓇫𓇬𓇭𓇮𓇯𓇰𓇱𓇲𓇳𓇴𓇵𓇶𓇷𓇸𓇹𓇺𓇻𓇼𓇽𓇾𓇿𓈀𓈁𓈂𓈃𓈄𓈅𓈆𓈇𓈈𓈉𓈊𓈋𓈌𓈍𓈎𓈏𓈐𓈑𓈒𓈓𓈔𓈕𓈖𓈗𓈘𓈙𓈚𓈛𓈜𓈝𓈞𓈟𓈠𓈡𓈢𓈣𓈤𓈥𓈦𓈧𓈨𓈩𓈪𓈫𓈬𓈭𓈮𓈯𓈰𓈱
𓈲𓈳𓈴𓈵𓈶𓈷𓈸𓈹𓈺𓈻𓈼𓈽𓈾𓈿𓉀𓉁𓉂𓉃𓉄𓉅𓉆𓉇𓉈𓉉𓉊𓉋𓉌𓉍𓉎𓉏𓉐𓉑𓉒𓉓𓉔𓉕𓉖𓉗𓉘𓉙𓉚𓉛𓉜𓉝𓉞𓉟𓉠𓉡𓉢𓉣𓉤𓉥𓉦𓉧𓉨𓉩𓉪𓉫𓉬𓉭𓉮𓉯𓉰𓉱𓉲𓉳𓉴𓉵𓉶𓉷𓉸𓉹𓉺𓉻𓉼𓉽𓉾𓉿𓊀
𓊁𓊂𓊃𓊄𓊅𓊆𓊇𓊈𓊉𓊊𓊋𓊌𓊍𓊎𓊏𓊐𓊑𓊒𓊓𓊔𓊕𓊖𓊗𓊘𓊙𓊚𓊛𓊜𓊝𓊞𓊟𓊠𓊡𓊢𓊣𓊤𓊥𓊦𓊧𓊨𓊩𓊪𓊫𓊬𓊭𓊮𓊯𓊰𓊱𓊲𓊳𓊴𓊵𓊶𓊷𓊸𓊹𓊺𓊻𓊼𓊽𓊾𓊿𓋀𓋁𓋂𓋃𓋄𓋅𓋆𓋇𓋈𓋉𓋊𓋋𓋌𓋍𓋎𓋏
𓋐𓋑𓋒𓋓𓋔𓋕𓋖𓋗𓋘𓋙𓋚𓋛𓋜𓋝𓋞𓋟𓋠𓋡𓋢𓋣𓋤𓋥𓋦𓋧𓋨𓋩𓋪𓋫𓋬𓋭𓋮𓋯𓋰𓋱𓋲𓋳𓋴𓋵𓋶𓋷𓋸𓋹𓋺𓋻𓋼𓋽𓋾𓋿𓌀𓌁𓌂𓌃𓌄𓌅𓌆𓌇𓌈𓌉𓌊𓌋𓌌𓌍𓌎𓌏𓌐𓌑𓌒𓌓𓌔𓌕𓌖𓌗𓌘𓌙𓌚𓌛𓌜𓌝𓌞
𓌟𓌠𓌡𓌢𓌣𓌤𓌥𓌦𓌧𓌨𓌩𓌪𓌫𓌬𓌭𓌮𓌯𓌰𓌱𓌲𓌳𓌴𓌵𓌶𓌷𓌸𓌹𓌺𓌻𓌼𓌽𓌾𓌿𓍀𓍁𓍂𓍃𓍄𓍅𓍆𓍇𓍈𓍉𓍊𓍋𓍌𓍍𓍎𓍏𓍐𓍑𓍒𓍓𓍔𓍕𓍖𓍗𓍘𓍙𓍚𓍛𓍜𓍝𓍞𓍟𓍠𓍡𓍢𓍣𓍤𓍥𓍦𓍧𓍨𓍩𓍪𓍫𓍬𓍭
𓍮𓍯𓍰𓍱𓍲𓍳𓍴𓍵𓍶𓍷𓍸𓍹𓍺𓍻𓍼𓍽𓍾𓍿𓎀𓎁𓎂𓎃𓎄𓎅𓎆𓎇𓎈𓎉𓎊𓎋𓎌𓎍𓎎𓎏𓎐𓎑𓎒𓎓𓎔𓎕𓎖𓎗𓎘𓎙𓎚𓎛𓎜𓎝𓎞𓎟𓎠𓎡𓎢𓎣𓎤𓎥𓎦𓎧𓎨𓎩𓎪𓎫𓎬𓎭𓎮𓎯𓎰𓎱𓎲𓎳𓎴𓎵𓎶𓎷𓎸𓎹𓎺𓎻𓎼
𓎽𓎾𓎿𓏀𓏁𓏂𓏃𓏄𓏅𓏆𓏇𓏈𓏉𓏊𓏋𓏌𓏍𓏎𓏏𓏐𓏑𓏒𓏓𓏔𓏕𓏖𓏗𓏘𓏙𓏚𓏛𓏜𓏝𓏞𓏟𓏠𓏡𓏢𓏣𓏤𓏥𓏦𓏧𓏨𓏩𓏪𓏫𓏬𓏭𓏮𓏯𓏰𓏱𓏲𓏳𓏴𓏵𓏶𓏷𓏸𓏹𓏺𓏻𓏼𓏽𓏾𓏿𓐀𓐁𓐂𓐃𓐄𓐅𓐆𓐇𓐈𓐉𓐊𓐋
𓐌𓐍𓐎𓐏𓐐𓐑𓐒𓐓𓐔𓐕𓐖𓐗𓐘𓐙𓐚𓐛𓐜𓐝𓐞𓐟𓐠𓐡𓐢𓐣𓐤𓐥𓐦𓐧𓐨𓐩𓐪𓐫𓐬𓐭𓐮𔐀𔐁𔐂𔐃𔐄𔐅𔐆𔐇𔐈𔐉𔐊𔐋𔐌𔐍𔐎𔐏𔐐𔐑𔐒𔐓𔐔𔐕𔐖𔐗𔐘𔐙𔐚𔐛𔐜𔐝𔐞𔐟𔐠𔐡𔐢𔐣𔐤𔐥𔐦𔐧𔐨𔐩𔐪𔐫
𔐬𔐭𔐮𔐯𔐰𔐱𔐲𔐳𔐴𔐵𔐶𔐷𔐸𔐹𔐺𔐻𔐼𔐽𔐾𔐿𔑀𔑁𔑂𔑃𔑄𔑅𔑆𔑇𔑈𔑉𔑊𔑋𔑌𔑍𔑎𔑏𔑐𔑑𔑒𔑓𔑔𔑕𔑖𔑗𔑘𔑙𔑚𔑛𔑜𔑝𔑞𔑟𔑠𔑡𔑢𔑣𔑤𔑥𔑦𔑧𔑨𔑩𔑪𔑫𔑬𔑭𔑮𔑯𔑰𔑱𔑲𔑳𔑴𔑵𔑶𔑷𔑸𔑹𔑺
𔑻𔑼𔑽𔑾𔑿𔒀𔒁𔒂𔒃𔒄𔒅𔒆𔒇𔒈𔒉𔒊𔒋𔒌𔒍𔒎𔒏𔒐𔒑𔒒𔒓𔒔𔒕𔒖𔒗𔒘𔒙𔒚𔒛𔒜𔒝𔒞𔒟𔒠𔒡𔒢𔒣𔒤𔒥𔒦𔒧𔒨𔒩𔒪𔒫𔒬𔒭𔒮𔒯𔒰𔒱𔒲𔒳𔒴𔒵𔒶𔒷𔒸𔒹𔒺𔒻𔒼𔒽𔒾𔒿𔓀𔓁𔓂𔓃𔓄𔓅𔓆𔓇𔓈𔓉
𔓊𔓋𔓌𔓍𔓎𔓏𔓐𔓑𔓒𔓓𔓔𔓕𔓖𔓗𔓘𔓙𔓚𔓛𔓜𔓝𔓞𔓟𔓠𔓡𔓢𔓣𔓤𔓥𔓦𔓧𔓨𔓩𔓪𔓫𔓬𔓭𔓮𔓯𔓰𔓱𔓲𔓳𔓴𔓵𔓶𔓷𔓸𔓹𔓺𔓻𔓼𔓽𔓾𔓿𔔀𔔁𔔂𔔃𔔄𔔅𔔆𔔇𔔈𔔉𔔊𔔋𔔌𔔍𔔎𔔏𔔐𔔑𔔒𔔓𔔔𔔕𔔖𔔗𔔘
𔔙𔔚𔔛𔔜𔔝𔔞𔔟𔔠𔔡𔔢𔔣𔔤𔔥𔔦𔔧𔔨𔔩𔔪𔔫𔔬𔔭𔔮𔔯𔔰𔔱𔔲𔔳𔔴𔔵𔔶𔔷𔔸𔔹𔔺𔔻𔔼𔔽𔔾𔔿𔕀𔕁𔕂𔕃𔕄𔕅𔕆𔕇𔕈𔕉𔕊𔕋𔕌𔕍𔕎𔕏𔕐𔕑𔕒𔕓𔕔𔕕𔕖𔕗𔕘𔕙𔕚𔕛𔕜𔕝𔕞𔕟𔕠𔕡𔕢𔕣𔕤𔕥𔕦𔕧
𔕨𔕩𔕪𔕫𔕬𔕭𔕮𔕯𔕰𔕱𔕲𔕳𔕴𔕵𔕶𔕷𔕸𔕹𔕺𔕻𔕼𔕽𔕾𔕿𔖀𔖁𔖂𔖃𔖄𔖅𔖆𔖇𔖈𔖉𔖊𔖋𔖌𔖍𔖎𔖏𔖐𔖑𔖒𔖓𔖔𔖕𔖖𔖗𔖘𔖙𔖚𔖛𔖜𔖝𔖞𔖟𔖠𔖡𔖢𔖣𔖤𔖥𔖦𔖧𔖨𔖩𔖪𔖫𔖬𔖭𔖮𔖯𔖰𔖱𔖲𔖳𔖴𔖵𔖶
𔖷𔖸𔖹𔖺𔖻𔖼𔖽𔖾𔖿𔗀𔗁𔗂𔗃𔗄𔗅𔗆𔗇𔗈𔗉𔗊𔗋𔗌𔗍𔗎𔗏𔗐𔗑𔗒𔗓𔗔𔗕𔗖𔗗𔗘𔗙𔗚𔗛𔗜𔗝𔗞𔗟𔗠𔗡𔗢𔗣𔗤𔗥𔗦𔗧𔗨𔗩𔗪𔗫𔗬𔗭𔗮𔗯𔗰𔗱𔗲𔗳𔗴𔗵𔗶𔗷𔗸𔗹𔗺𔗻𔗼𔗽𔗾𔗿𔘀𔘁𔘂𔘃𔘄𔘅
𔘆𔘇𔘈𔘉𔘊𔘋𔘌𔘍𔘎𔘏𔘐𔘑𔘒𔘓𔘔𔘕𔘖𔘗𔘘𔘙𔘚𔘛𔘜𔘝𔘞𔘟𔘠𔘡𔘢𔘣𔘤𔘥𔘦𔘧𔘨𔘩𔘪𔘫𔘬𔘭𔘮𔘯𔘰𔘱𔘲𔘳𔘴𔘵𔘶𔘷𔘸𔘹𔘺𔘻𔘼𔘽𔘾𔘿𔙀𔙁𔙂𔙃𔙄𔙅𔙆𖠀𖠁𖠂𖠃𖠄𖠅𖠆𖠇𖠈𖠉𖠊𖠋𖠌𖠍
𖠎𖠏𖠐𖠑𖠒𖠓𖠔𖠕𖠖𖠗𖠘𖠙𖠚𖠛𖠜𖠝𖠞𖠟𖠠𖠡𖠢𖠣𖠤𖠥𖠦𖠧𖠨𖠩𖠪𖠫𖠬𖠭𖠮𖠯𖠰𖠱𖠲𖠳𖠴𖠵𖠶𖠷𖠸𖠹𖠺𖠻𖠼𖠽𖠾𖠿𖡀𖡁𖡂𖡃𖡄𖡅𖡆𖡇𖡈𖡉𖡊𖡋𖡌𖡍𖡎𖡏𖡐𖡑𖡒𖡓𖡔𖡕𖡖𖡗𖡘𖡙𖡚𖡛𖡜
𖡝𖡞𖡟𖡠𖡡𖡢𖡣𖡤𖡥𖡦𖡧𖡨𖡩𖡪𖡫𖡬𖡭𖡮𖡯𖡰𖡱𖡲𖡳𖡴𖡵𖡶𖡷𖡸𖡹𖡺𖡻𖡼𖡽𖡾𖡿𖢀𖢁𖢂𖢃𖢄𖢅𖢆𖢇𖢈𖢉𖢊𖢋𖢌𖢍𖢎𖢏𖢐𖢑𖢒𖢓𖢔𖢕𖢖𖢗𖢘𖢙𖢚𖢛𖢜𖢝𖢞𖢟𖢠𖢡𖢢𖢣𖢤𖢥𖢦𖢧𖢨𖢩𖢪𖢫
𖢬𖢭𖢮𖢯𖢰𖢱𖢲𖢳𖢴𖢵𖢶𖢷𖢸𖢹𖢺𖢻𖢼𖢽𖢾𖢿𖣀𖣁𖣂𖣃𖣄𖣅𖣆𖣇𖣈𖣉𖣊𖣋𖣌𖣍𖣎𖣏𖣐𖣑𖣒𖣓𖣔𖣕𖣖𖣗𖣘𖣙𖣚𖣛𖣜𖣝𖣞𖣟𖣠𖣡𖣢𖣣𖣤𖣥𖣦𖣧𖣨𖣩𖣪𖣫𖣬𖣭𖣮𖣯𖣰𖣱𖣲𖣳𖣴𖣵𖣶𖣷𖣸𖣹𖣺
𖣻𖣼𖣽𖣾𖣿𖤀𖤁𖤂𖤃𖤄𖤅𖤆𖤇𖤈𖤉𖤊𖤋𖤌𖤍𖤎𖤏𖤐𖤑𖤒𖤓𖤔𖤕𖤖𖤗𖤘𖤙𖤚𖤛𖤜𖤝𖤞𖤟𖤠𖤡𖤢𖤣𖤤𖤥𖤦𖤧𖤨𖤩𖤪𖤫𖤬𖤭𖤮𖤯𖤰𖤱𖤲𖤳𖤴𖤵𖤶𖤷𖤸𖤹𖤺𖤻𖤼𖤽𖤾𖤿𖥀𖥁𖥂𖥃𖥄𖥅𖥆𖥇𖥈𖥉
𖥊𖥋𖥌𖥍𖥎𖥏𖥐𖥑𖥒𖥓𖥔𖥕𖥖𖥗𖥘𖥙𖥚𖥛𖥜𖥝𖥞𖥟𖥠𖥡𖥢𖥣𖥤𖥥𖥦𖥧𖥨𖥩𖥪𖥫𖥬𖥭𖥮𖥯𖥰𖥱𖥲𖥳𖥴𖥵𖥶𖥷𖥸𖥹𖥺𖥻𖥼𖥽𖥾𖥿𖦀𖦁𖦂𖦃𖦄𖦅𖦆𖦇𖦈𖦉𖦊𖦋𖦌𖦍𖦎𖦏𖦐𖦑𖦒𖦓𖦔𖦕𖦖𖦗𖦘
𖦙𖦚𖦛𖦜𖦝𖦞𖦟𖦠𖦡𖦢𖦣𖦤𖦥𖦦𖦧𖦨𖦩𖦪𖦫𖦬𖦭𖦮𖦯𖦰𖦱𖦲𖦳𖦴𖦵𖦶𖦷𖦸𖦹𖦺𖦻𖦼𖦽𖦾𖦿𖧀𖧁𖧂𖧃𖧄𖧅𖧆𖧇𖧈𖧉𖧊𖧋𖧌𖧍𖧎𖧏𖧐𖧑𖧒𖧓𖧔𖧕𖧖𖧗𖧘𖧙𖧚𖧛𖧜𖧝𖧞𖧟𖧠𖧡𖧢𖧣𖧤𖧥𖧦𖧧
𖧨𖧩𖧪𖧫𖧬𖧭𖧮𖧯𖧰𖧱𖧲𖧳𖧴𖧵𖧶𖧷𖧸𖧹𖧺𖧻𖧼𖧽𖧾𖧿𖨀𖨁𖨂𖨃𖨄𖨅𖨆𖨇𖨈𖨉𖨊𖨋𖨌𖨍𖨎𖨏𖨐𖨑𖨒𖨓𖨔𖨕𖨖𖨗𖨘𖨙𖨚𖨛𖨜𖨝𖨞𖨟𖨠𖨡𖨢𖨣𖨤𖨥𖨦𖨧𖨨𖨩𖨪𖨫𖨬𖨭𖨮𖨯𖨰𖨱𖨲𖨳𖨴𖨵𖨶
𖨷𖨸𖩀𖩁𖩂𖩃𖩄𖩅𖩆𖩇𖩈𖩉𖩊𖩋𖩌𖩍𖩎𖩏𖩐𖩑𖩒𖩓𖩔𖩕𖩖𖩗𖩘𖩙𖩚𖩛𖩜𖩝𖩞𖫐𖫑𖫒𖫓𖫔𖫕𖫖𖫗𖫘𖫙𖫚𖫛𖫜𖫝𖫞𖫟𖫠𖫡𖫢𖫣𖫤𖫥𖫦𖫧𖫨𖫩𖫪𖫫𖫬𖫭𖬀𖬁𖬂𖬃𖬄𖬅𖬆𖬇𖬈𖬉𖬊𖬋𖬌𖬍𖬎𖬏
𖬐𖬑𖬒𖬓𖬔𖬕𖬖𖬗𖬘𖬙𖬚𖬛𖬜𖬝𖬞𖬟𖬠𖬡𖬢𖬣𖬤𖬥𖬦𖬧𖬨𖬩𖬪𖬫𖬬𖬭𖬮𖬯𖭀𖭁𖭂𖭃𖭣𖭤𖭥𖭦𖭧𖭨𖭩𖭪𖭫𖭬𖭭𖭮𖭯𖭰𖭱𖭲𖭳𖭴𖭵𖭶𖭷𖭽𖭾𖭿𖮀𖮁𖮂𖮃𖮄𖮅𖮆𖮇𖮈𖮉𖮊𖮋𖮌𖮍𖮎𖮏𖹀𖹁𖹂
𖹃𖹄𖹅𖹆𖹇𖹈𖹉𖹊𖹋𖹌𖹍𖹎𖹏𖹐𖹑𖹒𖹓𖹔𖹕𖹖𖹗𖹘𖹙𖹚𖹛𖹜𖹝𖹞𖹟𖹠𖹡𖹢𖹣𖹤𖹥𖹦𖹧𖹨𖹩𖹪𖹫𖹬𖹭𖹮𖹯𖹰𖹱𖹲𖹳𖹴𖹵𖹶𖹷𖹸𖹹𖹺𖹻𖹼𖹽𖹾𖹿𖼀𖼁𖼂𖼃𖼄𖼅𖼆𖼇𖼈𖼉𖼊𖼋𖼌𖼍𖼎𖼏𖼐𖼑
𖼒𖼓𖼔𖼕𖼖𖼗𖼘𖼙𖼚𖼛𖼜𖼝𖼞𖼟𖼠𖼡𖼢𖼣𖼤𖼥𖼦𖼧𖼨𖼩𖼪𖼫𖼬𖼭𖼮𖼯𖼰𖼱𖼲𖼳𖼴𖼵𖼶𖼷𖼸𖼹𖼺𖼻𖼼𖼽𖼾𖼿𖽀𖽁𖽂𖽃𖽄𖽅𖽆𖽇𖽈𖽉𖽊𖽐𖾓𖾔𖾕𖾖𖾗𖾘𖾙𖾚𖾛𖾜𖾝𖾞𖾟𖿠𖿡𖿣𗀀𘟷𘠀𘠁𘠂
𘠃𘠄𘠅𘠆𘠇𘠈𘠉𘠊𘠋𘠌𘠍𘠎𘠏𘠐𘠑𘠒𘠓𘠔𘠕𘠖𘠗𘠘𘠙𘠚𘠛𘠜𘠝𘠞𘠟𘠠𘠡𘠢𘠣𘠤𘠥𘠦𘠧𘠨𘠩𘠪𘠫𘠬𘠭𘠮𘠯𘠰𘠱𘠲𘠳𘠴𘠵𘠶𘠷𘠸𘠹𘠺𘠻𘠼𘠽𘠾𘠿𘡀𘡁𘡂𘡃𘡄𘡅𘡆𘡇𘡈𘡉𘡊𘡋𘡌𘡍𘡎𘡏𘡐𘡑
𘡒𘡓𘡔𘡕𘡖𘡗𘡘𘡙𘡚𘡛𘡜𘡝𘡞𘡟𘡠𘡡𘡢𘡣𘡤𘡥𘡦𘡧𘡨𘡩𘡪𘡫𘡬𘡭𘡮𘡯𘡰𘡱𘡲𘡳𘡴𘡵𘡶𘡷𘡸𘡹𘡺𘡻𘡼𘡽𘡾𘡿𘢀𘢁𘢂𘢃𘢄𘢅𘢆𘢇𘢈𘢉𘢊𘢋𘢌𘢍𘢎𘢏𘢐𘢑𘢒𘢓𘢔𘢕𘢖𘢗𘢘𘢙𘢚𘢛𘢜𘢝𘢞𘢟𘢠
𘢡𘢢𘢣𘢤𘢥𘢦𘢧𘢨𘢩𘢪𘢫𘢬𘢭𘢮𘢯𘢰𘢱𘢲𘢳𘢴𘢵𘢶𘢷𘢸𘢹𘢺𘢻𘢼𘢽𘢾𘢿𘣀𘣁𘣂𘣃𘣄𘣅𘣆𘣇𘣈𘣉𘣊𘣋𘣌𘣍𘣎𘣏𘣐𘣑𘣒𘣓𘣔𘣕𘣖𘣗𘣘𘣙𘣚𘣛𘣜𘣝𘣞𘣟𘣠𘣡𘣢𘣣𘣤𘣥𘣦𘣧𘣨𘣩𘣪𘣫𘣬𘣭𘣮𘣯
𘣰𘣱𘣲𘣳𘣴𘣵𘣶𘣷𘣸𘣹𘣺𘣻𘣼𘣽𘣾𘣿𘤀𘤁𘤂𘤃𘤄𘤅𘤆𘤇𘤈𘤉𘤊𘤋𘤌𘤍𘤎𘤏𘤐𘤑𘤒𘤓𘤔𘤕𘤖𘤗𘤘𘤙𘤚𘤛𘤜𘤝𘤞𘤟𘤠𘤡𘤢𘤣𘤤𘤥𘤦𘤧𘤨𘤩𘤪𘤫𘤬𘤭𘤮𘤯𘤰𘤱𘤲𘤳𘤴𘤵𘤶𘤷𘤸𘤹𘤺𘤻𘤼𘤽𘤾
𘤿𘥀𘥁𘥂𘥃𘥄𘥅𘥆𘥇𘥈𘥉𘥊𘥋𘥌𘥍𘥎𘥏𘥐𘥑𘥒𘥓𘥔𘥕𘥖𘥗𘥘𘥙𘥚𘥛𘥜𘥝𘥞𘥟𘥠𘥡𘥢𘥣𘥤𘥥𘥦𘥧𘥨𘥩𘥪𘥫𘥬𘥭𘥮𘥯𘥰𘥱𘥲𘥳𘥴𘥵𘥶𘥷𘥸𘥹𘥺𘥻𘥼𘥽𘥾𘥿𘦀𘦁𘦂𘦃𘦄𘦅𘦆𘦇𘦈𘦉𘦊𘦋𘦌𘦍
𘦎𘦏𘦐𘦑𘦒𘦓𘦔𘦕𘦖𘦗𘦘𘦙𘦚𘦛𘦜𘦝𘦞𘦟𘦠𘦡𘦢𘦣𘦤𘦥𘦦𘦧𘦨𘦩𘦪𘦫𘦬𘦭𘦮𘦯𘦰𘦱𘦲𘦳𘦴𘦵𘦶𘦷𘦸𘦹𘦺𘦻𘦼𘦽𘦾𘦿𘧀𘧁𘧂𘧃𘧄𘧅𘧆𘧇𘧈𘧉𘧊𘧋𘧌𘧍𘧎𘧏𘧐𘧑𘧒𘧓𘧔𘧕𘧖𘧗𘧘𘧙𘧚𘧛𘧜
𘧝𘧞𘧟𘧠𘧡𘧢𘧣𘧤𘧥𘧦𘧧𘧨𘧩𘧪𘧫𘧬𘧭𘧮𘧯𘧰𘧱𘧲𘧳𘧴𘧵𘧶𘧷𘧸𘧹𘧺𘧻𘧼𘧽𘧾𘧿𘨀𘨁𘨂𘨃𘨄𘨅𘨆𘨇𘨈𘨉𘨊𘨋𘨌𘨍𘨎𘨏𘨐𘨑𘨒𘨓𘨔𘨕𘨖𘨗𘨘𘨙𘨚𘨛𘨜𘨝𘨞𘨟𘨠𘨡𘨢𘨣𘨤𘨥𘨦𘨧𘨨𘨩𘨪𘨫
𘨬𘨭𘨮𘨯𘨰𘨱𘨲𘨳𘨴𘨵𘨶𘨷𘨸𘨹𘨺𘨻𘨼𘨽𘨾𘨿𘩀𘩁𘩂𘩃𘩄𘩅𘩆𘩇𘩈𘩉𘩊𘩋𘩌𘩍𘩎𘩏𘩐𘩑𘩒𘩓𘩔𘩕𘩖𘩗𘩘𘩙𘩚𘩛𘩜𘩝𘩞𘩟𘩠𘩡𘩢𘩣𘩤𘩥𘩦𘩧𘩨𘩩𘩪𘩫𘩬𘩭𘩮𘩯𘩰𘩱𘩲𘩳𘩴𘩵𘩶𘩷𘩸𘩹𘩺
𘩻𘩼𘩽𘩾𘩿𘪀𘪁𘪂𘪃𘪄𘪅𘪆𘪇𘪈𘪉𘪊𘪋𘪌𘪍𘪎𘪏𘪐𘪑𘪒𘪓𘪔𘪕𘪖𘪗𘪘𘪙𘪚𘪛𘪜𘪝𘪞𘪟𘪠𘪡𘪢𘪣𘪤𘪥𘪦𘪧𘪨𘪩𘪪𘪫𘪬𘪭𘪮𘪯𘪰𘪱𘪲𘪳𘪴𘪵𘪶𘪷𘪸𘪹𘪺𘪻𘪼𘪽𘪾𘪿𘫀𘫁𘫂𘫃𘫄𘫅𘫆𘫇𘫈𘫉
𘫊𘫋𘫌𘫍𘫎𘫏𘫐𘫑𘫒𘫓𘫔𘫕𘫖𘫗𘫘𘫙𘫚𘫛𘫜𘫝𘫞𘫟𘫠𘫡𘫢𘫣𘫤𘫥𘫦𘫧𘫨𘫩𘫪𘫫𘫬𘫭𘫮𘫯𘫰𘫱𘫲𛀀𛀁𛀂𛀃𛀄𛀅𛀆𛀇𛀈𛀉𛀊𛀋𛀌𛀍𛀎𛀏𛀐𛀑𛀒𛀓𛀔𛀕𛀖𛀗𛀘𛀙𛀚𛀛𛀜𛀝𛀞𛀟𛀠𛀡𛀢𛀣𛀤𛀥
𛀦𛀧𛀨𛀩𛀪𛀫𛀬𛀭𛀮𛀯𛀰𛀱𛀲𛀳𛀴𛀵𛀶𛀷𛀸𛀹𛀺𛀻𛀼𛀽𛀾𛀿𛁀𛁁𛁂𛁃𛁄𛁅𛁆𛁇𛁈𛁉𛁊𛁋𛁌𛁍𛁎𛁏𛁐𛁑𛁒𛁓𛁔𛁕𛁖𛁗𛁘𛁙𛁚𛁛𛁜𛁝𛁞𛁟𛁠𛁡𛁢𛁣𛁤𛁥𛁦𛁧𛁨𛁩𛁪𛁫𛁬𛁭𛁮𛁯𛁰𛁱𛁲𛁳𛁴
𛁵𛁶𛁷𛁸𛁹𛁺𛁻𛁼𛁽𛁾𛁿𛂀𛂁𛂂𛂃𛂄𛂅𛂆𛂇𛂈𛂉𛂊𛂋𛂌𛂍𛂎𛂏𛂐𛂑𛂒𛂓𛂔𛂕𛂖𛂗𛂘𛂙𛂚𛂛𛂜𛂝𛂞𛂟𛂠𛂡𛂢𛂣𛂤𛂥𛂦𛂧𛂨𛂩𛂪𛂫𛂬𛂭𛂮𛂯𛂰𛂱𛂲𛂳𛂴𛂵𛂶𛂷𛂸𛂹𛂺𛂻𛂼𛂽𛂾𛂿𛃀𛃁𛃂𛃃
𛃄𛃅𛃆𛃇𛃈𛃉𛃊𛃋𛃌𛃍𛃎𛃏𛃐𛃑𛃒𛃓𛃔𛃕𛃖𛃗𛃘𛃙𛃚𛃛𛃜𛃝𛃞𛃟𛃠𛃡𛃢𛃣𛃤𛃥𛃦𛃧𛃨𛃩𛃪𛃫𛃬𛃭𛃮𛃯𛃰𛃱𛃲𛃳𛃴𛃵𛃶𛃷𛃸𛃹𛃺𛃻𛃼𛃽𛃾𛃿𛄀𛄁𛄂𛄃𛄄𛄅𛄆𛄇𛄈𛄉𛄊𛄋𛄌𛄍𛄎𛄏𛄐𛄑𛄒
𛄓𛄔𛄕𛄖𛄗𛄘𛄙𛄚𛄛𛄜𛄝𛄞𛅐𛅑𛅒𛅤𛅥𛅦𛅧𛅰𛅱𛅲𛅳𛅴𛅵𛅶𛅷𛅸𛅹𛅺𛅻𛅼𛅽𛅾𛅿𛆀𛆁𛆂𛆃𛆄𛆅𛆆𛆇𛆈𛆉𛆊𛆋𛆌𛆍𛆎𛆏𛆐𛆑𛆒𛆓𛆔𛆕𛆖𛆗𛆘𛆙𛆚𛆛𛆜𛆝𛆞𛆟𛆠𛆡𛆢𛆣𛆤𛆥𛆦𛆧𛆨𛆩𛆪𛆫
𛆬𛆭𛆮𛆯𛆰𛆱𛆲𛆳𛆴𛆵𛆶𛆷𛆸𛆹𛆺𛆻𛆼𛆽𛆾𛆿𛇀𛇁𛇂𛇃𛇄𛇅𛇆𛇇𛇈𛇉𛇊𛇋𛇌𛇍𛇎𛇏𛇐𛇑𛇒𛇓𛇔𛇕𛇖𛇗𛇘𛇙𛇚𛇛𛇜𛇝𛇞𛇟𛇠𛇡𛇢𛇣𛇤𛇥𛇦𛇧𛇨𛇩𛇪𛇫𛇬𛇭𛇮𛇯𛇰𛇱𛇲𛇳𛇴𛇵𛇶𛇷𛇸𛇹𛇺
𛇻𛇼𛇽𛇾𛇿𛈀𛈁𛈂𛈃𛈄𛈅𛈆𛈇𛈈𛈉𛈊𛈋𛈌𛈍𛈎𛈏𛈐𛈑𛈒𛈓𛈔𛈕𛈖𛈗𛈘𛈙𛈚𛈛𛈜𛈝𛈞𛈟𛈠𛈡𛈢𛈣𛈤𛈥𛈦𛈧𛈨𛈩𛈪𛈫𛈬𛈭𛈮𛈯𛈰𛈱𛈲𛈳𛈴𛈵𛈶𛈷𛈸𛈹𛈺𛈻𛈼𛈽𛈾𛈿𛉀𛉁𛉂𛉃𛉄𛉅𛉆𛉇𛉈𛉉
𛉊𛉋𛉌𛉍𛉎𛉏𛉐𛉑𛉒𛉓𛉔𛉕𛉖𛉗𛉘𛉙𛉚𛉛𛉜𛉝𛉞𛉟𛉠𛉡𛉢𛉣𛉤𛉥𛉦𛉧𛉨𛉩𛉪𛉫𛉬𛉭𛉮𛉯𛉰𛉱𛉲𛉳𛉴𛉵𛉶𛉷𛉸𛉹𛉺𛉻𛉼𛉽𛉾𛉿𛊀𛊁𛊂𛊃𛊄𛊅𛊆𛊇𛊈𛊉𛊊𛊋𛊌𛊍𛊎𛊏𛊐𛊑𛊒𛊓𛊔𛊕𛊖𛊗𛊘
𛊙𛊚𛊛𛊜𛊝𛊞𛊟𛊠𛊡𛊢𛊣𛊤𛊥𛊦𛊧𛊨𛊩𛊪𛊫𛊬𛊭𛊮𛊯𛊰𛊱𛊲𛊳𛊴𛊵𛊶𛊷𛊸𛊹𛊺𛊻𛊼𛊽𛊾𛊿𛋀𛋁𛋂𛋃𛋄𛋅𛋆𛋇𛋈𛋉𛋊𛋋𛋌𛋍𛋎𛋏𛋐𛋑𛋒𛋓𛋔𛋕𛋖𛋗𛋘𛋙𛋚𛋛𛋜𛋝𛋞𛋟𛋠𛋡𛋢𛋣𛋤𛋥𛋦𛋧
𛋨𛋩𛋪𛋫𛋬𛋭𛋮𛋯𛋰𛋱𛋲𛋳𛋴𛋵𛋶𛋷𛋸𛋹𛋺𛋻𛰀𛰁𛰂𛰃𛰄𛰅𛰆𛰇𛰈𛰉𛰊𛰋𛰌𛰍𛰎𛰏𛰐𛰑𛰒𛰓𛰔𛰕𛰖𛰗𛰘𛰙𛰚𛰛𛰜𛰝𛰞𛰟𛰠𛰡𛰢𛰣𛰤𛰥𛰦𛰧𛰨𛰩𛰪𛰫𛰬𛰭𛰮𛰯𛰰𛰱𛰲𛰳𛰴𛰵𛰶𛰷𛰸𛰹𛰺
𛰻𛰼𛰽𛰾𛰿𛱀𛱁𛱂𛱃𛱄𛱅𛱆𛱇𛱈𛱉𛱊𛱋𛱌𛱍𛱎𛱏𛱐𛱑𛱒𛱓𛱔𛱕𛱖𛱗𛱘𛱙𛱚𛱛𛱜𛱝𛱞𛱟𛱠𛱡𛱢𛱣𛱤𛱥𛱦𛱧𛱨𛱩𛱪𛱰𛱱𛱲𛱳𛱴𛱵𛱶𛱷𛱸𛱹𛱺𛱻𛱼𛲀𛲁𛲂𛲃𛲄𛲅𛲆𛲇𛲈𛲐𛲑𛲒𛲓𛲔𛲕𛲖𛲗𛲘
𛲙𝐀𝐁𝐂𝐃𝐄𝐅𝐆𝐇𝐈𝐉𝐊𝐋𝐌𝐍𝐎𝐏𝐐𝐑𝐒𝐓𝐔𝐕𝐖𝐗𝐘𝐙𝐚𝐛𝐜𝐝𝐞𝐟𝐠𝐡𝐢𝐣𝐤𝐥𝐦𝐧𝐨𝐩𝐪𝐫𝐬𝐭𝐮𝐯𝐰𝐱𝐲𝐳𝐴𝐵𝐶𝐷𝐸𝐹𝐺𝐻𝐼𝐽𝐾𝐿𝑀𝑁𝑂𝑃𝑄𝑅𝑆𝑇𝑈𝑉𝑊𝑋𝑌𝑍
𝑎𝑏𝑐𝑑𝑒𝑓𝑔𝑖𝑗𝑘𝑙𝑚𝑛𝑜𝑝𝑞𝑟𝑠𝑡𝑢𝑣𝑤𝑥𝑦𝑧𝑨𝑩𝑪𝑫𝑬𝑭𝑮𝑯𝑰𝑱𝑲𝑳𝑴𝑵𝑶𝑷𝑸𝑹𝑺𝑻𝑼𝑽𝑾𝑿𝒀𝒁𝒂𝒃𝒄𝒅𝒆𝒇𝒈𝒉𝒊𝒋𝒌𝒍𝒎𝒏𝒐𝒑𝒒𝒓𝒔𝒕𝒖𝒗𝒘𝒙𝒚𝒛𝒜𝒞
𝒟𝒢𝒥𝒦𝒩𝒪𝒫𝒬𝒮𝒯𝒰𝒱𝒲𝒳𝒴𝒵𝒶𝒷𝒸𝒹𝒻𝒽𝒾𝒿𝓀𝓁𝓂𝓃𝓅𝓆𝓇𝓈𝓉𝓊𝓋𝓌𝓍𝓎𝓏𝓐𝓑𝓒𝓓𝓔𝓕𝓖𝓗𝓘𝓙𝓚𝓛𝓜𝓝𝓞𝓟𝓠𝓡𝓢𝓣𝓤𝓥𝓦𝓧𝓨𝓩𝓪𝓫𝓬𝓭𝓮𝓯𝓰𝓱𝓲𝓳𝓴𝓵𝓶𝓷
𝓸𝓹𝓺𝓻𝓼𝓽𝓾𝓿𝔀𝔁𝔂𝔃𝔄𝔅𝔇𝔈𝔉𝔊𝔍𝔎𝔏𝔐𝔑𝔒𝔓𝔔𝔖𝔗𝔘𝔙𝔚𝔛𝔜𝔞𝔟𝔠𝔡𝔢𝔣𝔤𝔥𝔦𝔧𝔨𝔩𝔪𝔫𝔬𝔭𝔮𝔯𝔰𝔱𝔲𝔳𝔴𝔵𝔶𝔷𝔸𝔹𝔻𝔼𝔽𝔾𝕀𝕁𝕂𝕃𝕄𝕆𝕊𝕋𝕌𝕍𝕎𝕏𝕐𝕒
𝕓𝕔𝕕𝕖𝕗𝕘𝕙𝕚𝕛𝕜𝕝𝕞𝕟𝕠𝕡𝕢𝕣𝕤𝕥𝕦𝕧𝕨𝕩𝕪𝕫𝕬𝕭𝕮𝕯𝕰𝕱𝕲𝕳𝕴𝕵𝕶𝕷𝕸𝕹𝕺𝕻𝕼𝕽𝕾𝕿𝖀𝖁𝖂𝖃𝖄𝖅𝖆𝖇𝖈𝖉𝖊𝖋𝖌𝖍𝖎𝖏𝖐𝖑𝖒𝖓𝖔𝖕𝖖𝖗𝖘𝖙𝖚𝖛𝖜𝖝𝖞𝖟𝖠𝖡
𝖢𝖣𝖤𝖥𝖦𝖧𝖨𝖩𝖪𝖫𝖬𝖭𝖮𝖯𝖰𝖱𝖲𝖳𝖴𝖵𝖶𝖷𝖸𝖹𝖺𝖻𝖼𝖽𝖾𝖿𝗀𝗁𝗂𝗃𝗄𝗅𝗆𝗇𝗈𝗉𝗊𝗋𝗌𝗍𝗎𝗏𝗐𝗑𝗒𝗓𝗔𝗕𝗖𝗗𝗘𝗙𝗚𝗛𝗜𝗝𝗞𝗟𝗠𝗡𝗢𝗣𝗤𝗥𝗦𝗧𝗨𝗩𝗪𝗫𝗬𝗭𝗮𝗯𝗰
𝗱𝗲𝗳𝗴𝗵𝗶𝗷𝗸𝗹𝗺𝗻𝗼𝗽𝗾𝗿𝘀𝘁𝘂𝘃𝘄𝘅𝘆𝘇𝘈𝘉𝘊𝘋𝘌𝘍𝘎𝘏𝘐𝘑𝘒𝘓𝘔𝘕𝘖𝘗𝘘𝘙𝘚𝘛𝘜𝘝𝘞𝘟𝘠𝘡𝘢𝘣𝘤𝘥𝘦𝘧𝘨𝘩𝘪𝘫𝘬𝘭𝘮𝘯𝘰𝘱𝘲𝘳𝘴𝘵𝘶𝘷𝘸𝘹𝘺𝘻𝘼𝘽𝘾𝘿
𝙀𝙁𝙂𝙃𝙄𝙅𝙆𝙇𝙈𝙉𝙊𝙋𝙌𝙍𝙎𝙏𝙐𝙑𝙒𝙓𝙔𝙕𝙖𝙗𝙘𝙙𝙚𝙛𝙜𝙝𝙞𝙟𝙠𝙡𝙢𝙣𝙤𝙥𝙦𝙧𝙨𝙩𝙪𝙫𝙬𝙭𝙮𝙯𝙰𝙱𝙲𝙳𝙴𝙵𝙶𝙷𝙸𝙹𝙺𝙻𝙼𝙽𝙾𝙿𝚀𝚁𝚂𝚃𝚄𝚅𝚆𝚇𝚈𝚉𝚊𝚋𝚌𝚍𝚎
𝚏𝚐𝚑𝚒𝚓𝚔𝚕𝚖𝚗𝚘𝚙𝚚𝚛𝚜𝚝𝚞𝚟𝚠𝚡𝚢𝚣𝚤𝚥𝚨𝚩𝚪𝚫𝚬𝚭𝚮𝚯𝚰𝚱𝚲𝚳𝚴𝚵𝚶𝚷𝚸𝚹𝚺𝚻𝚼𝚽𝚾𝚿𝛀𝛂𝛃𝛄𝛅𝛆𝛇𝛈𝛉𝛊𝛋𝛌𝛍𝛎𝛏𝛐𝛑𝛒𝛓𝛔𝛕𝛖𝛗𝛘𝛙𝛚𝛜𝛝𝛞𝛟𝛠𝛡
𝛢𝛣𝛤𝛥𝛦𝛧𝛨𝛩𝛪𝛫𝛬𝛭𝛮𝛯𝛰𝛱𝛲𝛳𝛴𝛵𝛶𝛷𝛸𝛹𝛺𝛼𝛽𝛾𝛿𝜀𝜁𝜂𝜃𝜄𝜅𝜆𝜇𝜈𝜉𝜊𝜋𝜌𝜍𝜎𝜏𝜐𝜑𝜒𝜓𝜔𝜖𝜗𝜘𝜙𝜚𝜛𝜜𝜝𝜞𝜟𝜠𝜡𝜢𝜣𝜤𝜥𝜦𝜧𝜨𝜩𝜪𝜫𝜬𝜭𝜮𝜯𝜰𝜱𝜲
𝜳𝜴𝜶𝜷𝜸𝜹𝜺𝜻𝜼𝜽𝜾𝜿𝝀𝝁𝝂𝝃𝝄𝝅𝝆𝝇𝝈𝝉𝝊𝝋𝝌𝝍𝝎𝝐𝝑𝝒𝝓𝝔𝝕𝝖𝝗𝝘𝝙𝝚𝝛𝝜𝝝𝝞𝝟𝝠𝝡𝝢𝝣𝝤𝝥𝝦𝝧𝝨𝝩𝝪𝝫𝝬𝝭𝝮𝝰𝝱𝝲𝝳𝝴𝝵𝝶𝝷𝝸𝝹𝝺𝝻𝝼𝝽𝝾𝝿𝞀𝞁𝞂𝞃𝞄
𝞅𝞆𝞇𝞈𝞊𝞋𝞌𝞍𝞎𝞏𝞐𝞑𝞒𝞓𝞔𝞕𝞖𝞗𝞘𝞙𝞚𝞛𝞜𝞝𝞞𝞟𝞠𝞡𝞢𝞣𝞤𝞥𝞦𝞧𝞨𝞪𝞫𝞬𝞭𝞮𝞯𝞰𝞱𝞲𝞳𝞴𝞵𝞶𝞷𝞸𝞹𝞺𝞻𝞼𝞽𝞾𝞿𝟀𝟁𝟂𝟄𝟅𝟆𝟇𝟈𝟉𝟊𝟋𞄀𞄁𞄂𞄃𞄄𞄅𞄆𞄇𞄈𞄉𞄊
𞄋𞄌𞄍𞄎𞄏𞄐𞄑𞄒𞄓𞄔𞄕𞄖𞄗𞄘𞄙𞄚𞄛𞄜𞄝𞄞𞄟𞄠𞄡𞄢𞄣𞄤𞄥𞄦𞄧𞄨𞄩𞄪𞄫𞄬𞄷𞄸𞄹𞄺𞄻𞄼𞄽𞅎𞋀𞋁𞋂𞋃𞋄𞋅𞋆𞋇𞋈𞋉𞋊𞋋𞋌𞋍𞋎𞋏𞋐𞋑𞋒𞋓𞋔𞋕𞋖𞋗𞋘𞋙𞋚𞋛𞋜𞋝𞋞𞋟𞋠𞋡𞋢𞋣𞋤
𞋥𞋦𞋧𞋨𞋩𞋪𞋫𞠀𞠁𞠂𞠃𞠄𞠅𞠆𞠇𞠈𞠉𞠊𞠋𞠌𞠍𞠎𞠏𞠐𞠑𞠒𞠓𞠔𞠕𞠖𞠗𞠘𞠙𞠚𞠛𞠜𞠝𞠞𞠟𞠠𞠡𞠢𞠣𞠤𞠥𞠦𞠧𞠨𞠩𞠪𞠫𞠬𞠭𞠮𞠯𞠰𞠱𞠲𞠳𞠴𞠵𞠶𞠷𞠸𞠹𞠺𞠻𞠼𞠽𞠾𞠿𞡀𞡁𞡂𞡃𞡄𞡅𞡆𞡇
𞡈𞡉𞡊𞡋𞡌𞡍𞡎𞡏𞡐𞡑𞡒𞡓𞡔𞡕𞡖𞡗𞡘𞡙𞡚𞡛𞡜𞡝𞡞𞡟𞡠𞡡𞡢𞡣𞡤𞡥𞡦𞡧𞡨𞡩𞡪𞡫𞡬𞡭𞡮𞡯𞡰𞡱𞡲𞡳𞡴𞡵𞡶𞡷𞡸𞡹𞡺𞡻𞡼𞡽𞡾𞡿𞢀𞢁𞢂𞢃𞢄𞢅𞢆𞢇𞢈𞢉𞢊𞢋𞢌𞢍𞢎𞢏𞢐𞢑𞢒𞢓𞢔𞢕𞢖
𞢗𞢘𞢙𞢚𞢛𞢜𞢝𞢞𞢟𞢠𞢡𞢢𞢣𞢤𞢥𞢦𞢧𞢨𞢩𞢪𞢫𞢬𞢭𞢮𞢯𞢰𞢱𞢲𞢳𞢴𞢵𞢶𞢷𞢸𞢹𞢺𞢻𞢼𞢽𞢾𞢿𞣀𞣁𞣂𞣃𞣄𞤀𞤁𞤂𞤃𞤄𞤅𞤆𞤇𞤈𞤉𞤊𞤋𞤌𞤍𞤎𞤏𞤐𞤑𞤒𞤓𞤔𞤕𞤖𞤗𞤘𞤙𞤚𞤛𞤜𞤝𞤞𞤟𞤠
𞤡𞤢𞤣𞤤𞤥𞤦𞤧𞤨𞤩𞤪𞤫𞤬𞤭𞤮𞤯𞤰𞤱𞤲𞤳𞤴𞤵𞤶𞤷𞤸𞤹𞤺𞤻𞤼𞤽𞤾𞤿𞥀𞥁𞥂𞥃𞥋𞸀𞸁𞸂𞸃𞸅𞸆𞸇𞸈𞸉𞸊𞸋𞸌𞸍𞸎𞸏𞸐𞸑𞸒𞸓𞸔𞸕𞸖𞸗𞸘𞸙𞸚𞸛𞸜𞸝𞸞𞸟𞸡𞸢𞸤𞸧𞸩𞸪𞸫𞸬𞸭𞸮𞸯𞸰
𞸱𞸲𞸴𞸵𞸶𞸷𞸹𞸻𞹂𞹇𞹉𞹋𞹍𞹎𞹏𞹑𞹒𞹔𞹗𞹙𞹛𞹝𞹟𞹡𞹢𞹤𞹧𞹨𞹩𞹪𞹬𞹭𞹮𞹯𞹰𞹱𞹲𞹴𞹵𞹶𞹷𞹹𞹺𞹻𞹼𞹾𞺀𞺁𞺂𞺃𞺄𞺅𞺆𞺇𞺈𞺉𞺋𞺌𞺍𞺎𞺏𞺐𞺑𞺒𞺓𞺔𞺕𞺖𞺗𞺘𞺙𞺚𞺛𞺡𞺢𞺣𞺥𞺦𞺧
𞺨𞺩𞺫𞺬𞺭𞺮𞺯𞺰𞺱𞺲𞺳𞺴𞺵𞺶𞺷𞺸𞺹𞺺𞺻𠀀𪛖𪜀𫜴𫝀𫠝𫠠𬺡𬺰𮯠丽丸乁𠄢你侮侻倂偺備僧像㒞𠘺免兔兤具𠔜㒹內再𠕋冗冤仌冬况𩇟凵刃㓟刻剆割剷㔕勇勉勤勺包匆北卉卑博即卽卿
卿卿𠨬灰及叟𠭣叫叱吆咞吸呈周咢哶唐啓啣善善喙喫喳嗂圖嘆圗噑噴切壮城埴堍型堲報墬𡓤売壷夆多夢奢𡚨𡛪姬娛娧姘婦㛮㛼嬈嬾嬾𡧈寃寘寧寳𡬘寿将当尢㞁屠屮峀岍𡷤嵃𡷦嵮嵫嵼
巡巢㠯巽帨帽幩㡢𢆃㡼庰庳庶廊𪎒廾𢌱𢌱舁弢弢㣇𣊸𦇚形彫㣣徚忍志忹悁㤺㤜悔𢛔惇慈慌慎慌慺憎憲憤憯懞懲懶成戛扝抱拔捐𢬌挽拼捨掃揤𢯱搢揅掩㨮摩摾撝摷㩬敏敬𣀊旣書晉㬙暑
㬈㫤冒冕最暜肭䏙朗望朡杞杓𣏃㭉柺枅桒梅𣑭梎栟椔㮝楂榣槪檨𣚣櫛㰘次𣢧歔㱎歲殟殺殻𣪍𡴋𣫺汎𣲼沿泍汧洖派海流浩浸涅𣴞洴港湮㴳滋滇𣻑淹潮𣽞𣾎濆瀹瀞瀛㶖灊災灷炭𠔥煅𤉣熜
𤎫爨爵牐𤘈犀犕𤜵𤠔獺王㺬玥㺸㺸瑇瑜瑱璅瓊㼛甤𤰶甾𤲒異𢆟瘐𤾡𤾸𥁄㿼䀈直𥃳𥃲𥄙𥄳眞真真睊䀹瞋䁆䂖𥐝硎碌磌䃣𥘦祖𥚚𥛅福秫䄯穀穊穏𥥼𥪧𥪧竮䈂𥮫篆築䈧𥲀糒䊠糨糣紀𥾆絣䌁
緇縂繅䌴𦈨𦉇䍙𦋙罺𦌾羕翺者𦓚𦔣聠𦖨聰𣍟䏕育脃䐋脾媵𦞧𦞵𣎓𣎜舁舄辞䑫芑芋芝劳花芳芽苦𦬼若茝荣莭茣莽菧著荓菊菌菜𦰶𦵫𦳕䔫蓱蓳蔖𧏊蕤𦼬䕝䕡𦾱𧃒䕫虐虜虧虩蚩蚈蜎蛢蝹蜨
蝫螆䗗蟡蠁䗹衠衣𧙧裗裞䘵裺㒻𧢮𧥦䚾䛇誠諭變豕𧲨貫賁贛起𧼯𠠄跋趼跰𠣞軔輸𨗒𨗭邔郱鄑𨜮鄛鈸鋗鋘鉼鏹鐕𨯺開䦕閷𨵷䧦雃嶲霣𩅅𩈚䩮䩶韠𩐊䪲𩒖頋頋頩𩖶飢䬳餩馧駂駾䯎𩬰鬒鱀
鳽䳎䳭鵧𪃎䳸𪄅𪈎𪊑麻䵖黹黾鼅鼏鼖鼻𪘀
