0x30 is zero
0x660 is zero
0x6f0 is zero
0x7c0 is zero
0x966 is zero
0x9e6 is zero
0xa66 is zero
0xae6 is zero
0xb66 is zero
0xbe6 is zero
0xc66 is zero
0xc78 is zero
0xce6 is zero
0xd66 is zero
0xde6 is zero
0xe50 is zero
0xed0 is zero
0xf20 is zero
0x1040 is zero
0x1090 is zero
0x17e0 is zero
0x1810 is zero
0x1946 is zero
0x19d0 is zero
0x1a80 is zero
0x1a90 is zero
0x1b50 is zero
0x1bb0 is zero
0x1c40 is zero
0x1c50 is zero
0x24ea is zero
0x24ff is zero
0xa620 is zero
0xa8d0 is zero
0xa8e0 is zero
0xa900 is zero
0xa9d0 is zero
0xa9f0 is zero
0xaa50 is zero
0xabf0 is zero
0xff10 is zero
0x104a0 is zero
0x10d30 is zero
0x11066 is zero
0x110f0 is zero
0x11136 is zero
0x111d0 is zero
0x112f0 is zero
0x11366 is zero
0x11450 is zero
0x114d0 is zero
0x11650 is zero
0x116c0 is zero
0x11730 is zero
0x118e0 is zero
0x11c50 is zero
0x11d50 is zero
0x11da0 is zero
0x16a60 is zero
0x16b50 is zero
0x16e80 is zero
0x1d7ce is zero
0x1d7d8 is zero
0x1d7e2 is zero
0x1d7ec is zero
0x1d7f6 is zero
0x1e140 is zero
0x1e2f0 is zero
0x1e950 is zero
0x1f100 is zero
0x1f101 is zero
0x1f10b is zero
0x1f10c is zero
0xe0030 is zero
