0x41 lowercase is 0x61
0x42 lowercase is 0x62
0x43 lowercase is 0x63
0x44 lowercase is 0x64
0x45 lowercase is 0x65
0x46 lowercase is 0x66
0x47 lowercase is 0x67
0x48 lowercase is 0x68
0x49 lowercase is 0x69
0x4a lowercase is 0x6a
0x4b lowercase is 0x6b
0x4c lowercase is 0x6c
0x4d lowercase is 0x6d
0x4e lowercase is 0x6e
0x4f lowercase is 0x6f
0x50 lowercase is 0x70
0x51 lowercase is 0x71
0x52 lowercase is 0x72
0x53 lowercase is 0x73
0x54 lowercase is 0x74
0x55 lowercase is 0x75
0x56 lowercase is 0x76
0x57 lowercase is 0x77
0x58 lowercase is 0x78
0x59 lowercase is 0x79
0x5a lowercase is 0x7a
0xc0 lowercase is 0xe0
0xc1 lowercase is 0xe1
0xc2 lowercase is 0xe2
0xc3 lowercase is 0xe3
0xc4 lowercase is 0xe4
0xc5 lowercase is 0xe5
0xc6 lowercase is 0xe6
0xc7 lowercase is 0xe7
0xc8 lowercase is 0xe8
0xc9 lowercase is 0xe9
0xca lowercase is 0xea
0xcb lowercase is 0xeb
0xcc lowercase is 0xec
0xcd lowercase is 0xed
0xce lowercase is 0xee
0xcf lowercase is 0xef
0xd0 lowercase is 0xf0
0xd1 lowercase is 0xf1
0xd2 lowercase is 0xf2
0xd3 lowercase is 0xf3
0xd4 lowercase is 0xf4
0xd5 lowercase is 0xf5
0xd6 lowercase is 0xf6
0xd8 lowercase is 0xf8
0xd9 lowercase is 0xf9
0xda lowercase is 0xfa
0xdb lowercase is 0xfb
0xdc lowercase is 0xfc
0xdd lowercase is 0xfd
0xde lowercase is 0xfe
0x100 lowercase is 0x101
0x102 lowercase is 0x103
0x104 lowercase is 0x105
0x106 lowercase is 0x107
0x108 lowercase is 0x109
0x10a lowercase is 0x10b
0x10c lowercase is 0x10d
0x10e lowercase is 0x10f
0x110 lowercase is 0x111
0x112 lowercase is 0x113
0x114 lowercase is 0x115
0x116 lowercase is 0x117
0x118 lowercase is 0x119
0x11a lowercase is 0x11b
0x11c lowercase is 0x11d
0x11e lowercase is 0x11f
0x120 lowercase is 0x121
0x122 lowercase is 0x123
0x124 lowercase is 0x125
0x126 lowercase is 0x127
0x128 lowercase is 0x129
0x12a lowercase is 0x12b
0x12c lowercase is 0x12d
0x12e lowercase is 0x12f
0x130 lowercase is 0x69
0x132 lowercase is 0x133
0x134 lowercase is 0x135
0x136 lowercase is 0x137
0x139 lowercase is 0x13a
0x13b lowercase is 0x13c
0x13d lowercase is 0x13e
0x13f lowercase is 0x140
0x141 lowercase is 0x142
0x143 lowercase is 0x144
0x145 lowercase is 0x146
0x147 lowercase is 0x148
0x14a lowercase is 0x14b
0x14c lowercase is 0x14d
0x14e lowercase is 0x14f
0x150 lowercase is 0x151
0x152 lowercase is 0x153
0x154 lowercase is 0x155
0x156 lowercase is 0x157
0x158 lowercase is 0x159
0x15a lowercase is 0x15b
0x15c lowercase is 0x15d
0x15e lowercase is 0x15f
0x160 lowercase is 0x161
0x162 lowercase is 0x163
0x164 lowercase is 0x165
0x166 lowercase is 0x167
0x168 lowercase is 0x169
0x16a lowercase is 0x16b
0x16c lowercase is 0x16d
0x16e lowercase is 0x16f
0x170 lowercase is 0x171
0x172 lowercase is 0x173
0x174 lowercase is 0x175
0x176 lowercase is 0x177
0x178 lowercase is 0xff
0x179 lowercase is 0x17a
0x17b lowercase is 0x17c
0x17d lowercase is 0x17e
0x181 lowercase is 0x253
0x182 lowercase is 0x183
0x184 lowercase is 0x185
0x186 lowercase is 0x254
0x187 lowercase is 0x188
0x189 lowercase is 0x256
0x18a lowercase is 0x257
0x18b lowercase is 0x18c
0x18e lowercase is 0x1dd
0x18f lowercase is 0x259
0x190 lowercase is 0x25b
0x191 lowercase is 0x192
0x193 lowercase is 0x260
0x194 lowercase is 0x263
0x196 lowercase is 0x269
0x197 lowercase is 0x268
0x198 lowercase is 0x199
0x19c lowercase is 0x26f
0x19d lowercase is 0x272
0x19f lowercase is 0x275
0x1a0 lowercase is 0x1a1
0x1a2 lowercase is 0x1a3
0x1a4 lowercase is 0x1a5
0x1a6 lowercase is 0x280
0x1a7 lowercase is 0x1a8
0x1a9 lowercase is 0x283
0x1ac lowercase is 0x1ad
0x1ae lowercase is 0x288
0x1af lowercase is 0x1b0
0x1b1 lowercase is 0x28a
0x1b2 lowercase is 0x28b
0x1b3 lowercase is 0x1b4
0x1b5 lowercase is 0x1b6
0x1b7 lowercase is 0x292
0x1b8 lowercase is 0x1b9
0x1bc lowercase is 0x1bd
0x1c4 lowercase is 0x1c6
0x1c5 lowercase is 0x1c6
0x1c7 lowercase is 0x1c9
0x1c8 lowercase is 0x1c9
0x1ca lowercase is 0x1cc
0x1cb lowercase is 0x1cc
0x1cd lowercase is 0x1ce
0x1cf lowercase is 0x1d0
0x1d1 lowercase is 0x1d2
0x1d3 lowercase is 0x1d4
0x1d5 lowercase is 0x1d6
0x1d7 lowercase is 0x1d8
0x1d9 lowercase is 0x1da
0x1db lowercase is 0x1dc
0x1de lowercase is 0x1df
0x1e0 lowercase is 0x1e1
0x1e2 lowercase is 0x1e3
0x1e4 lowercase is 0x1e5
0x1e6 lowercase is 0x1e7
0x1e8 lowercase is 0x1e9
0x1ea lowercase is 0x1eb
0x1ec lowercase is 0x1ed
0x1ee lowercase is 0x1ef
0x1f1 lowercase is 0x1f3
0x1f2 lowercase is 0x1f3
0x1f4 lowercase is 0x1f5
0x1f6 lowercase is 0x195
0x1f7 lowercase is 0x1bf
0x1f8 lowercase is 0x1f9
0x1fa lowercase is 0x1fb
0x1fc lowercase is 0x1fd
0x1fe lowercase is 0x1ff
0x200 lowercase is 0x201
0x202 lowercase is 0x203
0x204 lowercase is 0x205
0x206 lowercase is 0x207
0x208 lowercase is 0x209
0x20a lowercase is 0x20b
0x20c lowercase is 0x20d
0x20e lowercase is 0x20f
0x210 lowercase is 0x211
0x212 lowercase is 0x213
0x214 lowercase is 0x215
0x216 lowercase is 0x217
0x218 lowercase is 0x219
0x21a lowercase is 0x21b
0x21c lowercase is 0x21d
0x21e lowercase is 0x21f
0x220 lowercase is 0x19e
0x222 lowercase is 0x223
0x224 lowercase is 0x225
0x226 lowercase is 0x227
0x228 lowercase is 0x229
0x22a lowercase is 0x22b
0x22c lowercase is 0x22d
0x22e lowercase is 0x22f
0x230 lowercase is 0x231
0x232 lowercase is 0x233
0x23a lowercase is 0x2c65
0x23b lowercase is 0x23c
0x23d lowercase is 0x19a
0x23e lowercase is 0x2c66
0x241 lowercase is 0x242
0x243 lowercase is 0x180
0x244 lowercase is 0x289
0x245 lowercase is 0x28c
0x246 lowercase is 0x247
0x248 lowercase is 0x249
0x24a lowercase is 0x24b
0x24c lowercase is 0x24d
0x24e lowercase is 0x24f
0x370 lowercase is 0x371
0x372 lowercase is 0x373
0x376 lowercase is 0x377
0x37f lowercase is 0x3f3
0x386 lowercase is 0x3ac
0x388 lowercase is 0x3ad
0x389 lowercase is 0x3ae
0x38a lowercase is 0x3af
0x38c lowercase is 0x3cc
0x38e lowercase is 0x3cd
0x38f lowercase is 0x3ce
0x391 lowercase is 0x3b1
0x392 lowercase is 0x3b2
0x393 lowercase is 0x3b3
0x394 lowercase is 0x3b4
0x395 lowercase is 0x3b5
0x396 lowercase is 0x3b6
0x397 lowercase is 0x3b7
0x398 lowercase is 0x3b8
0x399 lowercase is 0x3b9
0x39a lowercase is 0x3ba
0x39b lowercase is 0x3bb
0x39c lowercase is 0x3bc
0x39d lowercase is 0x3bd
0x39e lowercase is 0x3be
0x39f lowercase is 0x3bf
0x3a0 lowercase is 0x3c0
0x3a1 lowercase is 0x3c1
0x3a3 lowercase is 0x3c3
0x3a4 lowercase is 0x3c4
0x3a5 lowercase is 0x3c5
0x3a6 lowercase is 0x3c6
0x3a7 lowercase is 0x3c7
0x3a8 lowercase is 0x3c8
0x3a9 lowercase is 0x3c9
0x3aa lowercase is 0x3ca
0x3ab lowercase is 0x3cb
0x3cf lowercase is 0x3d7
0x3d8 lowercase is 0x3d9
0x3da lowercase is 0x3db
0x3dc lowercase is 0x3dd
0x3de lowercase is 0x3df
0x3e0 lowercase is 0x3e1
0x3e2 lowercase is 0x3e3
0x3e4 lowercase is 0x3e5
0x3e6 lowercase is 0x3e7
0x3e8 lowercase is 0x3e9
0x3ea lowercase is 0x3eb
0x3ec lowercase is 0x3ed
0x3ee lowercase is 0x3ef
0x3f4 lowercase is 0x3b8
0x3f7 lowercase is 0x3f8
0x3f9 lowercase is 0x3f2
0x3fa lowercase is 0x3fb
0x3fd lowercase is 0x37b
0x3fe lowercase is 0x37c
0x3ff lowercase is 0x37d
0x400 lowercase is 0x450
0x401 lowercase is 0x451
0x402 lowercase is 0x452
0x403 lowercase is 0x453
0x404 lowercase is 0x454
0x405 lowercase is 0x455
0x406 lowercase is 0x456
0x407 lowercase is 0x457
0x408 lowercase is 0x458
0x409 lowercase is 0x459
0x40a lowercase is 0x45a
0x40b lowercase is 0x45b
0x40c lowercase is 0x45c
0x40d lowercase is 0x45d
0x40e lowercase is 0x45e
0x40f lowercase is 0x45f
0x410 lowercase is 0x430
0x411 lowercase is 0x431
0x412 lowercase is 0x432
0x413 lowercase is 0x433
0x414 lowercase is 0x434
0x415 lowercase is 0x435
0x416 lowercase is 0x436
0x417 lowercase is 0x437
0x418 lowercase is 0x438
0x419 lowercase is 0x439
0x41a lowercase is 0x43a
0x41b lowercase is 0x43b
0x41c lowercase is 0x43c
0x41d lowercase is 0x43d
0x41e lowercase is 0x43e
0x41f lowercase is 0x43f
0x420 lowercase is 0x440
0x421 lowercase is 0x441
0x422 lowercase is 0x442
0x423 lowercase is 0x443
0x424 lowercase is 0x444
0x425 lowercase is 0x445
0x426 lowercase is 0x446
0x427 lowercase is 0x447
0x428 lowercase is 0x448
0x429 lowercase is 0x449
0x42a lowercase is 0x44a
0x42b lowercase is 0x44b
0x42c lowercase is 0x44c
0x42d lowercase is 0x44d
0x42e lowercase is 0x44e
0x42f lowercase is 0x44f
0x460 lowercase is 0x461
0x462 lowercase is 0x463
0x464 lowercase is 0x465
0x466 lowercase is 0x467
0x468 lowercase is 0x469
0x46a lowercase is 0x46b
0x46c lowercase is 0x46d
0x46e lowercase is 0x46f
0x470 lowercase is 0x471
0x472 lowercase is 0x473
0x474 lowercase is 0x475
0x476 lowercase is 0x477
0x478 lowercase is 0x479
0x47a lowercase is 0x47b
0x47c lowercase is 0x47d
0x47e lowercase is 0x47f
0x480 lowercase is 0x481
0x48a lowercase is 0x48b
0x48c lowercase is 0x48d
0x48e lowercase is 0x48f
0x490 lowercase is 0x491
0x492 lowercase is 0x493
0x494 lowercase is 0x495
0x496 lowercase is 0x497
0x498 lowercase is 0x499
0x49a lowercase is 0x49b
0x49c lowercase is 0x49d
0x49e lowercase is 0x49f
0x4a0 lowercase is 0x4a1
0x4a2 lowercase is 0x4a3
0x4a4 lowercase is 0x4a5
0x4a6 lowercase is 0x4a7
0x4a8 lowercase is 0x4a9
0x4aa lowercase is 0x4ab
0x4ac lowercase is 0x4ad
0x4ae lowercase is 0x4af
0x4b0 lowercase is 0x4b1
0x4b2 lowercase is 0x4b3
0x4b4 lowercase is 0x4b5
0x4b6 lowercase is 0x4b7
0x4b8 lowercase is 0x4b9
0x4ba lowercase is 0x4bb
0x4bc lowercase is 0x4bd
0x4be lowercase is 0x4bf
0x4c0 lowercase is 0x4cf
0x4c1 lowercase is 0x4c2
0x4c3 lowercase is 0x4c4
0x4c5 lowercase is 0x4c6
0x4c7 lowercase is 0x4c8
0x4c9 lowercase is 0x4ca
0x4cb lowercase is 0x4cc
0x4cd lowercase is 0x4ce
0x4d0 lowercase is 0x4d1
0x4d2 lowercase is 0x4d3
0x4d4 lowercase is 0x4d5
0x4d6 lowercase is 0x4d7
0x4d8 lowercase is 0x4d9
0x4da lowercase is 0x4db
0x4dc lowercase is 0x4dd
0x4de lowercase is 0x4df
0x4e0 lowercase is 0x4e1
0x4e2 lowercase is 0x4e3
0x4e4 lowercase is 0x4e5
0x4e6 lowercase is 0x4e7
0x4e8 lowercase is 0x4e9
0x4ea lowercase is 0x4eb
0x4ec lowercase is 0x4ed
0x4ee lowercase is 0x4ef
0x4f0 lowercase is 0x4f1
0x4f2 lowercase is 0x4f3
0x4f4 lowercase is 0x4f5
0x4f6 lowercase is 0x4f7
0x4f8 lowercase is 0x4f9
0x4fa lowercase is 0x4fb
0x4fc lowercase is 0x4fd
0x4fe lowercase is 0x4ff
0x500 lowercase is 0x501
0x502 lowercase is 0x503
0x504 lowercase is 0x505
0x506 lowercase is 0x507
0x508 lowercase is 0x509
0x50a lowercase is 0x50b
0x50c lowercase is 0x50d
0x50e lowercase is 0x50f
0x510 lowercase is 0x511
0x512 lowercase is 0x513
0x514 lowercase is 0x515
0x516 lowercase is 0x517
0x518 lowercase is 0x519
0x51a lowercase is 0x51b
0x51c lowercase is 0x51d
0x51e lowercase is 0x51f
0x520 lowercase is 0x521
0x522 lowercase is 0x523
0x524 lowercase is 0x525
0x526 lowercase is 0x527
0x528 lowercase is 0x529
0x52a lowercase is 0x52b
0x52c lowercase is 0x52d
0x52e lowercase is 0x52f
0x531 lowercase is 0x561
0x532 lowercase is 0x562
0x533 lowercase is 0x563
0x534 lowercase is 0x564
0x535 lowercase is 0x565
0x536 lowercase is 0x566
0x537 lowercase is 0x567
0x538 lowercase is 0x568
0x539 lowercase is 0x569
0x53a lowercase is 0x56a
0x53b lowercase is 0x56b
0x53c lowercase is 0x56c
0x53d lowercase is 0x56d
0x53e lowercase is 0x56e
0x53f lowercase is 0x56f
0x540 lowercase is 0x570
0x541 lowercase is 0x571
0x542 lowercase is 0x572
0x543 lowercase is 0x573
0x544 lowercase is 0x574
0x545 lowercase is 0x575
0x546 lowercase is 0x576
0x547 lowercase is 0x577
0x548 lowercase is 0x578
0x549 lowercase is 0x579
0x54a lowercase is 0x57a
0x54b lowercase is 0x57b
0x54c lowercase is 0x57c
0x54d lowercase is 0x57d
0x54e lowercase is 0x57e
0x54f lowercase is 0x57f
0x550 lowercase is 0x580
0x551 lowercase is 0x581
0x552 lowercase is 0x582
0x553 lowercase is 0x583
0x554 lowercase is 0x584
0x555 lowercase is 0x585
0x556 lowercase is 0x586
0x10a0 lowercase is 0x2d00
0x10a1 lowercase is 0x2d01
0x10a2 lowercase is 0x2d02
0x10a3 lowercase is 0x2d03
0x10a4 lowercase is 0x2d04
0x10a5 lowercase is 0x2d05
0x10a6 lowercase is 0x2d06
0x10a7 lowercase is 0x2d07
0x10a8 lowercase is 0x2d08
0x10a9 lowercase is 0x2d09
0x10aa lowercase is 0x2d0a
0x10ab lowercase is 0x2d0b
0x10ac lowercase is 0x2d0c
0x10ad lowercase is 0x2d0d
0x10ae lowercase is 0x2d0e
0x10af lowercase is 0x2d0f
0x10b0 lowercase is 0x2d10
0x10b1 lowercase is 0x2d11
0x10b2 lowercase is 0x2d12
0x10b3 lowercase is 0x2d13
0x10b4 lowercase is 0x2d14
0x10b5 lowercase is 0x2d15
0x10b6 lowercase is 0x2d16
0x10b7 lowercase is 0x2d17
0x10b8 lowercase is 0x2d18
0x10b9 lowercase is 0x2d19
0x10ba lowercase is 0x2d1a
0x10bb lowercase is 0x2d1b
0x10bc lowercase is 0x2d1c
0x10bd lowercase is 0x2d1d
0x10be lowercase is 0x2d1e
0x10bf lowercase is 0x2d1f
0x10c0 lowercase is 0x2d20
0x10c1 lowercase is 0x2d21
0x10c2 lowercase is 0x2d22
0x10c3 lowercase is 0x2d23
0x10c4 lowercase is 0x2d24
0x10c5 lowercase is 0x2d25
0x10c7 lowercase is 0x2d27
0x10cd lowercase is 0x2d2d
0x13a0 lowercase is 0xab70
0x13a1 lowercase is 0xab71
0x13a2 lowercase is 0xab72
0x13a3 lowercase is 0xab73
0x13a4 lowercase is 0xab74
0x13a5 lowercase is 0xab75
0x13a6 lowercase is 0xab76
0x13a7 lowercase is 0xab77
0x13a8 lowercase is 0xab78
0x13a9 lowercase is 0xab79
0x13aa lowercase is 0xab7a
0x13ab lowercase is 0xab7b
0x13ac lowercase is 0xab7c
0x13ad lowercase is 0xab7d
0x13ae lowercase is 0xab7e
0x13af lowercase is 0xab7f
0x13b0 lowercase is 0xab80
0x13b1 lowercase is 0xab81
0x13b2 lowercase is 0xab82
0x13b3 lowercase is 0xab83
0x13b4 lowercase is 0xab84
0x13b5 lowercase is 0xab85
0x13b6 lowercase is 0xab86
0x13b7 lowercase is 0xab87
0x13b8 lowercase is 0xab88
0x13b9 lowercase is 0xab89
0x13ba lowercase is 0xab8a
0x13bb lowercase is 0xab8b
0x13bc lowercase is 0xab8c
0x13bd lowercase is 0xab8d
0x13be lowercase is 0xab8e
0x13bf lowercase is 0xab8f
0x13c0 lowercase is 0xab90
0x13c1 lowercase is 0xab91
0x13c2 lowercase is 0xab92
0x13c3 lowercase is 0xab93
0x13c4 lowercase is 0xab94
0x13c5 lowercase is 0xab95
0x13c6 lowercase is 0xab96
0x13c7 lowercase is 0xab97
0x13c8 lowercase is 0xab98
0x13c9 lowercase is 0xab99
0x13ca lowercase is 0xab9a
0x13cb lowercase is 0xab9b
0x13cc lowercase is 0xab9c
0x13cd lowercase is 0xab9d
0x13ce lowercase is 0xab9e
0x13cf lowercase is 0xab9f
0x13d0 lowercase is 0xaba0
0x13d1 lowercase is 0xaba1
0x13d2 lowercase is 0xaba2
0x13d3 lowercase is 0xaba3
0x13d4 lowercase is 0xaba4
0x13d5 lowercase is 0xaba5
0x13d6 lowercase is 0xaba6
0x13d7 lowercase is 0xaba7
0x13d8 lowercase is 0xaba8
0x13d9 lowercase is 0xaba9
0x13da lowercase is 0xabaa
0x13db lowercase is 0xabab
0x13dc lowercase is 0xabac
0x13dd lowercase is 0xabad
0x13de lowercase is 0xabae
0x13df lowercase is 0xabaf
0x13e0 lowercase is 0xabb0
0x13e1 lowercase is 0xabb1
0x13e2 lowercase is 0xabb2
0x13e3 lowercase is 0xabb3
0x13e4 lowercase is 0xabb4
0x13e5 lowercase is 0xabb5
0x13e6 lowercase is 0xabb6
0x13e7 lowercase is 0xabb7
0x13e8 lowercase is 0xabb8
0x13e9 lowercase is 0xabb9
0x13ea lowercase is 0xabba
0x13eb lowercase is 0xabbb
0x13ec lowercase is 0xabbc
0x13ed lowercase is 0xabbd
0x13ee lowercase is 0xabbe
0x13ef lowercase is 0xabbf
0x13f0 lowercase is 0x13f8
0x13f1 lowercase is 0x13f9
0x13f2 lowercase is 0x13fa
0x13f3 lowercase is 0x13fb
0x13f4 lowercase is 0x13fc
0x13f5 lowercase is 0x13fd
0x1c90 lowercase is 0x10d0
0x1c91 lowercase is 0x10d1
0x1c92 lowercase is 0x10d2
0x1c93 lowercase is 0x10d3
0x1c94 lowercase is 0x10d4
0x1c95 lowercase is 0x10d5
0x1c96 lowercase is 0x10d6
0x1c97 lowercase is 0x10d7
0x1c98 lowercase is 0x10d8
0x1c99 lowercase is 0x10d9
0x1c9a lowercase is 0x10da
0x1c9b lowercase is 0x10db
0x1c9c lowercase is 0x10dc
0x1c9d lowercase is 0x10dd
0x1c9e lowercase is 0x10de
0x1c9f lowercase is 0x10df
0x1ca0 lowercase is 0x10e0
0x1ca1 lowercase is 0x10e1
0x1ca2 lowercase is 0x10e2
0x1ca3 lowercase is 0x10e3
0x1ca4 lowercase is 0x10e4
0x1ca5 lowercase is 0x10e5
0x1ca6 lowercase is 0x10e6
0x1ca7 lowercase is 0x10e7
0x1ca8 lowercase is 0x10e8
0x1ca9 lowercase is 0x10e9
0x1caa lowercase is 0x10ea
0x1cab lowercase is 0x10eb
0x1cac lowercase is 0x10ec
0x1cad lowercase is 0x10ed
0x1cae lowercase is 0x10ee
0x1caf lowercase is 0x10ef
0x1cb0 lowercase is 0x10f0
0x1cb1 lowercase is 0x10f1
0x1cb2 lowercase is 0x10f2
0x1cb3 lowercase is 0x10f3
0x1cb4 lowercase is 0x10f4
0x1cb5 lowercase is 0x10f5
0x1cb6 lowercase is 0x10f6
0x1cb7 lowercase is 0x10f7
0x1cb8 lowercase is 0x10f8
0x1cb9 lowercase is 0x10f9
0x1cba lowercase is 0x10fa
0x1cbd lowercase is 0x10fd
0x1cbe lowercase is 0x10fe
0x1cbf lowercase is 0x10ff
0x1e00 lowercase is 0x1e01
0x1e02 lowercase is 0x1e03
0x1e04 lowercase is 0x1e05
0x1e06 lowercase is 0x1e07
0x1e08 lowercase is 0x1e09
0x1e0a lowercase is 0x1e0b
0x1e0c lowercase is 0x1e0d
0x1e0e lowercase is 0x1e0f
0x1e10 lowercase is 0x1e11
0x1e12 lowercase is 0x1e13
0x1e14 lowercase is 0x1e15
0x1e16 lowercase is 0x1e17
0x1e18 lowercase is 0x1e19
0x1e1a lowercase is 0x1e1b
0x1e1c lowercase is 0x1e1d
0x1e1e lowercase is 0x1e1f
0x1e20 lowercase is 0x1e21
0x1e22 lowercase is 0x1e23
0x1e24 lowercase is 0x1e25
0x1e26 lowercase is 0x1e27
0x1e28 lowercase is 0x1e29
0x1e2a lowercase is 0x1e2b
0x1e2c lowercase is 0x1e2d
0x1e2e lowercase is 0x1e2f
0x1e30 lowercase is 0x1e31
0x1e32 lowercase is 0x1e33
0x1e34 lowercase is 0x1e35
0x1e36 lowercase is 0x1e37
0x1e38 lowercase is 0x1e39
0x1e3a lowercase is 0x1e3b
0x1e3c lowercase is 0x1e3d
0x1e3e lowercase is 0x1e3f
0x1e40 lowercase is 0x1e41
0x1e42 lowercase is 0x1e43
0x1e44 lowercase is 0x1e45
0x1e46 lowercase is 0x1e47
0x1e48 lowercase is 0x1e49
0x1e4a lowercase is 0x1e4b
0x1e4c lowercase is 0x1e4d
0x1e4e lowercase is 0x1e4f
0x1e50 lowercase is 0x1e51
0x1e52 lowercase is 0x1e53
0x1e54 lowercase is 0x1e55
0x1e56 lowercase is 0x1e57
0x1e58 lowercase is 0x1e59
0x1e5a lowercase is 0x1e5b
0x1e5c lowercase is 0x1e5d
0x1e5e lowercase is 0x1e5f
0x1e60 lowercase is 0x1e61
0x1e62 lowercase is 0x1e63
0x1e64 lowercase is 0x1e65
0x1e66 lowercase is 0x1e67
0x1e68 lowercase is 0x1e69
0x1e6a lowercase is 0x1e6b
0x1e6c lowercase is 0x1e6d
0x1e6e lowercase is 0x1e6f
0x1e70 lowercase is 0x1e71
0x1e72 lowercase is 0x1e73
0x1e74 lowercase is 0x1e75
0x1e76 lowercase is 0x1e77
0x1e78 lowercase is 0x1e79
0x1e7a lowercase is 0x1e7b
0x1e7c lowercase is 0x1e7d
0x1e7e lowercase is 0x1e7f
0x1e80 lowercase is 0x1e81
0x1e82 lowercase is 0x1e83
0x1e84 lowercase is 0x1e85
0x1e86 lowercase is 0x1e87
0x1e88 lowercase is 0x1e89
0x1e8a lowercase is 0x1e8b
0x1e8c lowercase is 0x1e8d
0x1e8e lowercase is 0x1e8f
0x1e90 lowercase is 0x1e91
0x1e92 lowercase is 0x1e93
0x1e94 lowercase is 0x1e95
0x1e9e lowercase is 0xdf
0x1ea0 lowercase is 0x1ea1
0x1ea2 lowercase is 0x1ea3
0x1ea4 lowercase is 0x1ea5
0x1ea6 lowercase is 0x1ea7
0x1ea8 lowercase is 0x1ea9
0x1eaa lowercase is 0x1eab
0x1eac lowercase is 0x1ead
0x1eae lowercase is 0x1eaf
0x1eb0 lowercase is 0x1eb1
0x1eb2 lowercase is 0x1eb3
0x1eb4 lowercase is 0x1eb5
0x1eb6 lowercase is 0x1eb7
0x1eb8 lowercase is 0x1eb9
0x1eba lowercase is 0x1ebb
0x1ebc lowercase is 0x1ebd
0x1ebe lowercase is 0x1ebf
0x1ec0 lowercase is 0x1ec1
0x1ec2 lowercase is 0x1ec3
0x1ec4 lowercase is 0x1ec5
0x1ec6 lowercase is 0x1ec7
0x1ec8 lowercase is 0x1ec9
0x1eca lowercase is 0x1ecb
0x1ecc lowercase is 0x1ecd
0x1ece lowercase is 0x1ecf
0x1ed0 lowercase is 0x1ed1
0x1ed2 lowercase is 0x1ed3
0x1ed4 lowercase is 0x1ed5
0x1ed6 lowercase is 0x1ed7
0x1ed8 lowercase is 0x1ed9
0x1eda lowercase is 0x1edb
0x1edc lowercase is 0x1edd
0x1ede lowercase is 0x1edf
0x1ee0 lowercase is 0x1ee1
0x1ee2 lowercase is 0x1ee3
0x1ee4 lowercase is 0x1ee5
0x1ee6 lowercase is 0x1ee7
0x1ee8 lowercase is 0x1ee9
0x1eea lowercase is 0x1eeb
0x1eec lowercase is 0x1eed
0x1eee lowercase is 0x1eef
0x1ef0 lowercase is 0x1ef1
0x1ef2 lowercase is 0x1ef3
0x1ef4 lowercase is 0x1ef5
0x1ef6 lowercase is 0x1ef7
0x1ef8 lowercase is 0x1ef9
0x1efa lowercase is 0x1efb
0x1efc lowercase is 0x1efd
0x1efe lowercase is 0x1eff
0x1f08 lowercase is 0x1f00
0x1f09 lowercase is 0x1f01
0x1f0a lowercase is 0x1f02
0x1f0b lowercase is 0x1f03
0x1f0c lowercase is 0x1f04
0x1f0d lowercase is 0x1f05
0x1f0e lowercase is 0x1f06
0x1f0f lowercase is 0x1f07
0x1f18 lowercase is 0x1f10
0x1f19 lowercase is 0x1f11
0x1f1a lowercase is 0x1f12
0x1f1b lowercase is 0x1f13
0x1f1c lowercase is 0x1f14
0x1f1d lowercase is 0x1f15
0x1f28 lowercase is 0x1f20
0x1f29 lowercase is 0x1f21
0x1f2a lowercase is 0x1f22
0x1f2b lowercase is 0x1f23
0x1f2c lowercase is 0x1f24
0x1f2d lowercase is 0x1f25
0x1f2e lowercase is 0x1f26
0x1f2f lowercase is 0x1f27
0x1f38 lowercase is 0x1f30
0x1f39 lowercase is 0x1f31
0x1f3a lowercase is 0x1f32
0x1f3b lowercase is 0x1f33
0x1f3c lowercase is 0x1f34
0x1f3d lowercase is 0x1f35
0x1f3e lowercase is 0x1f36
0x1f3f lowercase is 0x1f37
0x1f48 lowercase is 0x1f40
0x1f49 lowercase is 0x1f41
0x1f4a lowercase is 0x1f42
0x1f4b lowercase is 0x1f43
0x1f4c lowercase is 0x1f44
0x1f4d lowercase is 0x1f45
0x1f59 lowercase is 0x1f51
0x1f5b lowercase is 0x1f53
0x1f5d lowercase is 0x1f55
0x1f5f lowercase is 0x1f57
0x1f68 lowercase is 0x1f60
0x1f69 lowercase is 0x1f61
0x1f6a lowercase is 0x1f62
0x1f6b lowercase is 0x1f63
0x1f6c lowercase is 0x1f64
0x1f6d lowercase is 0x1f65
0x1f6e lowercase is 0x1f66
0x1f6f lowercase is 0x1f67
0x1f88 lowercase is 0x1f80
0x1f89 lowercase is 0x1f81
0x1f8a lowercase is 0x1f82
0x1f8b lowercase is 0x1f83
0x1f8c lowercase is 0x1f84
0x1f8d lowercase is 0x1f85
0x1f8e lowercase is 0x1f86
0x1f8f lowercase is 0x1f87
0x1f98 lowercase is 0x1f90
0x1f99 lowercase is 0x1f91
0x1f9a lowercase is 0x1f92
0x1f9b lowercase is 0x1f93
0x1f9c lowercase is 0x1f94
0x1f9d lowercase is 0x1f95
0x1f9e lowercase is 0x1f96
0x1f9f lowercase is 0x1f97
0x1fa8 lowercase is 0x1fa0
0x1fa9 lowercase is 0x1fa1
0x1faa lowercase is 0x1fa2
0x1fab lowercase is 0x1fa3
0x1fac lowercase is 0x1fa4
0x1fad lowercase is 0x1fa5
0x1fae lowercase is 0x1fa6
0x1faf lowercase is 0x1fa7
0x1fb8 lowercase is 0x1fb0
0x1fb9 lowercase is 0x1fb1
0x1fba lowercase is 0x1f70
0x1fbb lowercase is 0x1f71
0x1fbc lowercase is 0x1fb3
0x1fc8 lowercase is 0x1f72
0x1fc9 lowercase is 0x1f73
0x1fca lowercase is 0x1f74
0x1fcb lowercase is 0x1f75
0x1fcc lowercase is 0x1fc3
0x1fd8 lowercase is 0x1fd0
0x1fd9 lowercase is 0x1fd1
0x1fda lowercase is 0x1f76
0x1fdb lowercase is 0x1f77
0x1fe8 lowercase is 0x1fe0
0x1fe9 lowercase is 0x1fe1
0x1fea lowercase is 0x1f7a
0x1feb lowercase is 0x1f7b
0x1fec lowercase is 0x1fe5
0x1ff8 lowercase is 0x1f78
0x1ff9 lowercase is 0x1f79
0x1ffa lowercase is 0x1f7c
0x1ffb lowercase is 0x1f7d
0x1ffc lowercase is 0x1ff3
0x2126 lowercase is 0x3c9
0x212a lowercase is 0x6b
0x212b lowercase is 0xe5
0x2132 lowercase is 0x214e
0x2160 lowercase is 0x2170
0x2161 lowercase is 0x2171
0x2162 lowercase is 0x2172
0x2163 lowercase is 0x2173
0x2164 lowercase is 0x2174
0x2165 lowercase is 0x2175
0x2166 lowercase is 0x2176
0x2167 lowercase is 0x2177
0x2168 lowercase is 0x2178
0x2169 lowercase is 0x2179
0x216a lowercase is 0x217a
0x216b lowercase is 0x217b
0x216c lowercase is 0x217c
0x216d lowercase is 0x217d
0x216e lowercase is 0x217e
0x216f lowercase is 0x217f
0x2183 lowercase is 0x2184
0x24b6 lowercase is 0x24d0
0x24b7 lowercase is 0x24d1
0x24b8 lowercase is 0x24d2
0x24b9 lowercase is 0x24d3
0x24ba lowercase is 0x24d4
0x24bb lowercase is 0x24d5
0x24bc lowercase is 0x24d6
0x24bd lowercase is 0x24d7
0x24be lowercase is 0x24d8
0x24bf lowercase is 0x24d9
0x24c0 lowercase is 0x24da
0x24c1 lowercase is 0x24db
0x24c2 lowercase is 0x24dc
0x24c3 lowercase is 0x24dd
0x24c4 lowercase is 0x24de
0x24c5 lowercase is 0x24df
0x24c6 lowercase is 0x24e0
0x24c7 lowercase is 0x24e1
0x24c8 lowercase is 0x24e2
0x24c9 lowercase is 0x24e3
0x24ca lowercase is 0x24e4
0x24cb lowercase is 0x24e5
0x24cc lowercase is 0x24e6
0x24cd lowercase is 0x24e7
0x24ce lowercase is 0x24e8
0x24cf lowercase is 0x24e9
0x2c00 lowercase is 0x2c30
0x2c01 lowercase is 0x2c31
0x2c02 lowercase is 0x2c32
0x2c03 lowercase is 0x2c33
0x2c04 lowercase is 0x2c34
0x2c05 lowercase is 0x2c35
0x2c06 lowercase is 0x2c36
0x2c07 lowercase is 0x2c37
0x2c08 lowercase is 0x2c38
0x2c09 lowercase is 0x2c39
0x2c0a lowercase is 0x2c3a
0x2c0b lowercase is 0x2c3b
0x2c0c lowercase is 0x2c3c
0x2c0d lowercase is 0x2c3d
0x2c0e lowercase is 0x2c3e
0x2c0f lowercase is 0x2c3f
0x2c10 lowercase is 0x2c40
0x2c11 lowercase is 0x2c41
0x2c12 lowercase is 0x2c42
0x2c13 lowercase is 0x2c43
0x2c14 lowercase is 0x2c44
0x2c15 lowercase is 0x2c45
0x2c16 lowercase is 0x2c46
0x2c17 lowercase is 0x2c47
0x2c18 lowercase is 0x2c48
0x2c19 lowercase is 0x2c49
0x2c1a lowercase is 0x2c4a
0x2c1b lowercase is 0x2c4b
0x2c1c lowercase is 0x2c4c
0x2c1d lowercase is 0x2c4d
0x2c1e lowercase is 0x2c4e
0x2c1f lowercase is 0x2c4f
0x2c20 lowercase is 0x2c50
0x2c21 lowercase is 0x2c51
0x2c22 lowercase is 0x2c52
0x2c23 lowercase is 0x2c53
0x2c24 lowercase is 0x2c54
0x2c25 lowercase is 0x2c55
0x2c26 lowercase is 0x2c56
0x2c27 lowercase is 0x2c57
0x2c28 lowercase is 0x2c58
0x2c29 lowercase is 0x2c59
0x2c2a lowercase is 0x2c5a
0x2c2b lowercase is 0x2c5b
0x2c2c lowercase is 0x2c5c
0x2c2d lowercase is 0x2c5d
0x2c2e lowercase is 0x2c5e
0x2c60 lowercase is 0x2c61
0x2c62 lowercase is 0x26b
0x2c63 lowercase is 0x1d7d
0x2c64 lowercase is 0x27d
0x2c67 lowercase is 0x2c68
0x2c69 lowercase is 0x2c6a
0x2c6b lowercase is 0x2c6c
0x2c6d lowercase is 0x251
0x2c6e lowercase is 0x271
0x2c6f lowercase is 0x250
0x2c70 lowercase is 0x252
0x2c72 lowercase is 0x2c73
0x2c75 lowercase is 0x2c76
0x2c7e lowercase is 0x23f
0x2c7f lowercase is 0x240
0x2c80 lowercase is 0x2c81
0x2c82 lowercase is 0x2c83
0x2c84 lowercase is 0x2c85
0x2c86 lowercase is 0x2c87
0x2c88 lowercase is 0x2c89
0x2c8a lowercase is 0x2c8b
0x2c8c lowercase is 0x2c8d
0x2c8e lowercase is 0x2c8f
0x2c90 lowercase is 0x2c91
0x2c92 lowercase is 0x2c93
0x2c94 lowercase is 0x2c95
0x2c96 lowercase is 0x2c97
0x2c98 lowercase is 0x2c99
0x2c9a lowercase is 0x2c9b
0x2c9c lowercase is 0x2c9d
0x2c9e lowercase is 0x2c9f
0x2ca0 lowercase is 0x2ca1
0x2ca2 lowercase is 0x2ca3
0x2ca4 lowercase is 0x2ca5
0x2ca6 lowercase is 0x2ca7
0x2ca8 lowercase is 0x2ca9
0x2caa lowercase is 0x2cab
0x2cac lowercase is 0x2cad
0x2cae lowercase is 0x2caf
0x2cb0 lowercase is 0x2cb1
0x2cb2 lowercase is 0x2cb3
0x2cb4 lowercase is 0x2cb5
0x2cb6 lowercase is 0x2cb7
0x2cb8 lowercase is 0x2cb9
0x2cba lowercase is 0x2cbb
0x2cbc lowercase is 0x2cbd
0x2cbe lowercase is 0x2cbf
0x2cc0 lowercase is 0x2cc1
0x2cc2 lowercase is 0x2cc3
0x2cc4 lowercase is 0x2cc5
0x2cc6 lowercase is 0x2cc7
0x2cc8 lowercase is 0x2cc9
0x2cca lowercase is 0x2ccb
0x2ccc lowercase is 0x2ccd
0x2cce lowercase is 0x2ccf
0x2cd0 lowercase is 0x2cd1
0x2cd2 lowercase is 0x2cd3
0x2cd4 lowercase is 0x2cd5
0x2cd6 lowercase is 0x2cd7
0x2cd8 lowercase is 0x2cd9
0x2cda lowercase is 0x2cdb
0x2cdc lowercase is 0x2cdd
0x2cde lowercase is 0x2cdf
0x2ce0 lowercase is 0x2ce1
0x2ce2 lowercase is 0x2ce3
0x2ceb lowercase is 0x2cec
0x2ced lowercase is 0x2cee
0x2cf2 lowercase is 0x2cf3
0xa640 lowercase is 0xa641
0xa642 lowercase is 0xa643
0xa644 lowercase is 0xa645
0xa646 lowercase is 0xa647
0xa648 lowercase is 0xa649
0xa64a lowercase is 0xa64b
0xa64c lowercase is 0xa64d
0xa64e lowercase is 0xa64f
0xa650 lowercase is 0xa651
0xa652 lowercase is 0xa653
0xa654 lowercase is 0xa655
0xa656 lowercase is 0xa657
0xa658 lowercase is 0xa659
0xa65a lowercase is 0xa65b
0xa65c lowercase is 0xa65d
0xa65e lowercase is 0xa65f
0xa660 lowercase is 0xa661
0xa662 lowercase is 0xa663
0xa664 lowercase is 0xa665
0xa666 lowercase is 0xa667
0xa668 lowercase is 0xa669
0xa66a lowercase is 0xa66b
0xa66c lowercase is 0xa66d
0xa680 lowercase is 0xa681
0xa682 lowercase is 0xa683
0xa684 lowercase is 0xa685
0xa686 lowercase is 0xa687
0xa688 lowercase is 0xa689
0xa68a lowercase is 0xa68b
0xa68c lowercase is 0xa68d
0xa68e lowercase is 0xa68f
0xa690 lowercase is 0xa691
0xa692 lowercase is 0xa693
0xa694 lowercase is 0xa695
0xa696 lowercase is 0xa697
0xa698 lowercase is 0xa699
0xa69a lowercase is 0xa69b
0xa722 lowercase is 0xa723
0xa724 lowercase is 0xa725
0xa726 lowercase is 0xa727
0xa728 lowercase is 0xa729
0xa72a lowercase is 0xa72b
0xa72c lowercase is 0xa72d
0xa72e lowercase is 0xa72f
0xa732 lowercase is 0xa733
0xa734 lowercase is 0xa735
0xa736 lowercase is 0xa737
0xa738 lowercase is 0xa739
0xa73a lowercase is 0xa73b
0xa73c lowercase is 0xa73d
0xa73e lowercase is 0xa73f
0xa740 lowercase is 0xa741
0xa742 lowercase is 0xa743
0xa744 lowercase is 0xa745
0xa746 lowercase is 0xa747
0xa748 lowercase is 0xa749
0xa74a lowercase is 0xa74b
0xa74c lowercase is 0xa74d
0xa74e lowercase is 0xa74f
0xa750 lowercase is 0xa751
0xa752 lowercase is 0xa753
0xa754 lowercase is 0xa755
0xa756 lowercase is 0xa757
0xa758 lowercase is 0xa759
0xa75a lowercase is 0xa75b
0xa75c lowercase is 0xa75d
0xa75e lowercase is 0xa75f
0xa760 lowercase is 0xa761
0xa762 lowercase is 0xa763
0xa764 lowercase is 0xa765
0xa766 lowercase is 0xa767
0xa768 lowercase is 0xa769
0xa76a lowercase is 0xa76b
0xa76c lowercase is 0xa76d
0xa76e lowercase is 0xa76f
0xa779 lowercase is 0xa77a
0xa77b lowercase is 0xa77c
0xa77d lowercase is 0x1d79
0xa77e lowercase is 0xa77f
0xa780 lowercase is 0xa781
0xa782 lowercase is 0xa783
0xa784 lowercase is 0xa785
0xa786 lowercase is 0xa787
0xa78b lowercase is 0xa78c
0xa78d lowercase is 0x265
0xa790 lowercase is 0xa791
0xa792 lowercase is 0xa793
0xa796 lowercase is 0xa797
0xa798 lowercase is 0xa799
0xa79a lowercase is 0xa79b
0xa79c lowercase is 0xa79d
0xa79e lowercase is 0xa79f
0xa7a0 lowercase is 0xa7a1
0xa7a2 lowercase is 0xa7a3
0xa7a4 lowercase is 0xa7a5
0xa7a6 lowercase is 0xa7a7
0xa7a8 lowercase is 0xa7a9
0xa7aa lowercase is 0x266
0xa7ab lowercase is 0x25c
0xa7ac lowercase is 0x261
0xa7ad lowercase is 0x26c
0xa7ae lowercase is 0x26a
0xa7b0 lowercase is 0x29e
0xa7b1 lowercase is 0x287
0xa7b2 lowercase is 0x29d
0xa7b3 lowercase is 0xab53
0xa7b4 lowercase is 0xa7b5
0xa7b6 lowercase is 0xa7b7
0xa7b8 lowercase is 0xa7b9
0xa7ba lowercase is 0xa7bb
0xa7bc lowercase is 0xa7bd
0xa7be lowercase is 0xa7bf
0xa7c2 lowercase is 0xa7c3
0xa7c4 lowercase is 0xa794
0xa7c5 lowercase is 0x282
0xa7c6 lowercase is 0x1d8e
0xff21 lowercase is 0xff41
0xff22 lowercase is 0xff42
0xff23 lowercase is 0xff43
0xff24 lowercase is 0xff44
0xff25 lowercase is 0xff45
0xff26 lowercase is 0xff46
0xff27 lowercase is 0xff47
0xff28 lowercase is 0xff48
0xff29 lowercase is 0xff49
0xff2a lowercase is 0xff4a
0xff2b lowercase is 0xff4b
0xff2c lowercase is 0xff4c
0xff2d lowercase is 0xff4d
0xff2e lowercase is 0xff4e
0xff2f lowercase is 0xff4f
0xff30 lowercase is 0xff50
0xff31 lowercase is 0xff51
0xff32 lowercase is 0xff52
0xff33 lowercase is 0xff53
0xff34 lowercase is 0xff54
0xff35 lowercase is 0xff55
0xff36 lowercase is 0xff56
0xff37 lowercase is 0xff57
0xff38 lowercase is 0xff58
0xff39 lowercase is 0xff59
0xff3a lowercase is 0xff5a
0x10400 lowercase is 0x10428
0x10401 lowercase is 0x10429
0x10402 lowercase is 0x1042a
0x10403 lowercase is 0x1042b
0x10404 lowercase is 0x1042c
0x10405 lowercase is 0x1042d
0x10406 lowercase is 0x1042e
0x10407 lowercase is 0x1042f
0x10408 lowercase is 0x10430
0x10409 lowercase is 0x10431
0x1040a lowercase is 0x10432
0x1040b lowercase is 0x10433
0x1040c lowercase is 0x10434
0x1040d lowercase is 0x10435
0x1040e lowercase is 0x10436
0x1040f lowercase is 0x10437
0x10410 lowercase is 0x10438
0x10411 lowercase is 0x10439
0x10412 lowercase is 0x1043a
0x10413 lowercase is 0x1043b
0x10414 lowercase is 0x1043c
0x10415 lowercase is 0x1043d
0x10416 lowercase is 0x1043e
0x10417 lowercase is 0x1043f
0x10418 lowercase is 0x10440
0x10419 lowercase is 0x10441
0x1041a lowercase is 0x10442
0x1041b lowercase is 0x10443
0x1041c lowercase is 0x10444
0x1041d lowercase is 0x10445
0x1041e lowercase is 0x10446
0x1041f lowercase is 0x10447
0x10420 lowercase is 0x10448
0x10421 lowercase is 0x10449
0x10422 lowercase is 0x1044a
0x10423 lowercase is 0x1044b
0x10424 lowercase is 0x1044c
0x10425 lowercase is 0x1044d
0x10426 lowercase is 0x1044e
0x10427 lowercase is 0x1044f
0x104b0 lowercase is 0x104d8
0x104b1 lowercase is 0x104d9
0x104b2 lowercase is 0x104da
0x104b3 lowercase is 0x104db
0x104b4 lowercase is 0x104dc
0x104b5 lowercase is 0x104dd
0x104b6 lowercase is 0x104de
0x104b7 lowercase is 0x104df
0x104b8 lowercase is 0x104e0
0x104b9 lowercase is 0x104e1
0x104ba lowercase is 0x104e2
0x104bb lowercase is 0x104e3
0x104bc lowercase is 0x104e4
0x104bd lowercase is 0x104e5
0x104be lowercase is 0x104e6
0x104bf lowercase is 0x104e7
0x104c0 lowercase is 0x104e8
0x104c1 lowercase is 0x104e9
0x104c2 lowercase is 0x104ea
0x104c3 lowercase is 0x104eb
0x104c4 lowercase is 0x104ec
0x104c5 lowercase is 0x104ed
0x104c6 lowercase is 0x104ee
0x104c7 lowercase is 0x104ef
0x104c8 lowercase is 0x104f0
0x104c9 lowercase is 0x104f1
0x104ca lowercase is 0x104f2
0x104cb lowercase is 0x104f3
0x104cc lowercase is 0x104f4
0x104cd lowercase is 0x104f5
0x104ce lowercase is 0x104f6
0x104cf lowercase is 0x104f7
0x104d0 lowercase is 0x104f8
0x104d1 lowercase is 0x104f9
0x104d2 lowercase is 0x104fa
0x104d3 lowercase is 0x104fb
0x10c80 lowercase is 0x10cc0
0x10c81 lowercase is 0x10cc1
0x10c82 lowercase is 0x10cc2
0x10c83 lowercase is 0x10cc3
0x10c84 lowercase is 0x10cc4
0x10c85 lowercase is 0x10cc5
0x10c86 lowercase is 0x10cc6
0x10c87 lowercase is 0x10cc7
0x10c88 lowercase is 0x10cc8
0x10c89 lowercase is 0x10cc9
0x10c8a lowercase is 0x10cca
0x10c8b lowercase is 0x10ccb
0x10c8c lowercase is 0x10ccc
0x10c8d lowercase is 0x10ccd
0x10c8e lowercase is 0x10cce
0x10c8f lowercase is 0x10ccf
0x10c90 lowercase is 0x10cd0
0x10c91 lowercase is 0x10cd1
0x10c92 lowercase is 0x10cd2
0x10c93 lowercase is 0x10cd3
0x10c94 lowercase is 0x10cd4
0x10c95 lowercase is 0x10cd5
0x10c96 lowercase is 0x10cd6
0x10c97 lowercase is 0x10cd7
0x10c98 lowercase is 0x10cd8
0x10c99 lowercase is 0x10cd9
0x10c9a lowercase is 0x10cda
0x10c9b lowercase is 0x10cdb
0x10c9c lowercase is 0x10cdc
0x10c9d lowercase is 0x10cdd
0x10c9e lowercase is 0x10cde
0x10c9f lowercase is 0x10cdf
0x10ca0 lowercase is 0x10ce0
0x10ca1 lowercase is 0x10ce1
0x10ca2 lowercase is 0x10ce2
0x10ca3 lowercase is 0x10ce3
0x10ca4 lowercase is 0x10ce4
0x10ca5 lowercase is 0x10ce5
0x10ca6 lowercase is 0x10ce6
0x10ca7 lowercase is 0x10ce7
0x10ca8 lowercase is 0x10ce8
0x10ca9 lowercase is 0x10ce9
0x10caa lowercase is 0x10cea
0x10cab lowercase is 0x10ceb
0x10cac lowercase is 0x10cec
0x10cad lowercase is 0x10ced
0x10cae lowercase is 0x10cee
0x10caf lowercase is 0x10cef
0x10cb0 lowercase is 0x10cf0
0x10cb1 lowercase is 0x10cf1
0x10cb2 lowercase is 0x10cf2
0x118a0 lowercase is 0x118c0
0x118a1 lowercase is 0x118c1
0x118a2 lowercase is 0x118c2
0x118a3 lowercase is 0x118c3
0x118a4 lowercase is 0x118c4
0x118a5 lowercase is 0x118c5
0x118a6 lowercase is 0x118c6
0x118a7 lowercase is 0x118c7
0x118a8 lowercase is 0x118c8
0x118a9 lowercase is 0x118c9
0x118aa lowercase is 0x118ca
0x118ab lowercase is 0x118cb
0x118ac lowercase is 0x118cc
0x118ad lowercase is 0x118cd
0x118ae lowercase is 0x118ce
0x118af lowercase is 0x118cf
0x118b0 lowercase is 0x118d0
0x118b1 lowercase is 0x118d1
0x118b2 lowercase is 0x118d2
0x118b3 lowercase is 0x118d3
0x118b4 lowercase is 0x118d4
0x118b5 lowercase is 0x118d5
0x118b6 lowercase is 0x118d6
0x118b7 lowercase is 0x118d7
0x118b8 lowercase is 0x118d8
0x118b9 lowercase is 0x118d9
0x118ba lowercase is 0x118da
0x118bb lowercase is 0x118db
0x118bc lowercase is 0x118dc
0x118bd lowercase is 0x118dd
0x118be lowercase is 0x118de
0x118bf lowercase is 0x118df
0x16e40 lowercase is 0x16e60
0x16e41 lowercase is 0x16e61
0x16e42 lowercase is 0x16e62
0x16e43 lowercase is 0x16e63
0x16e44 lowercase is 0x16e64
0x16e45 lowercase is 0x16e65
0x16e46 lowercase is 0x16e66
0x16e47 lowercase is 0x16e67
0x16e48 lowercase is 0x16e68
0x16e49 lowercase is 0x16e69
0x16e4a lowercase is 0x16e6a
0x16e4b lowercase is 0x16e6b
0x16e4c lowercase is 0x16e6c
0x16e4d lowercase is 0x16e6d
0x16e4e lowercase is 0x16e6e
0x16e4f lowercase is 0x16e6f
0x16e50 lowercase is 0x16e70
0x16e51 lowercase is 0x16e71
0x16e52 lowercase is 0x16e72
0x16e53 lowercase is 0x16e73
0x16e54 lowercase is 0x16e74
0x16e55 lowercase is 0x16e75
0x16e56 lowercase is 0x16e76
0x16e57 lowercase is 0x16e77
0x16e58 lowercase is 0x16e78
0x16e59 lowercase is 0x16e79
0x16e5a lowercase is 0x16e7a
0x16e5b lowercase is 0x16e7b
0x16e5c lowercase is 0x16e7c
0x16e5d lowercase is 0x16e7d
0x16e5e lowercase is 0x16e7e
0x16e5f lowercase is 0x16e7f
0x1e900 lowercase is 0x1e922
0x1e901 lowercase is 0x1e923
0x1e902 lowercase is 0x1e924
0x1e903 lowercase is 0x1e925
0x1e904 lowercase is 0x1e926
0x1e905 lowercase is 0x1e927
0x1e906 lowercase is 0x1e928
0x1e907 lowercase is 0x1e929
0x1e908 lowercase is 0x1e92a
0x1e909 lowercase is 0x1e92b
0x1e90a lowercase is 0x1e92c
0x1e90b lowercase is 0x1e92d
0x1e90c lowercase is 0x1e92e
0x1e90d lowercase is 0x1e92f
0x1e90e lowercase is 0x1e930
0x1e90f lowercase is 0x1e931
0x1e910 lowercase is 0x1e932
0x1e911 lowercase is 0x1e933
0x1e912 lowercase is 0x1e934
0x1e913 lowercase is 0x1e935
0x1e914 lowercase is 0x1e936
0x1e915 lowercase is 0x1e937
0x1e916 lowercase is 0x1e938
0x1e917 lowercase is 0x1e939
0x1e918 lowercase is 0x1e93a
0x1e919 lowercase is 0x1e93b
0x1e91a lowercase is 0x1e93c
0x1e91b lowercase is 0x1e93d
0x1e91c lowercase is 0x1e93e
0x1e91d lowercase is 0x1e93f
0x1e91e lowercase is 0x1e940
0x1e91f lowercase is 0x1e941
0x1e920 lowercase is 0x1e942
0x1e921 lowercase is 0x1e943
