0x61 uppercase is 0x41
0x62 uppercase is 0x42
0x63 uppercase is 0x43
0x64 uppercase is 0x44
0x65 uppercase is 0x45
0x66 uppercase is 0x46
0x67 uppercase is 0x47
0x68 uppercase is 0x48
0x69 uppercase is 0x49
0x6a uppercase is 0x4a
0x6b uppercase is 0x4b
0x6c uppercase is 0x4c
0x6d uppercase is 0x4d
0x6e uppercase is 0x4e
0x6f uppercase is 0x4f
0x70 uppercase is 0x50
0x71 uppercase is 0x51
0x72 uppercase is 0x52
0x73 uppercase is 0x53
0x74 uppercase is 0x54
0x75 uppercase is 0x55
0x76 uppercase is 0x56
0x77 uppercase is 0x57
0x78 uppercase is 0x58
0x79 uppercase is 0x59
0x7a uppercase is 0x5a
0xb5 uppercase is 0x39c
0xb5 - 0x39c - 0x3bc uppercase/lowercase conversion is not bidirectional
0xe0 uppercase is 0xc0
0xe1 uppercase is 0xc1
0xe2 uppercase is 0xc2
0xe3 uppercase is 0xc3
0xe4 uppercase is 0xc4
0xe5 uppercase is 0xc5
0xe6 uppercase is 0xc6
0xe7 uppercase is 0xc7
0xe8 uppercase is 0xc8
0xe9 uppercase is 0xc9
0xea uppercase is 0xca
0xeb uppercase is 0xcb
0xec uppercase is 0xcc
0xed uppercase is 0xcd
0xee uppercase is 0xce
0xef uppercase is 0xcf
0xf0 uppercase is 0xd0
0xf1 uppercase is 0xd1
0xf2 uppercase is 0xd2
0xf3 uppercase is 0xd3
0xf4 uppercase is 0xd4
0xf5 uppercase is 0xd5
0xf6 uppercase is 0xd6
0xf8 uppercase is 0xd8
0xf9 uppercase is 0xd9
0xfa uppercase is 0xda
0xfb uppercase is 0xdb
0xfc uppercase is 0xdc
0xfd uppercase is 0xdd
0xfe uppercase is 0xde
0xff uppercase is 0x178
0x101 uppercase is 0x100
0x103 uppercase is 0x102
0x105 uppercase is 0x104
0x107 uppercase is 0x106
0x109 uppercase is 0x108
0x10b uppercase is 0x10a
0x10d uppercase is 0x10c
0x10f uppercase is 0x10e
0x111 uppercase is 0x110
0x113 uppercase is 0x112
0x115 uppercase is 0x114
0x117 uppercase is 0x116
0x119 uppercase is 0x118
0x11b uppercase is 0x11a
0x11d uppercase is 0x11c
0x11f uppercase is 0x11e
0x121 uppercase is 0x120
0x123 uppercase is 0x122
0x125 uppercase is 0x124
0x127 uppercase is 0x126
0x129 uppercase is 0x128
0x12b uppercase is 0x12a
0x12d uppercase is 0x12c
0x12f uppercase is 0x12e
0x131 uppercase is 0x49
0x131 - 0x49 - 0x69 uppercase/lowercase conversion is not bidirectional
0x133 uppercase is 0x132
0x135 uppercase is 0x134
0x137 uppercase is 0x136
0x13a uppercase is 0x139
0x13c uppercase is 0x13b
0x13e uppercase is 0x13d
0x140 uppercase is 0x13f
0x142 uppercase is 0x141
0x144 uppercase is 0x143
0x146 uppercase is 0x145
0x148 uppercase is 0x147
0x14b uppercase is 0x14a
0x14d uppercase is 0x14c
0x14f uppercase is 0x14e
0x151 uppercase is 0x150
0x153 uppercase is 0x152
0x155 uppercase is 0x154
0x157 uppercase is 0x156
0x159 uppercase is 0x158
0x15b uppercase is 0x15a
0x15d uppercase is 0x15c
0x15f uppercase is 0x15e
0x161 uppercase is 0x160
0x163 uppercase is 0x162
0x165 uppercase is 0x164
0x167 uppercase is 0x166
0x169 uppercase is 0x168
0x16b uppercase is 0x16a
0x16d uppercase is 0x16c
0x16f uppercase is 0x16e
0x171 uppercase is 0x170
0x173 uppercase is 0x172
0x175 uppercase is 0x174
0x177 uppercase is 0x176
0x17a uppercase is 0x179
0x17c uppercase is 0x17b
0x17e uppercase is 0x17d
0x17f uppercase is 0x53
0x17f - 0x53 - 0x73 uppercase/lowercase conversion is not bidirectional
0x180 uppercase is 0x243
0x183 uppercase is 0x182
0x185 uppercase is 0x184
0x188 uppercase is 0x187
0x18c uppercase is 0x18b
0x192 uppercase is 0x191
0x195 uppercase is 0x1f6
0x199 uppercase is 0x198
0x19a uppercase is 0x23d
0x19e uppercase is 0x220
0x1a1 uppercase is 0x1a0
0x1a3 uppercase is 0x1a2
0x1a5 uppercase is 0x1a4
0x1a8 uppercase is 0x1a7
0x1ad uppercase is 0x1ac
0x1b0 uppercase is 0x1af
0x1b4 uppercase is 0x1b3
0x1b6 uppercase is 0x1b5
0x1b9 uppercase is 0x1b8
0x1bd uppercase is 0x1bc
0x1bf uppercase is 0x1f7
0x1c5 uppercase is 0x1c4
0x1c5 - 0x1c4 - 0x1c6 uppercase/lowercase conversion is not bidirectional
0x1c6 uppercase is 0x1c4
0x1c8 uppercase is 0x1c7
0x1c8 - 0x1c7 - 0x1c9 uppercase/lowercase conversion is not bidirectional
0x1c9 uppercase is 0x1c7
0x1cb uppercase is 0x1ca
0x1cb - 0x1ca - 0x1cc uppercase/lowercase conversion is not bidirectional
0x1cc uppercase is 0x1ca
0x1ce uppercase is 0x1cd
0x1d0 uppercase is 0x1cf
0x1d2 uppercase is 0x1d1
0x1d4 uppercase is 0x1d3
0x1d6 uppercase is 0x1d5
0x1d8 uppercase is 0x1d7
0x1da uppercase is 0x1d9
0x1dc uppercase is 0x1db
0x1dd uppercase is 0x18e
0x1df uppercase is 0x1de
0x1e1 uppercase is 0x1e0
0x1e3 uppercase is 0x1e2
0x1e5 uppercase is 0x1e4
0x1e7 uppercase is 0x1e6
0x1e9 uppercase is 0x1e8
0x1eb uppercase is 0x1ea
0x1ed uppercase is 0x1ec
0x1ef uppercase is 0x1ee
0x1f2 uppercase is 0x1f1
0x1f2 - 0x1f1 - 0x1f3 uppercase/lowercase conversion is not bidirectional
0x1f3 uppercase is 0x1f1
0x1f5 uppercase is 0x1f4
0x1f9 uppercase is 0x1f8
0x1fb uppercase is 0x1fa
0x1fd uppercase is 0x1fc
0x1ff uppercase is 0x1fe
0x201 uppercase is 0x200
0x203 uppercase is 0x202
0x205 uppercase is 0x204
0x207 uppercase is 0x206
0x209 uppercase is 0x208
0x20b uppercase is 0x20a
0x20d uppercase is 0x20c
0x20f uppercase is 0x20e
0x211 uppercase is 0x210
0x213 uppercase is 0x212
0x215 uppercase is 0x214
0x217 uppercase is 0x216
0x219 uppercase is 0x218
0x21b uppercase is 0x21a
0x21d uppercase is 0x21c
0x21f uppercase is 0x21e
0x223 uppercase is 0x222
0x225 uppercase is 0x224
0x227 uppercase is 0x226
0x229 uppercase is 0x228
0x22b uppercase is 0x22a
0x22d uppercase is 0x22c
0x22f uppercase is 0x22e
0x231 uppercase is 0x230
0x233 uppercase is 0x232
0x23c uppercase is 0x23b
0x23f uppercase is 0x2c7e
0x240 uppercase is 0x2c7f
0x242 uppercase is 0x241
0x247 uppercase is 0x246
0x249 uppercase is 0x248
0x24b uppercase is 0x24a
0x24d uppercase is 0x24c
0x24f uppercase is 0x24e
0x250 uppercase is 0x2c6f
0x251 uppercase is 0x2c6d
0x252 uppercase is 0x2c70
0x253 uppercase is 0x181
0x254 uppercase is 0x186
0x256 uppercase is 0x189
0x257 uppercase is 0x18a
0x259 uppercase is 0x18f
0x25b uppercase is 0x190
0x25c uppercase is 0xa7ab
0x260 uppercase is 0x193
0x261 uppercase is 0xa7ac
0x263 uppercase is 0x194
0x265 uppercase is 0xa78d
0x266 uppercase is 0xa7aa
0x268 uppercase is 0x197
0x269 uppercase is 0x196
0x26a uppercase is 0xa7ae
0x26b uppercase is 0x2c62
0x26c uppercase is 0xa7ad
0x26f uppercase is 0x19c
0x271 uppercase is 0x2c6e
0x272 uppercase is 0x19d
0x275 uppercase is 0x19f
0x27d uppercase is 0x2c64
0x280 uppercase is 0x1a6
0x282 uppercase is 0xa7c5
0x283 uppercase is 0x1a9
0x287 uppercase is 0xa7b1
0x288 uppercase is 0x1ae
0x289 uppercase is 0x244
0x28a uppercase is 0x1b1
0x28b uppercase is 0x1b2
0x28c uppercase is 0x245
0x292 uppercase is 0x1b7
0x29d uppercase is 0xa7b2
0x29e uppercase is 0xa7b0
0x345 uppercase is 0x399
0x345 - 0x399 - 0x3b9 uppercase/lowercase conversion is not bidirectional
0x371 uppercase is 0x370
0x373 uppercase is 0x372
0x377 uppercase is 0x376
0x37b uppercase is 0x3fd
0x37c uppercase is 0x3fe
0x37d uppercase is 0x3ff
0x3ac uppercase is 0x386
0x3ad uppercase is 0x388
0x3ae uppercase is 0x389
0x3af uppercase is 0x38a
0x3b1 uppercase is 0x391
0x3b2 uppercase is 0x392
0x3b3 uppercase is 0x393
0x3b4 uppercase is 0x394
0x3b5 uppercase is 0x395
0x3b6 uppercase is 0x396
0x3b7 uppercase is 0x397
0x3b8 uppercase is 0x398
0x3b9 uppercase is 0x399
0x3ba uppercase is 0x39a
0x3bb uppercase is 0x39b
0x3bc uppercase is 0x39c
0x3bd uppercase is 0x39d
0x3be uppercase is 0x39e
0x3bf uppercase is 0x39f
0x3c0 uppercase is 0x3a0
0x3c1 uppercase is 0x3a1
0x3c2 uppercase is 0x3a3
0x3c2 - 0x3a3 - 0x3c3 uppercase/lowercase conversion is not bidirectional
0x3c3 uppercase is 0x3a3
0x3c4 uppercase is 0x3a4
0x3c5 uppercase is 0x3a5
0x3c6 uppercase is 0x3a6
0x3c7 uppercase is 0x3a7
0x3c8 uppercase is 0x3a8
0x3c9 uppercase is 0x3a9
0x3ca uppercase is 0x3aa
0x3cb uppercase is 0x3ab
0x3cc uppercase is 0x38c
0x3cd uppercase is 0x38e
0x3ce uppercase is 0x38f
0x3d0 uppercase is 0x392
0x3d0 - 0x392 - 0x3b2 uppercase/lowercase conversion is not bidirectional
0x3d1 uppercase is 0x398
0x3d1 - 0x398 - 0x3b8 uppercase/lowercase conversion is not bidirectional
0x3d5 uppercase is 0x3a6
0x3d5 - 0x3a6 - 0x3c6 uppercase/lowercase conversion is not bidirectional
0x3d6 uppercase is 0x3a0
0x3d6 - 0x3a0 - 0x3c0 uppercase/lowercase conversion is not bidirectional
0x3d7 uppercase is 0x3cf
0x3d9 uppercase is 0x3d8
0x3db uppercase is 0x3da
0x3dd uppercase is 0x3dc
0x3df uppercase is 0x3de
0x3e1 uppercase is 0x3e0
0x3e3 uppercase is 0x3e2
0x3e5 uppercase is 0x3e4
0x3e7 uppercase is 0x3e6
0x3e9 uppercase is 0x3e8
0x3eb uppercase is 0x3ea
0x3ed uppercase is 0x3ec
0x3ef uppercase is 0x3ee
0x3f0 uppercase is 0x39a
0x3f0 - 0x39a - 0x3ba uppercase/lowercase conversion is not bidirectional
0x3f1 uppercase is 0x3a1
0x3f1 - 0x3a1 - 0x3c1 uppercase/lowercase conversion is not bidirectional
0x3f2 uppercase is 0x3f9
0x3f3 uppercase is 0x37f
0x3f5 uppercase is 0x395
0x3f5 - 0x395 - 0x3b5 uppercase/lowercase conversion is not bidirectional
0x3f8 uppercase is 0x3f7
0x3fb uppercase is 0x3fa
0x430 uppercase is 0x410
0x431 uppercase is 0x411
0x432 uppercase is 0x412
0x433 uppercase is 0x413
0x434 uppercase is 0x414
0x435 uppercase is 0x415
0x436 uppercase is 0x416
0x437 uppercase is 0x417
0x438 uppercase is 0x418
0x439 uppercase is 0x419
0x43a uppercase is 0x41a
0x43b uppercase is 0x41b
0x43c uppercase is 0x41c
0x43d uppercase is 0x41d
0x43e uppercase is 0x41e
0x43f uppercase is 0x41f
0x440 uppercase is 0x420
0x441 uppercase is 0x421
0x442 uppercase is 0x422
0x443 uppercase is 0x423
0x444 uppercase is 0x424
0x445 uppercase is 0x425
0x446 uppercase is 0x426
0x447 uppercase is 0x427
0x448 uppercase is 0x428
0x449 uppercase is 0x429
0x44a uppercase is 0x42a
0x44b uppercase is 0x42b
0x44c uppercase is 0x42c
0x44d uppercase is 0x42d
0x44e uppercase is 0x42e
0x44f uppercase is 0x42f
0x450 uppercase is 0x400
0x451 uppercase is 0x401
0x452 uppercase is 0x402
0x453 uppercase is 0x403
0x454 uppercase is 0x404
0x455 uppercase is 0x405
0x456 uppercase is 0x406
0x457 uppercase is 0x407
0x458 uppercase is 0x408
0x459 uppercase is 0x409
0x45a uppercase is 0x40a
0x45b uppercase is 0x40b
0x45c uppercase is 0x40c
0x45d uppercase is 0x40d
0x45e uppercase is 0x40e
0x45f uppercase is 0x40f
0x461 uppercase is 0x460
0x463 uppercase is 0x462
0x465 uppercase is 0x464
0x467 uppercase is 0x466
0x469 uppercase is 0x468
0x46b uppercase is 0x46a
0x46d uppercase is 0x46c
0x46f uppercase is 0x46e
0x471 uppercase is 0x470
0x473 uppercase is 0x472
0x475 uppercase is 0x474
0x477 uppercase is 0x476
0x479 uppercase is 0x478
0x47b uppercase is 0x47a
0x47d uppercase is 0x47c
0x47f uppercase is 0x47e
0x481 uppercase is 0x480
0x48b uppercase is 0x48a
0x48d uppercase is 0x48c
0x48f uppercase is 0x48e
0x491 uppercase is 0x490
0x493 uppercase is 0x492
0x495 uppercase is 0x494
0x497 uppercase is 0x496
0x499 uppercase is 0x498
0x49b uppercase is 0x49a
0x49d uppercase is 0x49c
0x49f uppercase is 0x49e
0x4a1 uppercase is 0x4a0
0x4a3 uppercase is 0x4a2
0x4a5 uppercase is 0x4a4
0x4a7 uppercase is 0x4a6
0x4a9 uppercase is 0x4a8
0x4ab uppercase is 0x4aa
0x4ad uppercase is 0x4ac
0x4af uppercase is 0x4ae
0x4b1 uppercase is 0x4b0
0x4b3 uppercase is 0x4b2
0x4b5 uppercase is 0x4b4
0x4b7 uppercase is 0x4b6
0x4b9 uppercase is 0x4b8
0x4bb uppercase is 0x4ba
0x4bd uppercase is 0x4bc
0x4bf uppercase is 0x4be
0x4c2 uppercase is 0x4c1
0x4c4 uppercase is 0x4c3
0x4c6 uppercase is 0x4c5
0x4c8 uppercase is 0x4c7
0x4ca uppercase is 0x4c9
0x4cc uppercase is 0x4cb
0x4ce uppercase is 0x4cd
0x4cf uppercase is 0x4c0
0x4d1 uppercase is 0x4d0
0x4d3 uppercase is 0x4d2
0x4d5 uppercase is 0x4d4
0x4d7 uppercase is 0x4d6
0x4d9 uppercase is 0x4d8
0x4db uppercase is 0x4da
0x4dd uppercase is 0x4dc
0x4df uppercase is 0x4de
0x4e1 uppercase is 0x4e0
0x4e3 uppercase is 0x4e2
0x4e5 uppercase is 0x4e4
0x4e7 uppercase is 0x4e6
0x4e9 uppercase is 0x4e8
0x4eb uppercase is 0x4ea
0x4ed uppercase is 0x4ec
0x4ef uppercase is 0x4ee
0x4f1 uppercase is 0x4f0
0x4f3 uppercase is 0x4f2
0x4f5 uppercase is 0x4f4
0x4f7 uppercase is 0x4f6
0x4f9 uppercase is 0x4f8
0x4fb uppercase is 0x4fa
0x4fd uppercase is 0x4fc
0x4ff uppercase is 0x4fe
0x501 uppercase is 0x500
0x503 uppercase is 0x502
0x505 uppercase is 0x504
0x507 uppercase is 0x506
0x509 uppercase is 0x508
0x50b uppercase is 0x50a
0x50d uppercase is 0x50c
0x50f uppercase is 0x50e
0x511 uppercase is 0x510
0x513 uppercase is 0x512
0x515 uppercase is 0x514
0x517 uppercase is 0x516
0x519 uppercase is 0x518
0x51b uppercase is 0x51a
0x51d uppercase is 0x51c
0x51f uppercase is 0x51e
0x521 uppercase is 0x520
0x523 uppercase is 0x522
0x525 uppercase is 0x524
0x527 uppercase is 0x526
0x529 uppercase is 0x528
0x52b uppercase is 0x52a
0x52d uppercase is 0x52c
0x52f uppercase is 0x52e
0x561 uppercase is 0x531
0x562 uppercase is 0x532
0x563 uppercase is 0x533
0x564 uppercase is 0x534
0x565 uppercase is 0x535
0x566 uppercase is 0x536
0x567 uppercase is 0x537
0x568 uppercase is 0x538
0x569 uppercase is 0x539
0x56a uppercase is 0x53a
0x56b uppercase is 0x53b
0x56c uppercase is 0x53c
0x56d uppercase is 0x53d
0x56e uppercase is 0x53e
0x56f uppercase is 0x53f
0x570 uppercase is 0x540
0x571 uppercase is 0x541
0x572 uppercase is 0x542
0x573 uppercase is 0x543
0x574 uppercase is 0x544
0x575 uppercase is 0x545
0x576 uppercase is 0x546
0x577 uppercase is 0x547
0x578 uppercase is 0x548
0x579 uppercase is 0x549
0x57a uppercase is 0x54a
0x57b uppercase is 0x54b
0x57c uppercase is 0x54c
0x57d uppercase is 0x54d
0x57e uppercase is 0x54e
0x57f uppercase is 0x54f
0x580 uppercase is 0x550
0x581 uppercase is 0x551
0x582 uppercase is 0x552
0x583 uppercase is 0x553
0x584 uppercase is 0x554
0x585 uppercase is 0x555
0x586 uppercase is 0x556
0x10d0 uppercase is 0x1c90
0x10d1 uppercase is 0x1c91
0x10d2 uppercase is 0x1c92
0x10d3 uppercase is 0x1c93
0x10d4 uppercase is 0x1c94
0x10d5 uppercase is 0x1c95
0x10d6 uppercase is 0x1c96
0x10d7 uppercase is 0x1c97
0x10d8 uppercase is 0x1c98
0x10d9 uppercase is 0x1c99
0x10da uppercase is 0x1c9a
0x10db uppercase is 0x1c9b
0x10dc uppercase is 0x1c9c
0x10dd uppercase is 0x1c9d
0x10de uppercase is 0x1c9e
0x10df uppercase is 0x1c9f
0x10e0 uppercase is 0x1ca0
0x10e1 uppercase is 0x1ca1
0x10e2 uppercase is 0x1ca2
0x10e3 uppercase is 0x1ca3
0x10e4 uppercase is 0x1ca4
0x10e5 uppercase is 0x1ca5
0x10e6 uppercase is 0x1ca6
0x10e7 uppercase is 0x1ca7
0x10e8 uppercase is 0x1ca8
0x10e9 uppercase is 0x1ca9
0x10ea uppercase is 0x1caa
0x10eb uppercase is 0x1cab
0x10ec uppercase is 0x1cac
0x10ed uppercase is 0x1cad
0x10ee uppercase is 0x1cae
0x10ef uppercase is 0x1caf
0x10f0 uppercase is 0x1cb0
0x10f1 uppercase is 0x1cb1
0x10f2 uppercase is 0x1cb2
0x10f3 uppercase is 0x1cb3
0x10f4 uppercase is 0x1cb4
0x10f5 uppercase is 0x1cb5
0x10f6 uppercase is 0x1cb6
0x10f7 uppercase is 0x1cb7
0x10f8 uppercase is 0x1cb8
0x10f9 uppercase is 0x1cb9
0x10fa uppercase is 0x1cba
0x10fd uppercase is 0x1cbd
0x10fe uppercase is 0x1cbe
0x10ff uppercase is 0x1cbf
0x13f8 uppercase is 0x13f0
0x13f9 uppercase is 0x13f1
0x13fa uppercase is 0x13f2
0x13fb uppercase is 0x13f3
0x13fc uppercase is 0x13f4
0x13fd uppercase is 0x13f5
0x1c80 uppercase is 0x412
0x1c80 - 0x412 - 0x432 uppercase/lowercase conversion is not bidirectional
0x1c81 uppercase is 0x414
0x1c81 - 0x414 - 0x434 uppercase/lowercase conversion is not bidirectional
0x1c82 uppercase is 0x41e
0x1c82 - 0x41e - 0x43e uppercase/lowercase conversion is not bidirectional
0x1c83 uppercase is 0x421
0x1c83 - 0x421 - 0x441 uppercase/lowercase conversion is not bidirectional
0x1c84 uppercase is 0x422
0x1c84 - 0x422 - 0x442 uppercase/lowercase conversion is not bidirectional
0x1c85 uppercase is 0x422
0x1c85 - 0x422 - 0x442 uppercase/lowercase conversion is not bidirectional
0x1c86 uppercase is 0x42a
0x1c86 - 0x42a - 0x44a uppercase/lowercase conversion is not bidirectional
0x1c87 uppercase is 0x462
0x1c87 - 0x462 - 0x463 uppercase/lowercase conversion is not bidirectional
0x1c88 uppercase is 0xa64a
0x1c88 - 0xa64a - 0xa64b uppercase/lowercase conversion is not bidirectional
0x1d79 uppercase is 0xa77d
0x1d7d uppercase is 0x2c63
0x1d8e uppercase is 0xa7c6
0x1e01 uppercase is 0x1e00
0x1e03 uppercase is 0x1e02
0x1e05 uppercase is 0x1e04
0x1e07 uppercase is 0x1e06
0x1e09 uppercase is 0x1e08
0x1e0b uppercase is 0x1e0a
0x1e0d uppercase is 0x1e0c
0x1e0f uppercase is 0x1e0e
0x1e11 uppercase is 0x1e10
0x1e13 uppercase is 0x1e12
0x1e15 uppercase is 0x1e14
0x1e17 uppercase is 0x1e16
0x1e19 uppercase is 0x1e18
0x1e1b uppercase is 0x1e1a
0x1e1d uppercase is 0x1e1c
0x1e1f uppercase is 0x1e1e
0x1e21 uppercase is 0x1e20
0x1e23 uppercase is 0x1e22
0x1e25 uppercase is 0x1e24
0x1e27 uppercase is 0x1e26
0x1e29 uppercase is 0x1e28
0x1e2b uppercase is 0x1e2a
0x1e2d uppercase is 0x1e2c
0x1e2f uppercase is 0x1e2e
0x1e31 uppercase is 0x1e30
0x1e33 uppercase is 0x1e32
0x1e35 uppercase is 0x1e34
0x1e37 uppercase is 0x1e36
0x1e39 uppercase is 0x1e38
0x1e3b uppercase is 0x1e3a
0x1e3d uppercase is 0x1e3c
0x1e3f uppercase is 0x1e3e
0x1e41 uppercase is 0x1e40
0x1e43 uppercase is 0x1e42
0x1e45 uppercase is 0x1e44
0x1e47 uppercase is 0x1e46
0x1e49 uppercase is 0x1e48
0x1e4b uppercase is 0x1e4a
0x1e4d uppercase is 0x1e4c
0x1e4f uppercase is 0x1e4e
0x1e51 uppercase is 0x1e50
0x1e53 uppercase is 0x1e52
0x1e55 uppercase is 0x1e54
0x1e57 uppercase is 0x1e56
0x1e59 uppercase is 0x1e58
0x1e5b uppercase is 0x1e5a
0x1e5d uppercase is 0x1e5c
0x1e5f uppercase is 0x1e5e
0x1e61 uppercase is 0x1e60
0x1e63 uppercase is 0x1e62
0x1e65 uppercase is 0x1e64
0x1e67 uppercase is 0x1e66
0x1e69 uppercase is 0x1e68
0x1e6b uppercase is 0x1e6a
0x1e6d uppercase is 0x1e6c
0x1e6f uppercase is 0x1e6e
0x1e71 uppercase is 0x1e70
0x1e73 uppercase is 0x1e72
0x1e75 uppercase is 0x1e74
0x1e77 uppercase is 0x1e76
0x1e79 uppercase is 0x1e78
0x1e7b uppercase is 0x1e7a
0x1e7d uppercase is 0x1e7c
0x1e7f uppercase is 0x1e7e
0x1e81 uppercase is 0x1e80
0x1e83 uppercase is 0x1e82
0x1e85 uppercase is 0x1e84
0x1e87 uppercase is 0x1e86
0x1e89 uppercase is 0x1e88
0x1e8b uppercase is 0x1e8a
0x1e8d uppercase is 0x1e8c
0x1e8f uppercase is 0x1e8e
0x1e91 uppercase is 0x1e90
0x1e93 uppercase is 0x1e92
0x1e95 uppercase is 0x1e94
0x1e9b uppercase is 0x1e60
0x1e9b - 0x1e60 - 0x1e61 uppercase/lowercase conversion is not bidirectional
0x1ea1 uppercase is 0x1ea0
0x1ea3 uppercase is 0x1ea2
0x1ea5 uppercase is 0x1ea4
0x1ea7 uppercase is 0x1ea6
0x1ea9 uppercase is 0x1ea8
0x1eab uppercase is 0x1eaa
0x1ead uppercase is 0x1eac
0x1eaf uppercase is 0x1eae
0x1eb1 uppercase is 0x1eb0
0x1eb3 uppercase is 0x1eb2
0x1eb5 uppercase is 0x1eb4
0x1eb7 uppercase is 0x1eb6
0x1eb9 uppercase is 0x1eb8
0x1ebb uppercase is 0x1eba
0x1ebd uppercase is 0x1ebc
0x1ebf uppercase is 0x1ebe
0x1ec1 uppercase is 0x1ec0
0x1ec3 uppercase is 0x1ec2
0x1ec5 uppercase is 0x1ec4
0x1ec7 uppercase is 0x1ec6
0x1ec9 uppercase is 0x1ec8
0x1ecb uppercase is 0x1eca
0x1ecd uppercase is 0x1ecc
0x1ecf uppercase is 0x1ece
0x1ed1 uppercase is 0x1ed0
0x1ed3 uppercase is 0x1ed2
0x1ed5 uppercase is 0x1ed4
0x1ed7 uppercase is 0x1ed6
0x1ed9 uppercase is 0x1ed8
0x1edb uppercase is 0x1eda
0x1edd uppercase is 0x1edc
0x1edf uppercase is 0x1ede
0x1ee1 uppercase is 0x1ee0
0x1ee3 uppercase is 0x1ee2
0x1ee5 uppercase is 0x1ee4
0x1ee7 uppercase is 0x1ee6
0x1ee9 uppercase is 0x1ee8
0x1eeb uppercase is 0x1eea
0x1eed uppercase is 0x1eec
0x1eef uppercase is 0x1eee
0x1ef1 uppercase is 0x1ef0
0x1ef3 uppercase is 0x1ef2
0x1ef5 uppercase is 0x1ef4
0x1ef7 uppercase is 0x1ef6
0x1ef9 uppercase is 0x1ef8
0x1efb uppercase is 0x1efa
0x1efd uppercase is 0x1efc
0x1eff uppercase is 0x1efe
0x1f00 uppercase is 0x1f08
0x1f01 uppercase is 0x1f09
0x1f02 uppercase is 0x1f0a
0x1f03 uppercase is 0x1f0b
0x1f04 uppercase is 0x1f0c
0x1f05 uppercase is 0x1f0d
0x1f06 uppercase is 0x1f0e
0x1f07 uppercase is 0x1f0f
0x1f10 uppercase is 0x1f18
0x1f11 uppercase is 0x1f19
0x1f12 uppercase is 0x1f1a
0x1f13 uppercase is 0x1f1b
0x1f14 uppercase is 0x1f1c
0x1f15 uppercase is 0x1f1d
0x1f20 uppercase is 0x1f28
0x1f21 uppercase is 0x1f29
0x1f22 uppercase is 0x1f2a
0x1f23 uppercase is 0x1f2b
0x1f24 uppercase is 0x1f2c
0x1f25 uppercase is 0x1f2d
0x1f26 uppercase is 0x1f2e
0x1f27 uppercase is 0x1f2f
0x1f30 uppercase is 0x1f38
0x1f31 uppercase is 0x1f39
0x1f32 uppercase is 0x1f3a
0x1f33 uppercase is 0x1f3b
0x1f34 uppercase is 0x1f3c
0x1f35 uppercase is 0x1f3d
0x1f36 uppercase is 0x1f3e
0x1f37 uppercase is 0x1f3f
0x1f40 uppercase is 0x1f48
0x1f41 uppercase is 0x1f49
0x1f42 uppercase is 0x1f4a
0x1f43 uppercase is 0x1f4b
0x1f44 uppercase is 0x1f4c
0x1f45 uppercase is 0x1f4d
0x1f51 uppercase is 0x1f59
0x1f53 uppercase is 0x1f5b
0x1f55 uppercase is 0x1f5d
0x1f57 uppercase is 0x1f5f
0x1f60 uppercase is 0x1f68
0x1f61 uppercase is 0x1f69
0x1f62 uppercase is 0x1f6a
0x1f63 uppercase is 0x1f6b
0x1f64 uppercase is 0x1f6c
0x1f65 uppercase is 0x1f6d
0x1f66 uppercase is 0x1f6e
0x1f67 uppercase is 0x1f6f
0x1f70 uppercase is 0x1fba
0x1f71 uppercase is 0x1fbb
0x1f72 uppercase is 0x1fc8
0x1f73 uppercase is 0x1fc9
0x1f74 uppercase is 0x1fca
0x1f75 uppercase is 0x1fcb
0x1f76 uppercase is 0x1fda
0x1f77 uppercase is 0x1fdb
0x1f78 uppercase is 0x1ff8
0x1f79 uppercase is 0x1ff9
0x1f7a uppercase is 0x1fea
0x1f7b uppercase is 0x1feb
0x1f7c uppercase is 0x1ffa
0x1f7d uppercase is 0x1ffb
0x1f80 uppercase is 0x1f88
0x1f81 uppercase is 0x1f89
0x1f82 uppercase is 0x1f8a
0x1f83 uppercase is 0x1f8b
0x1f84 uppercase is 0x1f8c
0x1f85 uppercase is 0x1f8d
0x1f86 uppercase is 0x1f8e
0x1f87 uppercase is 0x1f8f
0x1f90 uppercase is 0x1f98
0x1f91 uppercase is 0x1f99
0x1f92 uppercase is 0x1f9a
0x1f93 uppercase is 0x1f9b
0x1f94 uppercase is 0x1f9c
0x1f95 uppercase is 0x1f9d
0x1f96 uppercase is 0x1f9e
0x1f97 uppercase is 0x1f9f
0x1fa0 uppercase is 0x1fa8
0x1fa1 uppercase is 0x1fa9
0x1fa2 uppercase is 0x1faa
0x1fa3 uppercase is 0x1fab
0x1fa4 uppercase is 0x1fac
0x1fa5 uppercase is 0x1fad
0x1fa6 uppercase is 0x1fae
0x1fa7 uppercase is 0x1faf
0x1fb0 uppercase is 0x1fb8
0x1fb1 uppercase is 0x1fb9
0x1fb3 uppercase is 0x1fbc
0x1fbe uppercase is 0x399
0x1fbe - 0x399 - 0x3b9 uppercase/lowercase conversion is not bidirectional
0x1fc3 uppercase is 0x1fcc
0x1fd0 uppercase is 0x1fd8
0x1fd1 uppercase is 0x1fd9
0x1fe0 uppercase is 0x1fe8
0x1fe1 uppercase is 0x1fe9
0x1fe5 uppercase is 0x1fec
0x1ff3 uppercase is 0x1ffc
0x214e uppercase is 0x2132
0x2170 uppercase is 0x2160
0x2171 uppercase is 0x2161
0x2172 uppercase is 0x2162
0x2173 uppercase is 0x2163
0x2174 uppercase is 0x2164
0x2175 uppercase is 0x2165
0x2176 uppercase is 0x2166
0x2177 uppercase is 0x2167
0x2178 uppercase is 0x2168
0x2179 uppercase is 0x2169
0x217a uppercase is 0x216a
0x217b uppercase is 0x216b
0x217c uppercase is 0x216c
0x217d uppercase is 0x216d
0x217e uppercase is 0x216e
0x217f uppercase is 0x216f
0x2184 uppercase is 0x2183
0x24d0 uppercase is 0x24b6
0x24d1 uppercase is 0x24b7
0x24d2 uppercase is 0x24b8
0x24d3 uppercase is 0x24b9
0x24d4 uppercase is 0x24ba
0x24d5 uppercase is 0x24bb
0x24d6 uppercase is 0x24bc
0x24d7 uppercase is 0x24bd
0x24d8 uppercase is 0x24be
0x24d9 uppercase is 0x24bf
0x24da uppercase is 0x24c0
0x24db uppercase is 0x24c1
0x24dc uppercase is 0x24c2
0x24dd uppercase is 0x24c3
0x24de uppercase is 0x24c4
0x24df uppercase is 0x24c5
0x24e0 uppercase is 0x24c6
0x24e1 uppercase is 0x24c7
0x24e2 uppercase is 0x24c8
0x24e3 uppercase is 0x24c9
0x24e4 uppercase is 0x24ca
0x24e5 uppercase is 0x24cb
0x24e6 uppercase is 0x24cc
0x24e7 uppercase is 0x24cd
0x24e8 uppercase is 0x24ce
0x24e9 uppercase is 0x24cf
0x2c30 uppercase is 0x2c00
0x2c31 uppercase is 0x2c01
0x2c32 uppercase is 0x2c02
0x2c33 uppercase is 0x2c03
0x2c34 uppercase is 0x2c04
0x2c35 uppercase is 0x2c05
0x2c36 uppercase is 0x2c06
0x2c37 uppercase is 0x2c07
0x2c38 uppercase is 0x2c08
0x2c39 uppercase is 0x2c09
0x2c3a uppercase is 0x2c0a
0x2c3b uppercase is 0x2c0b
0x2c3c uppercase is 0x2c0c
0x2c3d uppercase is 0x2c0d
0x2c3e uppercase is 0x2c0e
0x2c3f uppercase is 0x2c0f
0x2c40 uppercase is 0x2c10
0x2c41 uppercase is 0x2c11
0x2c42 uppercase is 0x2c12
0x2c43 uppercase is 0x2c13
0x2c44 uppercase is 0x2c14
0x2c45 uppercase is 0x2c15
0x2c46 uppercase is 0x2c16
0x2c47 uppercase is 0x2c17
0x2c48 uppercase is 0x2c18
0x2c49 uppercase is 0x2c19
0x2c4a uppercase is 0x2c1a
0x2c4b uppercase is 0x2c1b
0x2c4c uppercase is 0x2c1c
0x2c4d uppercase is 0x2c1d
0x2c4e uppercase is 0x2c1e
0x2c4f uppercase is 0x2c1f
0x2c50 uppercase is 0x2c20
0x2c51 uppercase is 0x2c21
0x2c52 uppercase is 0x2c22
0x2c53 uppercase is 0x2c23
0x2c54 uppercase is 0x2c24
0x2c55 uppercase is 0x2c25
0x2c56 uppercase is 0x2c26
0x2c57 uppercase is 0x2c27
0x2c58 uppercase is 0x2c28
0x2c59 uppercase is 0x2c29
0x2c5a uppercase is 0x2c2a
0x2c5b uppercase is 0x2c2b
0x2c5c uppercase is 0x2c2c
0x2c5d uppercase is 0x2c2d
0x2c5e uppercase is 0x2c2e
0x2c61 uppercase is 0x2c60
0x2c65 uppercase is 0x23a
0x2c66 uppercase is 0x23e
0x2c68 uppercase is 0x2c67
0x2c6a uppercase is 0x2c69
0x2c6c uppercase is 0x2c6b
0x2c73 uppercase is 0x2c72
0x2c76 uppercase is 0x2c75
0x2c81 uppercase is 0x2c80
0x2c83 uppercase is 0x2c82
0x2c85 uppercase is 0x2c84
0x2c87 uppercase is 0x2c86
0x2c89 uppercase is 0x2c88
0x2c8b uppercase is 0x2c8a
0x2c8d uppercase is 0x2c8c
0x2c8f uppercase is 0x2c8e
0x2c91 uppercase is 0x2c90
0x2c93 uppercase is 0x2c92
0x2c95 uppercase is 0x2c94
0x2c97 uppercase is 0x2c96
0x2c99 uppercase is 0x2c98
0x2c9b uppercase is 0x2c9a
0x2c9d uppercase is 0x2c9c
0x2c9f uppercase is 0x2c9e
0x2ca1 uppercase is 0x2ca0
0x2ca3 uppercase is 0x2ca2
0x2ca5 uppercase is 0x2ca4
0x2ca7 uppercase is 0x2ca6
0x2ca9 uppercase is 0x2ca8
0x2cab uppercase is 0x2caa
0x2cad uppercase is 0x2cac
0x2caf uppercase is 0x2cae
0x2cb1 uppercase is 0x2cb0
0x2cb3 uppercase is 0x2cb2
0x2cb5 uppercase is 0x2cb4
0x2cb7 uppercase is 0x2cb6
0x2cb9 uppercase is 0x2cb8
0x2cbb uppercase is 0x2cba
0x2cbd uppercase is 0x2cbc
0x2cbf uppercase is 0x2cbe
0x2cc1 uppercase is 0x2cc0
0x2cc3 uppercase is 0x2cc2
0x2cc5 uppercase is 0x2cc4
0x2cc7 uppercase is 0x2cc6
0x2cc9 uppercase is 0x2cc8
0x2ccb uppercase is 0x2cca
0x2ccd uppercase is 0x2ccc
0x2ccf uppercase is 0x2cce
0x2cd1 uppercase is 0x2cd0
0x2cd3 uppercase is 0x2cd2
0x2cd5 uppercase is 0x2cd4
0x2cd7 uppercase is 0x2cd6
0x2cd9 uppercase is 0x2cd8
0x2cdb uppercase is 0x2cda
0x2cdd uppercase is 0x2cdc
0x2cdf uppercase is 0x2cde
0x2ce1 uppercase is 0x2ce0
0x2ce3 uppercase is 0x2ce2
0x2cec uppercase is 0x2ceb
0x2cee uppercase is 0x2ced
0x2cf3 uppercase is 0x2cf2
0x2d00 uppercase is 0x10a0
0x2d01 uppercase is 0x10a1
0x2d02 uppercase is 0x10a2
0x2d03 uppercase is 0x10a3
0x2d04 uppercase is 0x10a4
0x2d05 uppercase is 0x10a5
0x2d06 uppercase is 0x10a6
0x2d07 uppercase is 0x10a7
0x2d08 uppercase is 0x10a8
0x2d09 uppercase is 0x10a9
0x2d0a uppercase is 0x10aa
0x2d0b uppercase is 0x10ab
0x2d0c uppercase is 0x10ac
0x2d0d uppercase is 0x10ad
0x2d0e uppercase is 0x10ae
0x2d0f uppercase is 0x10af
0x2d10 uppercase is 0x10b0
0x2d11 uppercase is 0x10b1
0x2d12 uppercase is 0x10b2
0x2d13 uppercase is 0x10b3
0x2d14 uppercase is 0x10b4
0x2d15 uppercase is 0x10b5
0x2d16 uppercase is 0x10b6
0x2d17 uppercase is 0x10b7
0x2d18 uppercase is 0x10b8
0x2d19 uppercase is 0x10b9
0x2d1a uppercase is 0x10ba
0x2d1b uppercase is 0x10bb
0x2d1c uppercase is 0x10bc
0x2d1d uppercase is 0x10bd
0x2d1e uppercase is 0x10be
0x2d1f uppercase is 0x10bf
0x2d20 uppercase is 0x10c0
0x2d21 uppercase is 0x10c1
0x2d22 uppercase is 0x10c2
0x2d23 uppercase is 0x10c3
0x2d24 uppercase is 0x10c4
0x2d25 uppercase is 0x10c5
0x2d27 uppercase is 0x10c7
0x2d2d uppercase is 0x10cd
0xa641 uppercase is 0xa640
0xa643 uppercase is 0xa642
0xa645 uppercase is 0xa644
0xa647 uppercase is 0xa646
0xa649 uppercase is 0xa648
0xa64b uppercase is 0xa64a
0xa64d uppercase is 0xa64c
0xa64f uppercase is 0xa64e
0xa651 uppercase is 0xa650
0xa653 uppercase is 0xa652
0xa655 uppercase is 0xa654
0xa657 uppercase is 0xa656
0xa659 uppercase is 0xa658
0xa65b uppercase is 0xa65a
0xa65d uppercase is 0xa65c
0xa65f uppercase is 0xa65e
0xa661 uppercase is 0xa660
0xa663 uppercase is 0xa662
0xa665 uppercase is 0xa664
0xa667 uppercase is 0xa666
0xa669 uppercase is 0xa668
0xa66b uppercase is 0xa66a
0xa66d uppercase is 0xa66c
0xa681 uppercase is 0xa680
0xa683 uppercase is 0xa682
0xa685 uppercase is 0xa684
0xa687 uppercase is 0xa686
0xa689 uppercase is 0xa688
0xa68b uppercase is 0xa68a
0xa68d uppercase is 0xa68c
0xa68f uppercase is 0xa68e
0xa691 uppercase is 0xa690
0xa693 uppercase is 0xa692
0xa695 uppercase is 0xa694
0xa697 uppercase is 0xa696
0xa699 uppercase is 0xa698
0xa69b uppercase is 0xa69a
0xa723 uppercase is 0xa722
0xa725 uppercase is 0xa724
0xa727 uppercase is 0xa726
0xa729 uppercase is 0xa728
0xa72b uppercase is 0xa72a
0xa72d uppercase is 0xa72c
0xa72f uppercase is 0xa72e
0xa733 uppercase is 0xa732
0xa735 uppercase is 0xa734
0xa737 uppercase is 0xa736
0xa739 uppercase is 0xa738
0xa73b uppercase is 0xa73a
0xa73d uppercase is 0xa73c
0xa73f uppercase is 0xa73e
0xa741 uppercase is 0xa740
0xa743 uppercase is 0xa742
0xa745 uppercase is 0xa744
0xa747 uppercase is 0xa746
0xa749 uppercase is 0xa748
0xa74b uppercase is 0xa74a
0xa74d uppercase is 0xa74c
0xa74f uppercase is 0xa74e
0xa751 uppercase is 0xa750
0xa753 uppercase is 0xa752
0xa755 uppercase is 0xa754
0xa757 uppercase is 0xa756
0xa759 uppercase is 0xa758
0xa75b uppercase is 0xa75a
0xa75d uppercase is 0xa75c
0xa75f uppercase is 0xa75e
0xa761 uppercase is 0xa760
0xa763 uppercase is 0xa762
0xa765 uppercase is 0xa764
0xa767 uppercase is 0xa766
0xa769 uppercase is 0xa768
0xa76b uppercase is 0xa76a
0xa76d uppercase is 0xa76c
0xa76f uppercase is 0xa76e
0xa77a uppercase is 0xa779
0xa77c uppercase is 0xa77b
0xa77f uppercase is 0xa77e
0xa781 uppercase is 0xa780
0xa783 uppercase is 0xa782
0xa785 uppercase is 0xa784
0xa787 uppercase is 0xa786
0xa78c uppercase is 0xa78b
0xa791 uppercase is 0xa790
0xa793 uppercase is 0xa792
0xa794 uppercase is 0xa7c4
0xa797 uppercase is 0xa796
0xa799 uppercase is 0xa798
0xa79b uppercase is 0xa79a
0xa79d uppercase is 0xa79c
0xa79f uppercase is 0xa79e
0xa7a1 uppercase is 0xa7a0
0xa7a3 uppercase is 0xa7a2
0xa7a5 uppercase is 0xa7a4
0xa7a7 uppercase is 0xa7a6
0xa7a9 uppercase is 0xa7a8
0xa7b5 uppercase is 0xa7b4
0xa7b7 uppercase is 0xa7b6
0xa7b9 uppercase is 0xa7b8
0xa7bb uppercase is 0xa7ba
0xa7bd uppercase is 0xa7bc
0xa7bf uppercase is 0xa7be
0xa7c3 uppercase is 0xa7c2
0xab53 uppercase is 0xa7b3
0xab70 uppercase is 0x13a0
0xab71 uppercase is 0x13a1
0xab72 uppercase is 0x13a2
0xab73 uppercase is 0x13a3
0xab74 uppercase is 0x13a4
0xab75 uppercase is 0x13a5
0xab76 uppercase is 0x13a6
0xab77 uppercase is 0x13a7
0xab78 uppercase is 0x13a8
0xab79 uppercase is 0x13a9
0xab7a uppercase is 0x13aa
0xab7b uppercase is 0x13ab
0xab7c uppercase is 0x13ac
0xab7d uppercase is 0x13ad
0xab7e uppercase is 0x13ae
0xab7f uppercase is 0x13af
0xab80 uppercase is 0x13b0
0xab81 uppercase is 0x13b1
0xab82 uppercase is 0x13b2
0xab83 uppercase is 0x13b3
0xab84 uppercase is 0x13b4
0xab85 uppercase is 0x13b5
0xab86 uppercase is 0x13b6
0xab87 uppercase is 0x13b7
0xab88 uppercase is 0x13b8
0xab89 uppercase is 0x13b9
0xab8a uppercase is 0x13ba
0xab8b uppercase is 0x13bb
0xab8c uppercase is 0x13bc
0xab8d uppercase is 0x13bd
0xab8e uppercase is 0x13be
0xab8f uppercase is 0x13bf
0xab90 uppercase is 0x13c0
0xab91 uppercase is 0x13c1
0xab92 uppercase is 0x13c2
0xab93 uppercase is 0x13c3
0xab94 uppercase is 0x13c4
0xab95 uppercase is 0x13c5
0xab96 uppercase is 0x13c6
0xab97 uppercase is 0x13c7
0xab98 uppercase is 0x13c8
0xab99 uppercase is 0x13c9
0xab9a uppercase is 0x13ca
0xab9b uppercase is 0x13cb
0xab9c uppercase is 0x13cc
0xab9d uppercase is 0x13cd
0xab9e uppercase is 0x13ce
0xab9f uppercase is 0x13cf
0xaba0 uppercase is 0x13d0
0xaba1 uppercase is 0x13d1
0xaba2 uppercase is 0x13d2
0xaba3 uppercase is 0x13d3
0xaba4 uppercase is 0x13d4
0xaba5 uppercase is 0x13d5
0xaba6 uppercase is 0x13d6
0xaba7 uppercase is 0x13d7
0xaba8 uppercase is 0x13d8
0xaba9 uppercase is 0x13d9
0xabaa uppercase is 0x13da
0xabab uppercase is 0x13db
0xabac uppercase is 0x13dc
0xabad uppercase is 0x13dd
0xabae uppercase is 0x13de
0xabaf uppercase is 0x13df
0xabb0 uppercase is 0x13e0
0xabb1 uppercase is 0x13e1
0xabb2 uppercase is 0x13e2
0xabb3 uppercase is 0x13e3
0xabb4 uppercase is 0x13e4
0xabb5 uppercase is 0x13e5
0xabb6 uppercase is 0x13e6
0xabb7 uppercase is 0x13e7
0xabb8 uppercase is 0x13e8
0xabb9 uppercase is 0x13e9
0xabba uppercase is 0x13ea
0xabbb uppercase is 0x13eb
0xabbc uppercase is 0x13ec
0xabbd uppercase is 0x13ed
0xabbe uppercase is 0x13ee
0xabbf uppercase is 0x13ef
0xff41 uppercase is 0xff21
0xff42 uppercase is 0xff22
0xff43 uppercase is 0xff23
0xff44 uppercase is 0xff24
0xff45 uppercase is 0xff25
0xff46 uppercase is 0xff26
0xff47 uppercase is 0xff27
0xff48 uppercase is 0xff28
0xff49 uppercase is 0xff29
0xff4a uppercase is 0xff2a
0xff4b uppercase is 0xff2b
0xff4c uppercase is 0xff2c
0xff4d uppercase is 0xff2d
0xff4e uppercase is 0xff2e
0xff4f uppercase is 0xff2f
0xff50 uppercase is 0xff30
0xff51 uppercase is 0xff31
0xff52 uppercase is 0xff32
0xff53 uppercase is 0xff33
0xff54 uppercase is 0xff34
0xff55 uppercase is 0xff35
0xff56 uppercase is 0xff36
0xff57 uppercase is 0xff37
0xff58 uppercase is 0xff38
0xff59 uppercase is 0xff39
0xff5a uppercase is 0xff3a
0x10428 uppercase is 0x10400
0x10429 uppercase is 0x10401
0x1042a uppercase is 0x10402
0x1042b uppercase is 0x10403
0x1042c uppercase is 0x10404
0x1042d uppercase is 0x10405
0x1042e uppercase is 0x10406
0x1042f uppercase is 0x10407
0x10430 uppercase is 0x10408
0x10431 uppercase is 0x10409
0x10432 uppercase is 0x1040a
0x10433 uppercase is 0x1040b
0x10434 uppercase is 0x1040c
0x10435 uppercase is 0x1040d
0x10436 uppercase is 0x1040e
0x10437 uppercase is 0x1040f
0x10438 uppercase is 0x10410
0x10439 uppercase is 0x10411
0x1043a uppercase is 0x10412
0x1043b uppercase is 0x10413
0x1043c uppercase is 0x10414
0x1043d uppercase is 0x10415
0x1043e uppercase is 0x10416
0x1043f uppercase is 0x10417
0x10440 uppercase is 0x10418
0x10441 uppercase is 0x10419
0x10442 uppercase is 0x1041a
0x10443 uppercase is 0x1041b
0x10444 uppercase is 0x1041c
0x10445 uppercase is 0x1041d
0x10446 uppercase is 0x1041e
0x10447 uppercase is 0x1041f
0x10448 uppercase is 0x10420
0x10449 uppercase is 0x10421
0x1044a uppercase is 0x10422
0x1044b uppercase is 0x10423
0x1044c uppercase is 0x10424
0x1044d uppercase is 0x10425
0x1044e uppercase is 0x10426
0x1044f uppercase is 0x10427
0x104d8 uppercase is 0x104b0
0x104d9 uppercase is 0x104b1
0x104da uppercase is 0x104b2
0x104db uppercase is 0x104b3
0x104dc uppercase is 0x104b4
0x104dd uppercase is 0x104b5
0x104de uppercase is 0x104b6
0x104df uppercase is 0x104b7
0x104e0 uppercase is 0x104b8
0x104e1 uppercase is 0x104b9
0x104e2 uppercase is 0x104ba
0x104e3 uppercase is 0x104bb
0x104e4 uppercase is 0x104bc
0x104e5 uppercase is 0x104bd
0x104e6 uppercase is 0x104be
0x104e7 uppercase is 0x104bf
0x104e8 uppercase is 0x104c0
0x104e9 uppercase is 0x104c1
0x104ea uppercase is 0x104c2
0x104eb uppercase is 0x104c3
0x104ec uppercase is 0x104c4
0x104ed uppercase is 0x104c5
0x104ee uppercase is 0x104c6
0x104ef uppercase is 0x104c7
0x104f0 uppercase is 0x104c8
0x104f1 uppercase is 0x104c9
0x104f2 uppercase is 0x104ca
0x104f3 uppercase is 0x104cb
0x104f4 uppercase is 0x104cc
0x104f5 uppercase is 0x104cd
0x104f6 uppercase is 0x104ce
0x104f7 uppercase is 0x104cf
0x104f8 uppercase is 0x104d0
0x104f9 uppercase is 0x104d1
0x104fa uppercase is 0x104d2
0x104fb uppercase is 0x104d3
0x10cc0 uppercase is 0x10c80
0x10cc1 uppercase is 0x10c81
0x10cc2 uppercase is 0x10c82
0x10cc3 uppercase is 0x10c83
0x10cc4 uppercase is 0x10c84
0x10cc5 uppercase is 0x10c85
0x10cc6 uppercase is 0x10c86
0x10cc7 uppercase is 0x10c87
0x10cc8 uppercase is 0x10c88
0x10cc9 uppercase is 0x10c89
0x10cca uppercase is 0x10c8a
0x10ccb uppercase is 0x10c8b
0x10ccc uppercase is 0x10c8c
0x10ccd uppercase is 0x10c8d
0x10cce uppercase is 0x10c8e
0x10ccf uppercase is 0x10c8f
0x10cd0 uppercase is 0x10c90
0x10cd1 uppercase is 0x10c91
0x10cd2 uppercase is 0x10c92
0x10cd3 uppercase is 0x10c93
0x10cd4 uppercase is 0x10c94
0x10cd5 uppercase is 0x10c95
0x10cd6 uppercase is 0x10c96
0x10cd7 uppercase is 0x10c97
0x10cd8 uppercase is 0x10c98
0x10cd9 uppercase is 0x10c99
0x10cda uppercase is 0x10c9a
0x10cdb uppercase is 0x10c9b
0x10cdc uppercase is 0x10c9c
0x10cdd uppercase is 0x10c9d
0x10cde uppercase is 0x10c9e
0x10cdf uppercase is 0x10c9f
0x10ce0 uppercase is 0x10ca0
0x10ce1 uppercase is 0x10ca1
0x10ce2 uppercase is 0x10ca2
0x10ce3 uppercase is 0x10ca3
0x10ce4 uppercase is 0x10ca4
0x10ce5 uppercase is 0x10ca5
0x10ce6 uppercase is 0x10ca6
0x10ce7 uppercase is 0x10ca7
0x10ce8 uppercase is 0x10ca8
0x10ce9 uppercase is 0x10ca9
0x10cea uppercase is 0x10caa
0x10ceb uppercase is 0x10cab
0x10cec uppercase is 0x10cac
0x10ced uppercase is 0x10cad
0x10cee uppercase is 0x10cae
0x10cef uppercase is 0x10caf
0x10cf0 uppercase is 0x10cb0
0x10cf1 uppercase is 0x10cb1
0x10cf2 uppercase is 0x10cb2
0x118c0 uppercase is 0x118a0
0x118c1 uppercase is 0x118a1
0x118c2 uppercase is 0x118a2
0x118c3 uppercase is 0x118a3
0x118c4 uppercase is 0x118a4
0x118c5 uppercase is 0x118a5
0x118c6 uppercase is 0x118a6
0x118c7 uppercase is 0x118a7
0x118c8 uppercase is 0x118a8
0x118c9 uppercase is 0x118a9
0x118ca uppercase is 0x118aa
0x118cb uppercase is 0x118ab
0x118cc uppercase is 0x118ac
0x118cd uppercase is 0x118ad
0x118ce uppercase is 0x118ae
0x118cf uppercase is 0x118af
0x118d0 uppercase is 0x118b0
0x118d1 uppercase is 0x118b1
0x118d2 uppercase is 0x118b2
0x118d3 uppercase is 0x118b3
0x118d4 uppercase is 0x118b4
0x118d5 uppercase is 0x118b5
0x118d6 uppercase is 0x118b6
0x118d7 uppercase is 0x118b7
0x118d8 uppercase is 0x118b8
0x118d9 uppercase is 0x118b9
0x118da uppercase is 0x118ba
0x118db uppercase is 0x118bb
0x118dc uppercase is 0x118bc
0x118dd uppercase is 0x118bd
0x118de uppercase is 0x118be
0x118df uppercase is 0x118bf
0x16e60 uppercase is 0x16e40
0x16e61 uppercase is 0x16e41
0x16e62 uppercase is 0x16e42
0x16e63 uppercase is 0x16e43
0x16e64 uppercase is 0x16e44
0x16e65 uppercase is 0x16e45
0x16e66 uppercase is 0x16e46
0x16e67 uppercase is 0x16e47
0x16e68 uppercase is 0x16e48
0x16e69 uppercase is 0x16e49
0x16e6a uppercase is 0x16e4a
0x16e6b uppercase is 0x16e4b
0x16e6c uppercase is 0x16e4c
0x16e6d uppercase is 0x16e4d
0x16e6e uppercase is 0x16e4e
0x16e6f uppercase is 0x16e4f
0x16e70 uppercase is 0x16e50
0x16e71 uppercase is 0x16e51
0x16e72 uppercase is 0x16e52
0x16e73 uppercase is 0x16e53
0x16e74 uppercase is 0x16e54
0x16e75 uppercase is 0x16e55
0x16e76 uppercase is 0x16e56
0x16e77 uppercase is 0x16e57
0x16e78 uppercase is 0x16e58
0x16e79 uppercase is 0x16e59
0x16e7a uppercase is 0x16e5a
0x16e7b uppercase is 0x16e5b
0x16e7c uppercase is 0x16e5c
0x16e7d uppercase is 0x16e5d
0x16e7e uppercase is 0x16e5e
0x16e7f uppercase is 0x16e5f
0x1e922 uppercase is 0x1e900
0x1e923 uppercase is 0x1e901
0x1e924 uppercase is 0x1e902
0x1e925 uppercase is 0x1e903
0x1e926 uppercase is 0x1e904
0x1e927 uppercase is 0x1e905
0x1e928 uppercase is 0x1e906
0x1e929 uppercase is 0x1e907
0x1e92a uppercase is 0x1e908
0x1e92b uppercase is 0x1e909
0x1e92c uppercase is 0x1e90a
0x1e92d uppercase is 0x1e90b
0x1e92e uppercase is 0x1e90c
0x1e92f uppercase is 0x1e90d
0x1e930 uppercase is 0x1e90e
0x1e931 uppercase is 0x1e90f
0x1e932 uppercase is 0x1e910
0x1e933 uppercase is 0x1e911
0x1e934 uppercase is 0x1e912
0x1e935 uppercase is 0x1e913
0x1e936 uppercase is 0x1e914
0x1e937 uppercase is 0x1e915
0x1e938 uppercase is 0x1e916
0x1e939 uppercase is 0x1e917
0x1e93a uppercase is 0x1e918
0x1e93b uppercase is 0x1e919
0x1e93c uppercase is 0x1e91a
0x1e93d uppercase is 0x1e91b
0x1e93e uppercase is 0x1e91c
0x1e93f uppercase is 0x1e91d
0x1e940 uppercase is 0x1e91e
0x1e941 uppercase is 0x1e91f
0x1e942 uppercase is 0x1e920
0x1e943 uppercase is 0x1e921
