alphanumeric zero is not member
capitalized zero is not member
control zero is not member
decimaldigit zero is not member
decomposable zero is not member
legalcharacter zero is not member
letter zero is not member
lowercase zero is not member
newline zero is not member
nonbase zero is not member
noncharacter zero is not member
nonpercentescape zero is not member
privatecharacter zero is not member
punctuation zero is not member
symbol zero is not member
uppercase zero is not member
validurlfragment zero is not member
validurlhost zero is not member
validurlpassword zero is not member
validurlpath zero is not member
validurlquery zero is not member
validurlscheme zero is not member
validurluser zero is not member
whitespace zero is not member
whitespaceornewline zero is not member
